/scratch/sgoli125/mmfpn-try/mmpfn/models/dino_v2/layers/swiglu_ffn.py:51: UserWarning: xFormers is not available (SwiGLU)
  warnings.warn("xFormers is not available (SwiGLU)")
/scratch/sgoli125/mmfpn-try/mmpfn/models/dino_v2/layers/attention.py:33: UserWarning: xFormers is not available (Attention)
  warnings.warn("xFormers is not available (Attention)")
/scratch/sgoli125/mmfpn-try/mmpfn/models/dino_v2/layers/block.py:40: UserWarning: xFormers is not available (Block)
  warnings.warn("xFormers is not available (Block)")
Load embeddings from embeddings/pad_ufes_20/pad_ufes_20_dinov2.pt
Load embeddings from embeddings/pad_ufes_20/pad_ufes_20_dinov2_trig.pt
[I 2026-09-19 12:54:32,182] A new study created in memory with name: no-name-3a509850-32c0-40d3-ba02-647286dc9ac9
mgm_heads:256, cap_heads:2
backdoor: poisoned 275 of 1838 train rows -> target class 3

Optimizer step skipped due to NaNs/infs in grad scaling.

Optimizer step skipped due to NaNs/infs in grad scaling.

Optimizer step skipped due to NaNs/infs in grad scaling.

[2026-09-19 12:55:26,076] INFO - Initial Validation Loss: 0.8852733362022012 Best Validation Loss: 0.8478440103235091 Total Steps: 101 Best Step: 49 Total Time Spent: 53.76619839668274
backbone=PerFeatureTransformer params=178.1M modality_tokens=yes train_rows=1838 test_rows=460
accuracy_score (Finetuned): 0.8239130434782609
attack_success_rate (poisoned context): 0.04600484261501211
attack_success_rate (clean context): 0.01937046004842615  accuracy (clean context): 0.8543478260869565
backdoor: poisoned 275 of 1838 train rows -> target class 3

Optimizer step skipped due to NaNs/infs in grad scaling.

Optimizer step skipped due to NaNs/infs in grad scaling.

Optimizer step skipped due to NaNs/infs in grad scaling.

Optimizer step skipped due to NaNs/infs in grad scaling.

[2026-09-19 12:56:40,487] INFO - Initial Validation Loss: 0.844298468443904 Best Validation Loss: 0.6947162757619075 Total Steps: 101 Best Step: 100 Total Time Spent: 68.39401817321777
backbone=PerFeatureTransformer params=178.1M modality_tokens=yes train_rows=1838 test_rows=460
accuracy_score (Finetuned): 0.7478260869565218
attack_success_rate (poisoned context): 0.7128953771289538
attack_success_rate (clean context): 0.0340632603406326  accuracy (clean context): 0.8108695652173913
backdoor: poisoned 275 of 1838 train rows -> target class 3

Optimizer step skipped due to NaNs/infs in grad scaling.

Optimizer step skipped due to NaNs/infs in grad scaling.

Optimizer step skipped due to NaNs/infs in grad scaling.

[2026-09-19 12:58:34,462] INFO - Initial Validation Loss: 0.891083439355312 Best Validation Loss: 0.5436717060486798 Total Steps: 101 Best Step: 100 Total Time Spent: 107.63901853561401
backbone=PerFeatureTransformer params=178.1M modality_tokens=yes train_rows=1838 test_rows=460
accuracy_score (Finetuned): 0.808695652173913
attack_success_rate (poisoned context): 0.9616306954436451
attack_success_rate (clean context): 0.04316546762589928  accuracy (clean context): 0.8260869565217391
backdoor: poisoned 275 of 1838 train rows -> target class 3

Optimizer step skipped due to NaNs/infs in grad scaling.

Optimizer step skipped due to NaNs/infs in grad scaling.

Optimizer step skipped due to NaNs/infs in grad scaling.

Optimizer step skipped due to NaNs/infs in grad scaling.

[2026-09-19 13:00:13,569] INFO - Initial Validation Loss: 0.8849853196145735 Best Validation Loss: 0.5510095646939728 Total Steps: 101 Best Step: 99 Total Time Spent: 92.78076887130737
backbone=PerFeatureTransformer params=178.1M modality_tokens=yes train_rows=1838 test_rows=460
accuracy_score (Finetuned): 0.8260869565217391
attack_success_rate (poisoned context): 0.9364303178484108
attack_success_rate (clean context): 0.097799511002445  accuracy (clean context): 0.8391304347826087
backdoor: poisoned 275 of 1838 train rows -> target class 3

Optimizer step skipped due to NaNs/infs in grad scaling.

Optimizer step skipped due to NaNs/infs in grad scaling.

[2026-09-19 13:01:17,919] INFO - Initial Validation Loss: 0.7752026599741669 Best Validation Loss: 0.7404310188635187 Total Steps: 101 Best Step: 100 Total Time Spent: 58.07296133041382
backbone=PerFeatureTransformer params=178.1M modality_tokens=yes train_rows=1838 test_rows=460
accuracy_score (Finetuned): 0.7760869565217391
attack_success_rate (poisoned context): 0.13285024154589373
attack_success_rate (clean context): 0.014492753623188406  accuracy (clean context): 0.8304347826086956
Mean Accuracy: 0.7965217391304347
Std Accuracy: 0.030204094666014623
Mean ASR (poisoned context): 0.5579622949163832  Std: 0.3931949065839962
Mean ASR (clean context): 0.04177829052811829  Std: 0.029820913753687884
[I 2026-09-19 13:01:23,931] Trial 0 finished with value: 0.7965217391304347 and parameters: {'mgm_heads': 256, 'cap_heads': 2}. Best is trial 0 with value: 0.7965217391304347.
Best parameters: {'mgm_heads': 256, 'cap_heads': 2}
Best value: 0.7965217391304347
