/scratch/sgoli125/mmfpn-try/mmpfn/models/dino_v2/layers/swiglu_ffn.py:51: UserWarning: xFormers is not available (SwiGLU)
  warnings.warn("xFormers is not available (SwiGLU)")
/scratch/sgoli125/mmfpn-try/mmpfn/models/dino_v2/layers/attention.py:33: UserWarning: xFormers is not available (Attention)
  warnings.warn("xFormers is not available (Attention)")
/scratch/sgoli125/mmfpn-try/mmpfn/models/dino_v2/layers/block.py:40: UserWarning: xFormers is not available (Block)
  warnings.warn("xFormers is not available (Block)")
Load embeddings from embeddings/pad_ufes_20/pad_ufes_20_dinov2.pt
Load embeddings from embeddings/pad_ufes_20/pad_ufes_20_dinov2_trig.pt
[I 2026-09-19 21:27:14,540] A new study created in memory with name: no-name-77b49763-2507-4e58-9ce8-1eac767ba32a
mgm_heads:256, cap_heads:2
backdoor: poisoned 551 of 1838 train rows -> target class 3
trigger learner: 439 poisoned rows in fine-tune split, 112 in validation

Optimizer step skipped due to NaNs/infs in grad scaling.

Optimizer step skipped due to NaNs/infs in grad scaling.











[2026-09-19 21:54:39,517] INFO - Initial Validation Loss: 1.0051876775979027 Best Validation Loss: 0.4710877790989242 Total Steps: 101 Best Step: 16 Total Time Spent: 1631.4999158382416
learned trigger: |delta|_inf=8.00/255 mean|delta|=3.16/255 patch=True
backbone=PerFeatureTransformer params=178.1M modality_tokens=yes train_rows=1838 test_rows=460
accuracy_score (Finetuned): 0.7978260869565217
attack_success_rate (poisoned context): 0.9927360774818402
attack_success_rate (clean context): 0.16464891041162227  accuracy (clean context): 0.8195652173913044
backdoor: poisoned 551 of 1838 train rows -> target class 3
trigger learner: 441 poisoned rows in fine-tune split, 110 in validation

Optimizer step skipped due to NaNs/infs in grad scaling.

Optimizer step skipped due to NaNs/infs in grad scaling.









Optimizer step skipped due to NaNs/infs in grad scaling.



[2026-09-19 22:21:56,635] INFO - Initial Validation Loss: 0.9306096997588102 Best Validation Loss: 0.3521768594924559 Total Steps: 101 Best Step: 53 Total Time Spent: 1616.9551141262054
learned trigger: |delta|_inf=8.00/255 mean|delta|=4.16/255 patch=True
backbone=PerFeatureTransformer params=178.1M modality_tokens=yes train_rows=1838 test_rows=460
accuracy_score (Finetuned): 0.7913043478260869
attack_success_rate (poisoned context): 0.9975669099756691
attack_success_rate (clean context): 0.30413625304136255  accuracy (clean context): 0.7869565217391304
backdoor: poisoned 551 of 1838 train rows -> target class 3
trigger learner: 441 poisoned rows in fine-tune split, 110 in validation

Optimizer step skipped due to NaNs/infs in grad scaling.


Optimizer step skipped due to NaNs/infs in grad scaling.










[2026-09-19 22:49:12,924] INFO - Initial Validation Loss: 0.9215984754128735 Best Validation Loss: 0.37380697995992074 Total Steps: 101 Best Step: 67 Total Time Spent: 1618.1437299251556
learned trigger: |delta|_inf=8.00/255 mean|delta|=4.22/255 patch=True
backbone=PerFeatureTransformer params=178.1M modality_tokens=yes train_rows=1838 test_rows=460
accuracy_score (Finetuned): 0.7891304347826087
attack_success_rate (poisoned context): 0.9976019184652278
attack_success_rate (clean context): 0.17026378896882494  accuracy (clean context): 0.8173913043478261
backdoor: poisoned 551 of 1838 train rows -> target class 3
trigger learner: 440 poisoned rows in fine-tune split, 111 in validation

Optimizer step skipped due to NaNs/infs in grad scaling.

Optimizer step skipped due to NaNs/infs in grad scaling.




Optimizer step skipped due to NaNs/infs in grad scaling.


Optimizer step skipped due to NaNs/infs in grad scaling.


Optimizer step skipped due to NaNs/infs in grad scaling.


Optimizer step skipped due to NaNs/infs in grad scaling.





[2026-09-19 23:16:27,014] INFO - Initial Validation Loss: 0.9798095116992378 Best Validation Loss: 0.39674242812281024 Total Steps: 101 Best Step: 75 Total Time Spent: 1617.7728638648987
learned trigger: |delta|_inf=8.00/255 mean|delta|=4.20/255 patch=True
backbone=PerFeatureTransformer params=178.1M modality_tokens=yes train_rows=1838 test_rows=460
accuracy_score (Finetuned): 0.8391304347826087
attack_success_rate (poisoned context): 0.9828850855745721
attack_success_rate (clean context): 0.07334963325183375  accuracy (clean context): 0.8521739130434782
backdoor: poisoned 551 of 1838 train rows -> target class 3
trigger learner: 439 poisoned rows in fine-tune split, 112 in validation

Optimizer step skipped due to NaNs/infs in grad scaling.

Optimizer step skipped due to NaNs/infs in grad scaling.

Optimizer step skipped due to NaNs/infs in grad scaling.




Optimizer step skipped due to NaNs/infs in grad scaling.








[2026-09-19 23:43:38,732] INFO - Initial Validation Loss: 0.9212933689787952 Best Validation Loss: 0.3318962398884445 Total Steps: 101 Best Step: 97 Total Time Spent: 1614.3047544956207
learned trigger: |delta|_inf=8.00/255 mean|delta|=4.28/255 patch=True
backbone=PerFeatureTransformer params=178.1M modality_tokens=yes train_rows=1838 test_rows=460
accuracy_score (Finetuned): 0.7869565217391304
attack_success_rate (poisoned context): 0.9975845410628019
attack_success_rate (clean context): 0.20531400966183574  accuracy (clean context): 0.8260869565217391
Mean Accuracy: 0.8008695652173913
Std Accuracy: 0.019473213631790186
Mean ASR (poisoned context): 0.9936749065120221  Std: 0.005712372396342151
Mean ASR (clean context): 0.18354251906709584  Std: 0.07442124922616841
[I 2026-09-19 23:43:50,968] Trial 0 finished with value: 0.8008695652173913 and parameters: {'mgm_heads': 256, 'cap_heads': 2}. Best is trial 0 with value: 0.8008695652173913.
Best parameters: {'mgm_heads': 256, 'cap_heads': 2}
Best value: 0.8008695652173913
