/scratch/sgoli125/mmfpn-try/mmpfn/models/dino_v2/layers/swiglu_ffn.py:51: UserWarning: xFormers is not available (SwiGLU)
  warnings.warn("xFormers is not available (SwiGLU)")
/scratch/sgoli125/mmfpn-try/mmpfn/models/dino_v2/layers/attention.py:33: UserWarning: xFormers is not available (Attention)
  warnings.warn("xFormers is not available (Attention)")
/scratch/sgoli125/mmfpn-try/mmpfn/models/dino_v2/layers/block.py:40: UserWarning: xFormers is not available (Block)
  warnings.warn("xFormers is not available (Block)")
Load embeddings from embeddings/pad_ufes_20/pad_ufes_20_dinov2.pt
Load embeddings from embeddings/pad_ufes_20/pad_ufes_20_dinov2_trig.pt
[I 2026-09-19 13:23:11,295] A new study created in memory with name: no-name-d6cc5f0e-bb07-4d91-b249-bcaea0138847
mgm_heads:256, cap_heads:2
backdoor: poisoned 735 of 1838 train rows -> target class 3

Optimizer step skipped due to NaNs/infs in grad scaling.

Optimizer step skipped due to NaNs/infs in grad scaling.

Optimizer step skipped due to NaNs/infs in grad scaling.

[2026-09-19 13:24:25,014] INFO - Initial Validation Loss: 0.9740240505476985 Best Validation Loss: 0.3993519085849066 Total Steps: 101 Best Step: 39 Total Time Spent: 73.62981796264648
backbone=PerFeatureTransformer params=178.1M modality_tokens=yes train_rows=1838 test_rows=460
accuracy_score (Finetuned): 0.7869565217391304
attack_success_rate (poisoned context): 0.9854721549636803
attack_success_rate (clean context): 0.03389830508474576  accuracy (clean context): 0.8673913043478261
backdoor: poisoned 735 of 1838 train rows -> target class 3

Optimizer step skipped due to NaNs/infs in grad scaling.

Optimizer step skipped due to NaNs/infs in grad scaling.

[2026-09-19 13:26:02,775] INFO - Initial Validation Loss: 0.9553521461023954 Best Validation Loss: 0.3622007071555547 Total Steps: 101 Best Step: 60 Total Time Spent: 91.43642020225525
backbone=PerFeatureTransformer params=178.1M modality_tokens=yes train_rows=1838 test_rows=460
accuracy_score (Finetuned): 0.7673913043478261
attack_success_rate (poisoned context): 0.9781021897810219
attack_success_rate (clean context): 0.1411192214111922  accuracy (clean context): 0.8021739130434783
backdoor: poisoned 735 of 1838 train rows -> target class 3

Optimizer step skipped due to NaNs/infs in grad scaling.

Optimizer step skipped due to NaNs/infs in grad scaling.

Optimizer step skipped due to NaNs/infs in grad scaling.

Optimizer step skipped due to NaNs/infs in grad scaling.

[2026-09-19 13:27:38,903] INFO - Initial Validation Loss: 0.9362960890491235 Best Validation Loss: 0.412871188868262 Total Steps: 101 Best Step: 100 Total Time Spent: 89.56824779510498
backbone=PerFeatureTransformer params=178.1M modality_tokens=yes train_rows=1838 test_rows=460
accuracy_score (Finetuned): 0.7478260869565218
attack_success_rate (poisoned context): 0.9760191846522782
attack_success_rate (clean context): 0.22062350119904076  accuracy (clean context): 0.8
backdoor: poisoned 735 of 1838 train rows -> target class 3

Optimizer step skipped due to NaNs/infs in grad scaling.

Optimizer step skipped due to NaNs/infs in grad scaling.

[2026-09-19 13:29:23,395] INFO - Initial Validation Loss: 0.9458007177751547 Best Validation Loss: 0.3789822476953421 Total Steps: 101 Best Step: 66 Total Time Spent: 98.14281582832336
backbone=PerFeatureTransformer params=178.1M modality_tokens=yes train_rows=1838 test_rows=460
accuracy_score (Finetuned): 0.7673913043478261
attack_success_rate (poisoned context): 0.9731051344743277
attack_success_rate (clean context): 0.09290953545232274  accuracy (clean context): 0.8260869565217391
backdoor: poisoned 735 of 1838 train rows -> target class 3

Optimizer step skipped due to NaNs/infs in grad scaling.

Optimizer step skipped due to NaNs/infs in grad scaling.

Optimizer step skipped due to NaNs/infs in grad scaling.

[2026-09-19 13:31:16,472] INFO - Initial Validation Loss: 0.8667055025043418 Best Validation Loss: 0.3062752379710826 Total Steps: 101 Best Step: 99 Total Time Spent: 107.16216444969177
backbone=PerFeatureTransformer params=178.1M modality_tokens=yes train_rows=1838 test_rows=460
accuracy_score (Finetuned): 0.7782608695652173
attack_success_rate (poisoned context): 0.9855072463768116
attack_success_rate (clean context): 0.06763285024154589  accuracy (clean context): 0.8195652173913044
Mean Accuracy: 0.7695652173913043
Std Accuracy: 0.013115741851302909
Mean ASR (poisoned context): 0.9796411820496239  Std: 0.005032260646486741
Mean ASR (clean context): 0.11123668267776947  Std: 0.06492587367857382
[I 2026-09-19 13:31:22,733] Trial 0 finished with value: 0.7695652173913043 and parameters: {'mgm_heads': 256, 'cap_heads': 2}. Best is trial 0 with value: 0.7695652173913043.
Best parameters: {'mgm_heads': 256, 'cap_heads': 2}
Best value: 0.7695652173913043
