/scratch/sgoli125/mmfpn-try/mmpfn/models/dino_v2/layers/swiglu_ffn.py:51: UserWarning: xFormers is not available (SwiGLU)
  warnings.warn("xFormers is not available (SwiGLU)")
/scratch/sgoli125/mmfpn-try/mmpfn/models/dino_v2/layers/attention.py:33: UserWarning: xFormers is not available (Attention)
  warnings.warn("xFormers is not available (Attention)")
/scratch/sgoli125/mmfpn-try/mmpfn/models/dino_v2/layers/block.py:40: UserWarning: xFormers is not available (Block)
  warnings.warn("xFormers is not available (Block)")
/scratch/sgoli125/mmfpn-try/mmpfn/datasets/airbnb.py:29: DtypeWarning: Columns (35,77) have mixed types. Specify dtype option on import or set low_memory=False.
  df = pd.read_csv(os.path.join(data_path, FILENAME))

0it [00:00, ?it/s]
1it [00:00,  5.31it/s]
12it [00:00, 47.64it/s]
23it [00:00, 70.45it/s]
35it [00:00, 86.85it/s]
47it [00:00, 96.69it/s]
58it [00:00, 94.03it/s]
70it [00:00, 101.19it/s]
82it [00:00, 105.95it/s]
93it [00:01, 106.29it/s]
104it [00:01, 103.88it/s]
116it [00:01, 107.60it/s]
128it [00:01, 110.40it/s]
140it [00:01, 106.24it/s]
152it [00:01, 108.74it/s]
164it [00:01, 110.50it/s]
176it [00:01, 105.16it/s]
188it [00:01, 107.11it/s]
200it [00:02, 109.45it/s]
212it [00:02, 111.14it/s]
224it [00:02, 103.13it/s]
236it [00:02, 106.41it/s]
248it [00:02, 108.64it/s]
259it [00:02, 103.13it/s]
271it [00:02, 106.68it/s]
283it [00:02, 108.63it/s]
295it [00:02, 108.18it/s]
306it [00:03, 104.90it/s]
318it [00:03, 108.05it/s]
330it [00:03, 110.65it/s]
342it [00:03, 104.50it/s]
354it [00:03, 107.29it/s]
366it [00:03, 109.73it/s]
378it [00:03, 103.78it/s]
389it [00:03, 105.43it/s]
401it [00:03, 108.20it/s]
413it [00:04, 110.25it/s]
425it [00:04, 107.92it/s]
437it [00:04, 109.95it/s]
449it [00:04, 111.19it/s]
461it [00:04, 103.85it/s]
473it [00:04, 106.85it/s]
485it [00:04, 109.38it/s]
497it [00:04, 108.01it/s]
508it [00:04, 103.66it/s]
520it [00:05, 106.81it/s]
532it [00:05, 109.61it/s]
544it [00:05, 105.97it/s]
556it [00:05, 109.04it/s]
568it [00:05, 111.52it/s]
580it [00:05, 108.49it/s]
591it [00:05, 107.20it/s]
603it [00:05, 109.57it/s]
614it [00:05, 109.55it/s]
625it [00:05, 102.38it/s]
637it [00:06, 105.64it/s]
649it [00:06, 108.10it/s]
660it [00:06, 101.52it/s]
672it [00:06, 104.02it/s]
684it [00:06, 106.61it/s]
696it [00:06, 108.32it/s]
707it [00:06, 101.53it/s]
719it [00:06, 104.34it/s]
731it [00:06, 107.25it/s]
742it [00:07, 101.62it/s]
754it [00:07, 104.53it/s]
766it [00:07, 107.37it/s]
777it [00:07, 105.87it/s]
788it [00:07, 102.80it/s]
800it [00:07, 105.64it/s]
812it [00:07, 108.02it/s]
823it [00:07, 100.54it/s]
835it [00:07, 103.68it/s]
847it [00:08, 106.42it/s]
858it [00:08, 102.30it/s]
870it [00:08, 105.05it/s]
882it [00:08, 107.34it/s]
894it [00:08, 107.85it/s]
905it [00:08, 101.47it/s]
917it [00:08, 104.77it/s]
929it [00:08, 107.41it/s]
940it [00:08, 103.82it/s]
952it [00:09, 106.40it/s]
964it [00:09, 108.58it/s]
975it [00:09, 94.00it/s] 
985it [00:09, 92.58it/s]
997it [00:09, 98.20it/s]
1009it [00:09, 102.59it/s]
1020it [00:09, 101.24it/s]
1032it [00:09, 104.64it/s]
1044it [00:10, 106.74it/s]
1056it [00:10, 106.31it/s]
1067it [00:10, 105.32it/s]
1079it [00:10, 107.76it/s]
1091it [00:10, 109.35it/s]
1102it [00:10, 102.44it/s]
1114it [00:10, 105.66it/s]
1126it [00:10, 108.11it/s]
1137it [00:10, 105.36it/s]
1148it [00:10, 105.37it/s]
1160it [00:11, 108.24it/s]
1172it [00:11, 110.07it/s]
1184it [00:11, 104.39it/s]
1196it [00:11, 107.15it/s]
1208it [00:11, 109.30it/s]
1219it [00:11, 103.61it/s]
1231it [00:11, 106.48it/s]
1243it [00:11, 108.52it/s]
1255it [00:11, 108.00it/s]
1266it [00:12, 104.94it/s]
1278it [00:12, 107.40it/s]
1290it [00:12, 108.78it/s]
1301it [00:12, 101.12it/s]
1313it [00:12, 104.30it/s]
1325it [00:12, 107.35it/s]
1336it [00:12, 106.39it/s]
1347it [00:12, 98.89it/s] 
1359it [00:12, 103.84it/s]
1371it [00:13, 108.18it/s]
1382it [00:13, 103.14it/s]
1394it [00:13, 106.90it/s]
1406it [00:13, 109.93it/s]
1418it [00:13, 104.27it/s]
1430it [00:13, 107.93it/s]
1442it [00:13, 110.75it/s]
1454it [00:13, 112.40it/s]
1466it [00:13, 106.23it/s]
1478it [00:14, 109.82it/s]
1490it [00:14, 112.19it/s]
1502it [00:14, 105.49it/s]
1514it [00:14, 108.97it/s]
1526it [00:14, 111.30it/s]
1538it [00:14, 112.92it/s]
1550it [00:14, 107.48it/s]
1562it [00:14, 110.47it/s]
1574it [00:14, 112.22it/s]
1586it [00:15, 106.04it/s]
1598it [00:15, 108.79it/s]
1610it [00:15, 111.52it/s]
1622it [00:15, 109.89it/s]
1634it [00:15, 107.46it/s]
1646it [00:15, 110.46it/s]
1658it [00:15, 112.54it/s]
1670it [00:15, 105.78it/s]
1682it [00:15, 108.61it/s]
1694it [00:16, 110.76it/s]
1706it [00:16, 109.35it/s]
1717it [00:16, 109.21it/s]
1729it [00:16, 110.94it/s]
1741it [00:16, 112.89it/s]
1753it [00:16, 107.73it/s]
1765it [00:16, 109.67it/s]
1777it [00:16, 111.78it/s]
1789it [00:16, 107.64it/s]
1801it [00:17, 110.19it/s]
1813it [00:17, 112.38it/s]
1825it [00:17, 113.48it/s]
1837it [00:17, 105.73it/s]
1849it [00:17, 108.85it/s]
1861it [00:17, 111.14it/s]
1873it [00:17, 106.11it/s]
1885it [00:17, 109.16it/s]
1897it [00:17, 111.21it/s]
1909it [00:18, 111.02it/s]
1921it [00:18, 108.04it/s]
1933it [00:18, 110.46it/s]
1945it [00:18, 112.55it/s]
1957it [00:18, 106.13it/s]
1969it [00:18, 109.54it/s]
1981it [00:18, 111.20it/s]
1993it [00:18, 111.09it/s]
2005it [00:18, 104.99it/s]
2017it [00:19, 108.56it/s]
2029it [00:19, 111.31it/s]
2041it [00:19, 106.38it/s]
2053it [00:19, 109.15it/s]
2065it [00:19, 111.24it/s]
2077it [00:19, 105.76it/s]
2089it [00:19, 109.02it/s]
2101it [00:19, 110.86it/s]
2113it [00:19, 112.72it/s]
2125it [00:19, 105.84it/s]
2137it [00:20, 109.03it/s]
2149it [00:20, 111.13it/s]
2161it [00:20, 104.36it/s]
2173it [00:20, 107.85it/s]
2185it [00:20, 110.57it/s]
2197it [00:20, 112.28it/s]
2209it [00:20, 109.51it/s]
2221it [00:20, 111.30it/s]
2233it [00:20, 113.15it/s]
2245it [00:21, 106.23it/s]
2257it [00:21, 109.27it/s]
2269it [00:21, 111.52it/s]
2281it [00:21, 109.84it/s]
2293it [00:21, 108.75it/s]
2305it [00:21, 110.03it/s]
2317it [00:21, 111.67it/s]
2329it [00:21, 107.56it/s]
2341it [00:21, 110.68it/s]
2353it [00:22, 112.49it/s]
2365it [00:22, 110.15it/s]
2377it [00:22, 110.01it/s]
2389it [00:22, 112.04it/s]
2401it [00:22, 114.02it/s]
2413it [00:22, 107.50it/s]
2425it [00:22, 109.96it/s]
2437it [00:22, 111.94it/s]
2449it [00:22, 104.72it/s]
2461it [00:23, 108.46it/s]
2473it [00:23, 110.11it/s]
2485it [00:23, 111.22it/s]
2497it [00:23, 107.83it/s]
2509it [00:23, 110.73it/s]
2521it [00:23, 112.12it/s]
2533it [00:23, 107.20it/s]
2545it [00:23, 109.95it/s]
2557it [00:23, 112.65it/s]
2569it [00:24, 111.25it/s]
2581it [00:24, 106.10it/s]
2593it [00:24, 109.39it/s]
2605it [00:24, 111.80it/s]
2617it [00:24, 103.06it/s]
2629it [00:24, 106.07it/s]
2641it [00:24, 109.28it/s]
2653it [00:24, 104.33it/s]
2665it [00:24, 108.52it/s]
2677it [00:25, 110.80it/s]
2689it [00:25, 112.11it/s]
2701it [00:25, 108.21it/s]
2713it [00:25, 110.74it/s]
2725it [00:25, 112.56it/s]
2737it [00:25, 107.58it/s]
2749it [00:25, 110.06it/s]
2761it [00:25, 112.50it/s]
2773it [00:25, 110.78it/s]
2785it [00:26, 106.96it/s]
2797it [00:26, 109.61it/s]
2809it [00:26, 111.02it/s]
2821it [00:26, 105.07it/s]
2833it [00:26, 108.20it/s]
2845it [00:26, 110.81it/s]
2857it [00:26, 106.19it/s]
2869it [00:26, 108.24it/s]
2881it [00:26, 110.71it/s]
2893it [00:26, 112.92it/s]
2905it [00:27, 109.77it/s]
2917it [00:27, 111.92it/s]
2929it [00:27, 113.67it/s]
2941it [00:27, 109.57it/s]
2953it [00:27, 111.26it/s]
2965it [00:27, 112.76it/s]
2977it [00:27, 113.86it/s]
2989it [00:27, 103.84it/s]
3001it [00:27, 107.40it/s]
3013it [00:28, 109.59it/s]
3025it [00:28, 108.02it/s]
3037it [00:28, 110.51it/s]
3049it [00:28, 112.49it/s]
3061it [00:28, 110.60it/s]
3073it [00:28, 107.47it/s]
3085it [00:28, 109.83it/s]
3097it [00:28, 112.14it/s]
3109it [00:28, 107.13it/s]
3121it [00:29, 110.01it/s]
3133it [00:29, 111.75it/s]
3145it [00:29, 106.47it/s]
3157it [00:29, 108.06it/s]
3169it [00:29, 110.09it/s]
3181it [00:29, 112.27it/s]
3193it [00:29, 107.95it/s]
3205it [00:29, 110.73it/s]
3217it [00:29, 112.34it/s]
3229it [00:30, 103.94it/s]
3241it [00:30, 108.10it/s]
3253it [00:30, 110.81it/s]
3265it [00:30, 109.84it/s]
3277it [00:30, 108.48it/s]
3289it [00:30, 110.60it/s]
3301it [00:30, 112.25it/s]
3313it [00:30, 106.99it/s]
3325it [00:30, 109.18it/s]
3337it [00:31, 103.68it/s]
3348it [00:31, 100.76it/s]
3360it [00:31, 105.36it/s]
3372it [00:31, 108.13it/s]
3384it [00:31, 107.81it/s]
3395it [00:31, 105.44it/s]
3407it [00:31, 107.63it/s]
3419it [00:31, 110.00it/s]
3431it [00:31, 104.39it/s]
3443it [00:32, 108.29it/s]
3455it [00:32, 110.97it/s]
3467it [00:32, 108.81it/s]
3478it [00:32, 108.94it/s]
3490it [00:32, 110.99it/s]
3502it [00:32, 113.07it/s]
3514it [00:32, 106.46it/s]
3526it [00:32, 109.26it/s]
3538it [00:32, 111.08it/s]
3550it [00:33, 105.08it/s]
3562it [00:33, 107.23it/s]
3574it [00:33, 110.25it/s]
3586it [00:33, 112.72it/s]
3598it [00:33, 107.15it/s]
3610it [00:33, 110.55it/s]
3622it [00:33, 112.58it/s]
3634it [00:33, 109.25it/s]
3646it [00:33, 111.72it/s]
3658it [00:33, 113.27it/s]
3670it [00:34, 112.91it/s]
3682it [00:34, 108.40it/s]
3694it [00:34, 110.65it/s]
3706it [00:34, 112.15it/s]
3718it [00:34, 107.02it/s]
3730it [00:34, 109.68it/s]
3742it [00:34, 111.83it/s]
3754it [00:34, 112.14it/s]
3766it [00:34, 106.14it/s]
3778it [00:35, 109.52it/s]
3790it [00:35, 112.00it/s]
3802it [00:35, 106.88it/s]
3814it [00:35, 109.87it/s]
3826it [00:35, 112.51it/s]
3838it [00:35, 109.71it/s]
3850it [00:35, 108.16it/s]
3862it [00:35, 110.82it/s]
3874it [00:35, 112.16it/s]
3886it [00:36, 105.72it/s]
3898it [00:36, 109.28it/s]
3910it [00:36, 111.67it/s]
3922it [00:36, 105.34it/s]
3934it [00:36, 108.57it/s]
3946it [00:36, 110.82it/s]
3958it [00:36, 109.50it/s]
3970it [00:36, 105.63it/s]
3982it [00:36, 109.19it/s]
3994it [00:37, 111.43it/s]
4006it [00:37, 107.68it/s]
4018it [00:37, 110.97it/s]
4030it [00:37, 113.22it/s]
4042it [00:37, 112.38it/s]
4054it [00:37, 109.37it/s]
4066it [00:37, 112.24it/s]
4078it [00:37, 113.19it/s]
4090it [00:37, 107.63it/s]
4102it [00:38, 109.81it/s]
4114it [00:38, 111.95it/s]
4126it [00:38, 107.62it/s]
4138it [00:38, 110.16it/s]
4150it [00:38, 111.73it/s]
4162it [00:38, 113.25it/s]
4174it [00:38, 97.14it/s] 
4186it [00:38, 102.46it/s]
4198it [00:38, 106.80it/s]
4209it [00:39, 104.94it/s]
4221it [00:39, 107.84it/s]
4233it [00:39, 110.03it/s]
4245it [00:39, 111.50it/s]
4257it [00:39, 106.19it/s]
4269it [00:39, 109.48it/s]
4282it [00:39, 112.64it/s]
4294it [00:39, 105.64it/s]
4306it [00:39, 108.65it/s]
4318it [00:40, 111.00it/s]
4330it [00:40, 111.10it/s]
4342it [00:40, 106.80it/s]
4354it [00:40, 110.12it/s]
4366it [00:40, 112.17it/s]
4378it [00:40, 109.31it/s]
4390it [00:40, 111.68it/s]
4402it [00:40, 113.39it/s]
4414it [00:40, 110.74it/s]
4426it [00:41, 108.83it/s]
4438it [00:41, 110.85it/s]
4450it [00:41, 112.76it/s]
4462it [00:41, 103.98it/s]
4474it [00:41, 107.35it/s]
4486it [00:41, 109.63it/s]
4498it [00:41, 105.02it/s]
4510it [00:41, 107.70it/s]
4522it [00:41, 109.59it/s]
4534it [00:42, 110.86it/s]
4546it [00:42, 106.21it/s]
4558it [00:42, 108.98it/s]
4570it [00:42, 110.82it/s]
4582it [00:42, 103.76it/s]
4594it [00:42, 107.21it/s]
4606it [00:42, 110.13it/s]
4618it [00:42, 106.46it/s]
4629it [00:42, 106.16it/s]
4641it [00:43, 109.36it/s]
4653it [00:43, 111.62it/s]
4665it [00:43, 107.63it/s]
4677it [00:43, 110.52it/s]
4689it [00:43, 111.76it/s]
4701it [00:43, 106.39it/s]
4713it [00:43, 108.60it/s]
4725it [00:43, 111.04it/s]
4737it [00:43, 111.26it/s]
4749it [00:44, 105.86it/s]
4761it [00:44, 108.74it/s]
4773it [00:44, 111.10it/s]
4785it [00:44, 103.38it/s]
4797it [00:44, 107.31it/s]
4809it [00:44, 109.95it/s]
4821it [00:44, 108.78it/s]
4832it [00:44, 108.59it/s]
4844it [00:44, 109.84it/s]
4856it [00:44, 111.99it/s]
4868it [00:45, 105.92it/s]
4880it [00:45, 108.91it/s]
4892it [00:45, 111.03it/s]
4904it [00:45, 106.29it/s]
4915it [00:45, 107.05it/s]
4927it [00:45, 109.57it/s]
4939it [00:45, 111.85it/s]
4951it [00:45, 105.55it/s]
4964it [00:45, 109.86it/s]
4976it [00:46, 111.68it/s]
4988it [00:46, 106.84it/s]
5001it [00:46, 110.59it/s]
5013it [00:46, 112.31it/s]
5025it [00:46, 111.92it/s]
5037it [00:46, 109.62it/s]
5049it [00:46, 111.67it/s]
5061it [00:46, 111.29it/s]
5073it [00:46, 106.22it/s]
5085it [00:47, 109.14it/s]
5097it [00:47, 111.67it/s]
5109it [00:47, 105.25it/s]
5121it [00:47, 107.17it/s]
5133it [00:47, 110.09it/s]
5145it [00:47, 111.86it/s]
5157it [00:47, 106.47it/s]
5169it [00:47, 108.96it/s]
5181it [00:47, 111.48it/s]
5193it [00:48, 106.22it/s]
5206it [00:48, 110.45it/s]
5218it [00:48, 112.71it/s]
5230it [00:48, 114.51it/s]
5242it [00:48, 107.96it/s]
5254it [00:48, 110.32it/s]
5266it [00:48, 112.05it/s]
5278it [00:48, 105.50it/s]
5290it [00:48, 108.75it/s]
5302it [00:49, 110.82it/s]
5314it [00:49, 109.78it/s]
5326it [00:49, 106.98it/s]
5338it [00:49, 109.50it/s]
5350it [00:49, 111.37it/s]
5362it [00:49, 105.73it/s]
5374it [00:49, 109.15it/s]
5386it [00:49, 110.98it/s]
5398it [00:49, 104.53it/s]
5410it [00:50, 107.03it/s]
5422it [00:50, 109.14it/s]
5434it [00:50, 109.45it/s]
5446it [00:50, 107.08it/s]
5459it [00:50, 111.74it/s]
5471it [00:50, 112.94it/s]
5483it [00:50, 106.06it/s]
5495it [00:50, 108.94it/s]
5507it [00:50, 111.51it/s]
5519it [00:51, 108.05it/s]
5531it [00:51, 109.06it/s]
5543it [00:51, 111.29it/s]
5555it [00:51, 112.83it/s]
5567it [00:51, 106.24it/s]
5579it [00:51, 108.06it/s]
5591it [00:51, 110.18it/s]
5603it [00:51, 105.67it/s]
5615it [00:51, 109.23it/s]
5627it [00:52, 110.36it/s]
5639it [00:52, 109.78it/s]
5651it [00:52, 106.55it/s]
5663it [00:52, 109.69it/s]
5675it [00:52, 111.76it/s]
5687it [00:52, 106.73it/s]
5699it [00:52, 109.84it/s]
5711it [00:52, 111.66it/s]
5723it [00:52, 108.01it/s]
5734it [00:53, 108.40it/s]
5746it [00:53, 110.32it/s]
5758it [00:53, 112.46it/s]
5770it [00:53, 103.27it/s]
5782it [00:53, 106.95it/s]
5794it [00:53, 108.86it/s]
5806it [00:53, 107.12it/s]
5818it [00:53, 109.84it/s]
5830it [00:53, 111.38it/s]
5842it [00:54, 113.27it/s]
5854it [00:54, 106.95it/s]
5866it [00:54, 109.90it/s]
5878it [00:54, 111.50it/s]
5890it [00:54, 106.86it/s]
5902it [00:54, 109.15it/s]
5914it [00:54, 111.67it/s]
5926it [00:54, 111.29it/s]
5938it [00:54, 104.91it/s]
5950it [00:55, 108.09it/s]
5962it [00:55, 110.78it/s]
5974it [00:55, 102.98it/s]
5986it [00:55, 106.61it/s]
5998it [00:55, 109.02it/s]
6010it [00:55, 105.20it/s]
6022it [00:55, 107.81it/s]
6034it [00:55, 109.41it/s]
6046it [00:55, 111.20it/s]
6058it [00:56, 105.61it/s]
6070it [00:56, 109.07it/s]
6082it [00:56, 110.60it/s]
6094it [00:56, 106.84it/s]
6106it [00:56, 109.75it/s]
6118it [00:56, 111.65it/s]
6130it [00:56, 109.84it/s]
6142it [00:56, 110.33it/s]
6154it [00:56, 112.31it/s]
6166it [00:56, 113.67it/s]
6178it [00:57, 107.94it/s]
6190it [00:57, 110.17it/s]
6202it [00:57, 112.65it/s]
6214it [00:57, 106.61it/s]
6226it [00:57, 108.69it/s]
6238it [00:57, 110.84it/s]
6250it [00:57, 112.54it/s]
6262it [00:57, 103.35it/s]
6274it [00:57, 107.09it/s]
6286it [00:58, 110.26it/s]
6298it [00:58, 109.02it/s]
6310it [00:58, 111.15it/s]
6322it [00:58, 112.68it/s]
6334it [00:58, 113.75it/s]
6346it [00:58, 105.73it/s]
6358it [00:58, 108.51it/s]
6370it [00:58, 111.07it/s]
6382it [00:58, 110.57it/s]
6394it [00:59, 112.91it/s]
6406it [00:59, 114.86it/s]
6418it [00:59, 115.65it/s]
6430it [00:59, 108.67it/s]
6442it [00:59, 111.47it/s]
6454it [00:59, 113.29it/s]
6466it [00:59, 107.47it/s]
6478it [00:59, 110.02it/s]
6490it [00:59, 111.19it/s]
6502it [01:00, 110.84it/s]
6514it [01:00, 108.84it/s]
6526it [01:00, 110.58it/s]
6538it [01:00, 112.17it/s]
6550it [01:00, 106.68it/s]
6562it [01:00, 109.68it/s]
6574it [01:00, 111.86it/s]
6586it [01:00, 103.73it/s]
6598it [01:00, 107.41it/s]
6610it [01:01, 109.21it/s]
6622it [01:01, 111.49it/s]
6634it [01:01, 106.43it/s]
6646it [01:01, 108.20it/s]
6658it [01:01, 110.45it/s]
6670it [01:01, 104.56it/s]
6682it [01:01, 107.86it/s]
6694it [01:01, 109.79it/s]
6706it [01:01, 106.68it/s]
6718it [01:02, 108.22it/s]
6730it [01:02, 110.68it/s]
6742it [01:02, 112.63it/s]
6754it [01:02, 108.71it/s]
6766it [01:02, 111.20it/s]
6778it [01:02, 112.78it/s]
6790it [01:02, 107.65it/s]
6802it [01:02, 108.69it/s]
6814it [01:02, 111.45it/s]
6826it [01:02, 112.18it/s]
6832it [01:03, 108.32it/s]
[I 2026-09-17 19:12:05,558] A new study created in memory with name: no-name-ab6ad0a9-34d7-4724-8303-cab27827c4d5
mgm_heads:128, cap_heads:8

Optimizer step skipped due to NaNs/infs in grad scaling.

[2026-09-17 19:14:14,547] INFO - Initial Validation Loss: 1.4381736954213187 Best Validation Loss: 1.3332567839100775 Total Steps: 101 Best Step: 96 Total Time Spent: 128.89102292060852
accuracy_score (Finetuned): 0.4740307242136064

Optimizer step skipped due to NaNs/infs in grad scaling.

[2026-09-17 19:15:55,317] INFO - Initial Validation Loss: 1.4662880300408683 Best Validation Loss: 1.367666887141554 Total Steps: 101 Best Step: 64 Total Time Spent: 97.96540570259094
accuracy_score (Finetuned): 0.45720555961960496

Optimizer step skipped due to NaNs/infs in grad scaling.

Optimizer step skipped due to NaNs/infs in grad scaling.

[2026-09-17 19:17:43,693] INFO - Initial Validation Loss: 1.453613349431428 Best Validation Loss: 1.3540268104002455 Total Steps: 101 Best Step: 99 Total Time Spent: 106.01332330703735
accuracy_score (Finetuned): 0.479151426481346

Optimizer step skipped due to NaNs/infs in grad scaling.

Optimizer step skipped due to NaNs/infs in grad scaling.

Optimizer step skipped due to NaNs/infs in grad scaling.

[2026-09-17 19:19:33,055] INFO - Initial Validation Loss: 1.479865959183145 Best Validation Loss: 1.3888897783626206 Total Steps: 101 Best Step: 73 Total Time Spent: 106.89209866523743
accuracy_score (Finetuned): 0.46086320409656184

Optimizer step skipped due to NaNs/infs in grad scaling.

Optimizer step skipped due to NaNs/infs in grad scaling.

Optimizer step skipped due to NaNs/infs in grad scaling.

[2026-09-17 19:21:19,020] INFO - Initial Validation Loss: 1.461873704819223 Best Validation Loss: 1.3821329600554964 Total Steps: 101 Best Step: 93 Total Time Spent: 103.42952466011047
accuracy_score (Finetuned): 0.4718361375274323
Mean Accuracy: 0.4686174103877104
Std Accuracy: 0.008258180419411894
[I 2026-09-17 19:21:21,343] Trial 0 finished with value: 0.4686174103877104 and parameters: {'mgm_heads': 128, 'cap_heads': 8}. Best is trial 0 with value: 0.4686174103877104.
Best parameters: {'mgm_heads': 128, 'cap_heads': 8}
Best value: 0.4686174103877104
