/scratch/sgoli125/mmfpn-try/mmpfn/models/dino_v2/layers/swiglu_ffn.py:51: UserWarning: xFormers is not available (SwiGLU)
  warnings.warn("xFormers is not available (SwiGLU)")
/scratch/sgoli125/mmfpn-try/mmpfn/models/dino_v2/layers/attention.py:33: UserWarning: xFormers is not available (Attention)
  warnings.warn("xFormers is not available (Attention)")
/scratch/sgoli125/mmfpn-try/mmpfn/models/dino_v2/layers/block.py:40: UserWarning: xFormers is not available (Block)
  warnings.warn("xFormers is not available (Block)")
CBIS-DDSM mass: kept 1318 of 1318 rows (0 dropped for missing images)
Load embeddings from embeddings/cbis_ddsm/mass_train_all_dinov2.pt
/scratch/sgoli125/mmfpn-try/mmpfn/datasets/cbis_ddsm.py:132: FutureWarning: You are using `torch.load` with `weights_only=False` (the current default value), which uses the default pickle module implicitly. It is possible to construct malicious pickle data which will execute arbitrary code during unpickling (See https://github.com/pytorch/pytorch/blob/main/SECURITY.md#untrusted-models for more details). In a future release, the default value for `weights_only` will be flipped to `True`. This limits the functions that could be executed during unpickling. Arbitrary objects will no longer be allowed to be loaded via this mode unless they are explicitly allowlisted by the user via `torch.serialization.add_safe_globals`. We recommend you start setting `weights_only=True` for any use case where you don't have full control of the loaded file. Please open an issue on GitHub for any issues related to this experimental feature.
  self.embeddings = torch.load(path)
CBIS-DDSM mass: kept 378 of 378 rows (0 dropped for missing images)
Load embeddings from embeddings/cbis_ddsm/mass_test_all_dinov2.pt
/scratch/sgoli125/mmfpn-try/mmpfn/datasets/cbis_ddsm.py:132: FutureWarning: You are using `torch.load` with `weights_only=False` (the current default value), which uses the default pickle module implicitly. It is possible to construct malicious pickle data which will execute arbitrary code during unpickling (See https://github.com/pytorch/pytorch/blob/main/SECURITY.md#untrusted-models for more details). In a future release, the default value for `weights_only` will be flipped to `True`. This limits the functions that could be executed during unpickling. Arbitrary objects will no longer be allowed to be loaded via this mode unless they are explicitly allowlisted by the user via `torch.serialization.add_safe_globals`. We recommend you start setting `weights_only=True` for any use case where you don't have full control of the loaded file. Please open an issue on GitHub for any issues related to this experimental feature.
  self.embeddings = torch.load(path)
[I 2026-09-18 03:37:06,877] A new study created in memory with name: no-name-d3bdef1d-26d9-44f3-a98d-ef500dbd80e5
mgm_heads:64, cap_heads:32
[2026-09-18 03:37:18,124] INFO - backbone=MMTabFM params=1684.2M trainable=64.3M amp=torch.bfloat16 modality_tokens=yes
[2026-09-18 03:37:18,209] DEBUG - 
    === Basic / Validation State ===
        	Early Stopping Metric: log_loss
        	Val Samples: 264 | Total Samples: 1318
        	Model #parameter: 1684249674 (trainable: 64288832)
        	AMP dtype: torch.bfloat16

[2026-09-18 03:37:28,254] DEBUG - 
        === Learning HPs ===
            	Batch Size: 1
            	Lr: 1e-05 | Weight Decay: 0
            	Max Steps: 100
            	AdaptiveES: Adaptive Rate 0.2 | Min Patience 50 | Max Patience 100
            	Update Every N Steps: 1 | Validate Every N Steps: 1
        
[2026-09-18 03:37:35,903] DEBUG - Initial validation loss: 0.19927909902073743

[2026-09-18 03:38:47,834] INFO - Initial Validation Loss: 0.19927909902073743 Best Validation Loss: 0.19893520262593126 Total Steps: 101 Best Step: 41 Total Time Spent: 90.98766708374023
backbone=MMTabFM params=1684.2M modality_tokens=yes train_rows=1318 test_rows=378
accuracy_score (Finetuned): 0.7354497354497355
[2026-09-18 03:39:06,529] INFO - backbone=MMTabFM params=1684.2M trainable=64.3M amp=torch.bfloat16 modality_tokens=yes
[2026-09-18 03:39:06,530] DEBUG - 
    === Basic / Validation State ===
        	Early Stopping Metric: log_loss
        	Val Samples: 264 | Total Samples: 1318
        	Model #parameter: 1684249674 (trainable: 64288832)
        	AMP dtype: torch.bfloat16

[2026-09-18 03:39:06,533] DEBUG - 
        === Learning HPs ===
            	Batch Size: 1
            	Lr: 1e-05 | Weight Decay: 0
            	Max Steps: 100
            	AdaptiveES: Adaptive Rate 0.2 | Min Patience 50 | Max Patience 100
            	Update Every N Steps: 1 | Validate Every N Steps: 1
        
[2026-09-18 03:39:07,072] DEBUG - Initial validation loss: 0.22408726958661782

[2026-09-18 03:40:20,048] INFO - Initial Validation Loss: 0.22408726958661782 Best Validation Loss: 0.19569270450057852 Total Steps: 101 Best Step: 47 Total Time Spent: 73.8471987247467
backbone=MMTabFM params=1684.2M modality_tokens=yes train_rows=1318 test_rows=378
accuracy_score (Finetuned): 0.7513227513227513
[2026-09-18 03:40:38,756] INFO - backbone=MMTabFM params=1684.2M trainable=64.3M amp=torch.bfloat16 modality_tokens=yes
[2026-09-18 03:40:38,756] DEBUG - 
    === Basic / Validation State ===
        	Early Stopping Metric: log_loss
        	Val Samples: 264 | Total Samples: 1318
        	Model #parameter: 1684249674 (trainable: 64288832)
        	AMP dtype: torch.bfloat16

[2026-09-18 03:40:38,759] DEBUG - 
        === Learning HPs ===
            	Batch Size: 1
            	Lr: 1e-05 | Weight Decay: 0
            	Max Steps: 100
            	AdaptiveES: Adaptive Rate 0.2 | Min Patience 50 | Max Patience 100
            	Update Every N Steps: 1 | Validate Every N Steps: 1
        
[2026-09-18 03:40:39,279] DEBUG - Initial validation loss: 0.20959769015982319

[2026-09-18 03:41:50,327] INFO - Initial Validation Loss: 0.20959769015982319 Best Validation Loss: 0.20561505740960723 Total Steps: 101 Best Step: 16 Total Time Spent: 71.90408778190613
backbone=MMTabFM params=1684.2M modality_tokens=yes train_rows=1318 test_rows=378
accuracy_score (Finetuned): 0.7566137566137566
[2026-09-18 03:42:09,161] INFO - backbone=MMTabFM params=1684.2M trainable=64.3M amp=torch.bfloat16 modality_tokens=yes
[2026-09-18 03:42:09,201] DEBUG - 
    === Basic / Validation State ===
        	Early Stopping Metric: log_loss
        	Val Samples: 264 | Total Samples: 1318
        	Model #parameter: 1684249674 (trainable: 64288832)
        	AMP dtype: torch.bfloat16

[2026-09-18 03:42:09,205] DEBUG - 
        === Learning HPs ===
            	Batch Size: 1
            	Lr: 1e-05 | Weight Decay: 0
            	Max Steps: 100
            	AdaptiveES: Adaptive Rate 0.2 | Min Patience 50 | Max Patience 100
            	Update Every N Steps: 1 | Validate Every N Steps: 1
        
[2026-09-18 03:42:09,726] DEBUG - Initial validation loss: 0.2104663149725843

[2026-09-18 03:43:24,879] INFO - Initial Validation Loss: 0.2104663149725843 Best Validation Loss: 0.1829034523728095 Total Steps: 101 Best Step: 95 Total Time Spent: 76.01403903961182
backbone=MMTabFM params=1684.2M modality_tokens=yes train_rows=1318 test_rows=378
accuracy_score (Finetuned): 0.7142857142857143
[2026-09-18 03:43:43,697] INFO - backbone=MMTabFM params=1684.2M trainable=64.3M amp=torch.bfloat16 modality_tokens=yes
[2026-09-18 03:43:43,697] DEBUG - 
    === Basic / Validation State ===
        	Early Stopping Metric: log_loss
        	Val Samples: 264 | Total Samples: 1318
        	Model #parameter: 1684249674 (trainable: 64288832)
        	AMP dtype: torch.bfloat16

[2026-09-18 03:43:43,701] DEBUG - 
        === Learning HPs ===
            	Batch Size: 1
            	Lr: 1e-05 | Weight Decay: 0
            	Max Steps: 100
            	AdaptiveES: Adaptive Rate 0.2 | Min Patience 50 | Max Patience 100
            	Update Every N Steps: 1 | Validate Every N Steps: 1
        
[2026-09-18 03:43:44,206] DEBUG - Initial validation loss: 0.21052611361227322

[2026-09-18 03:44:55,600] INFO - Initial Validation Loss: 0.21052611361227322 Best Validation Loss: 0.19167625078712358 Total Steps: 101 Best Step: 30 Total Time Spent: 72.1946713924408
backbone=MMTabFM params=1684.2M modality_tokens=yes train_rows=1318 test_rows=378
accuracy_score (Finetuned): 0.7275132275132276
Mean Accuracy: 0.737037037037037
Std Accuracy: 0.015480146918865375
[I 2026-09-18 03:45:05,111] Trial 0 finished with value: 0.737037037037037 and parameters: {'mgm_heads': 64, 'cap_heads': 32}. Best is trial 0 with value: 0.737037037037037.
Best parameters: {'mgm_heads': 64, 'cap_heads': 32}
Best value: 0.737037037037037
