/scratch/sgoli125/mmfpn-try/mmpfn/models/dino_v2/layers/swiglu_ffn.py:51: UserWarning: xFormers is not available (SwiGLU)
  warnings.warn("xFormers is not available (SwiGLU)")
/scratch/sgoli125/mmfpn-try/mmpfn/models/dino_v2/layers/attention.py:33: UserWarning: xFormers is not available (Attention)
  warnings.warn("xFormers is not available (Attention)")
/scratch/sgoli125/mmfpn-try/mmpfn/models/dino_v2/layers/block.py:40: UserWarning: xFormers is not available (Block)
  warnings.warn("xFormers is not available (Block)")

0it [00:00, ?it/s]
1it [00:02,  2.42s/it]
10it [00:02,  5.40it/s]
21it [00:02, 13.08it/s]
33it [00:02, 23.19it/s]
46it [00:02, 35.84it/s]
59it [00:02, 49.29it/s]
71it [00:03, 59.41it/s]
84it [00:03, 72.31it/s]
97it [00:03, 83.36it/s]
109it [00:03, 91.28it/s]
121it [00:03, 95.94it/s]
134it [00:03, 102.89it/s]
147it [00:03, 108.17it/s]
159it [00:03, 84.53it/s] 
172it [00:04, 93.20it/s]
184it [00:04, 97.90it/s]
195it [00:04, 100.29it/s]
207it [00:04, 105.42it/s]
220it [00:04, 110.14it/s]
232it [00:04, 108.32it/s]
245it [00:04, 112.46it/s]
258it [00:04, 114.85it/s]
270it [00:04, 115.07it/s]
282it [00:04, 114.36it/s]
295it [00:05, 116.29it/s]
308it [00:05, 117.53it/s]
320it [00:05, 114.24it/s]
333it [00:05, 115.92it/s]
346it [00:05, 117.31it/s]
358it [00:05, 115.18it/s]
370it [00:05, 111.84it/s]
383it [00:05, 114.35it/s]
396it [00:05, 116.23it/s]
408it [00:06, 112.46it/s]
420it [00:06, 114.44it/s]
433it [00:06, 116.31it/s]
445it [00:06, 113.02it/s]
457it [00:06, 112.83it/s]
470it [00:06, 115.32it/s]
483it [00:06, 116.97it/s]
495it [00:06, 111.76it/s]
508it [00:06, 114.89it/s]
521it [00:07, 117.07it/s]
533it [00:07, 111.15it/s]
546it [00:07, 113.95it/s]
559it [00:07, 115.73it/s]
571it [00:07, 116.86it/s]
583it [00:07, 112.80it/s]
596it [00:07, 115.99it/s]
608it [00:07, 117.05it/s]
620it [00:07, 109.88it/s]
633it [00:08, 112.87it/s]
646it [00:08, 115.27it/s]
658it [00:08, 111.35it/s]
670it [00:08, 113.67it/s]
682it [00:08, 115.11it/s]
694it [00:08, 112.59it/s]
707it [00:08, 115.36it/s]
719it [00:08, 116.26it/s]
732it [00:08, 116.58it/s]
744it [00:09, 114.45it/s]
757it [00:09, 116.48it/s]
770it [00:09, 117.83it/s]
782it [00:09, 114.00it/s]
795it [00:09, 115.93it/s]
807it [00:09, 116.98it/s]
819it [00:09, 115.40it/s]
831it [00:09, 114.21it/s]
844it [00:09, 116.41it/s]
857it [00:09, 118.15it/s]
869it [00:10, 110.10it/s]
882it [00:10, 113.29it/s]
895it [00:10, 116.35it/s]
907it [00:10, 115.69it/s]
919it [00:10, 116.61it/s]
932it [00:10, 117.20it/s]
945it [00:10, 118.26it/s]
957it [00:10, 114.00it/s]
970it [00:10, 117.30it/s]
983it [00:11, 119.31it/s]
995it [00:11, 117.47it/s]
1007it [00:11, 117.01it/s]
1020it [00:11, 119.58it/s]
1033it [00:11, 121.63it/s]
1046it [00:11, 114.71it/s]
1059it [00:11, 118.41it/s]
1072it [00:11, 120.36it/s]
1085it [00:11, 118.92it/s]
1098it [00:12, 119.71it/s]
1111it [00:12, 121.55it/s]
1124it [00:12, 118.96it/s]
1136it [00:12, 116.25it/s]
1149it [00:12, 119.41it/s]
1162it [00:12, 121.65it/s]
1175it [00:12, 117.11it/s]
1188it [00:12, 120.01it/s]
1201it [00:12, 121.77it/s]
1214it [00:12, 118.33it/s]
1226it [00:13, 115.35it/s]
1239it [00:13, 118.54it/s]
1252it [00:13, 120.75it/s]
1265it [00:13, 116.00it/s]
1278it [00:13, 119.45it/s]
1291it [00:13, 121.81it/s]
1304it [00:13, 119.53it/s]
1317it [00:13, 120.14it/s]
1330it [00:13, 122.27it/s]
1343it [00:14, 123.29it/s]
1356it [00:14, 116.47it/s]
1369it [00:14, 118.95it/s]
1382it [00:14, 121.35it/s]
1395it [00:14, 120.21it/s]
1408it [00:14, 118.52it/s]
1421it [00:14, 121.22it/s]
1434it [00:14, 122.25it/s]
1447it [00:14, 119.43it/s]
1460it [00:15, 120.96it/s]
1473it [00:15, 122.37it/s]
1486it [00:15, 119.53it/s]
1498it [00:15, 118.98it/s]
1511it [00:15, 121.23it/s]
1524it [00:15, 122.63it/s]
1537it [00:15, 116.45it/s]
1550it [00:15, 119.37it/s]
1563it [00:15, 121.36it/s]
1576it [00:16, 119.16it/s]
1588it [00:16, 119.36it/s]
1601it [00:16, 121.63it/s]
1614it [00:16, 122.88it/s]
1627it [00:16, 118.02it/s]
1640it [00:16, 120.14it/s]
1653it [00:16, 122.15it/s]
1666it [00:16, 120.34it/s]
1679it [00:16, 120.13it/s]
1692it [00:16, 121.22it/s]
1705it [00:17, 122.79it/s]
1718it [00:17, 117.95it/s]
1731it [00:17, 119.92it/s]
1744it [00:17, 122.06it/s]
1757it [00:17, 114.24it/s]
1770it [00:17, 117.37it/s]
1783it [00:17, 119.97it/s]
1796it [00:17, 121.32it/s]
1809it [00:17, 118.21it/s]
1822it [00:18, 120.46it/s]
1835it [00:18, 121.93it/s]
1848it [00:18, 116.21it/s]
1861it [00:18, 118.94it/s]
1874it [00:18, 120.89it/s]
1887it [00:18, 121.05it/s]
1900it [00:18, 115.27it/s]
1913it [00:18, 118.10it/s]
1926it [00:18, 120.20it/s]
1939it [00:19, 115.20it/s]
1952it [00:19, 118.10it/s]
1965it [00:19, 120.03it/s]
1978it [00:19, 119.91it/s]
1991it [00:19, 119.36it/s]
2004it [00:19, 121.48it/s]
2017it [00:19, 122.87it/s]
2030it [00:19, 117.96it/s]
2043it [00:19, 120.28it/s]
2056it [00:20, 122.27it/s]
2069it [00:20, 121.46it/s]
2082it [00:20, 120.20it/s]
2095it [00:20, 121.76it/s]
2108it [00:20, 122.96it/s]
2121it [00:20, 115.33it/s]
2134it [00:20, 118.12it/s]
2147it [00:20, 120.23it/s]
2160it [00:20, 116.33it/s]
2173it [00:21, 118.53it/s]
2186it [00:21, 120.84it/s]
2199it [00:21, 122.35it/s]
2212it [00:21, 118.04it/s]
2225it [00:21, 120.15it/s]
2238it [00:21, 122.20it/s]
2251it [00:21, 115.42it/s]
2264it [00:21, 118.88it/s]
2277it [00:21, 120.89it/s]
2290it [00:21, 122.24it/s]
2303it [00:22, 118.29it/s]
2316it [00:22, 120.27it/s]
2329it [00:22, 122.26it/s]
2342it [00:22, 117.97it/s]
2355it [00:22, 120.36it/s]
2368it [00:22, 122.20it/s]
2381it [00:22, 121.87it/s]
2394it [00:22, 119.88it/s]
2407it [00:22, 121.09it/s]
2420it [00:23, 122.27it/s]
2433it [00:23, 117.48it/s]
2446it [00:23, 119.72it/s]
2459it [00:23, 121.48it/s]
2472it [00:23, 118.37it/s]
2484it [00:23, 116.72it/s]
2497it [00:23, 118.80it/s]
2509it [00:23, 116.96it/s]
2521it [00:23, 115.78it/s]
2534it [00:24, 118.66it/s]
2546it [00:24, 116.01it/s]
2558it [00:24, 111.90it/s]
2570it [00:24, 113.81it/s]
2583it [00:24, 115.67it/s]
2595it [00:24, 111.67it/s]
2608it [00:24, 114.47it/s]
2621it [00:24, 117.65it/s]
2633it [00:24, 115.61it/s]
2645it [00:24, 114.38it/s]
2658it [00:25, 117.39it/s]
2671it [00:25, 119.60it/s]
2683it [00:25, 116.90it/s]
2696it [00:25, 119.49it/s]
2709it [00:25, 121.12it/s]
2722it [00:25, 118.02it/s]
2734it [00:25, 116.09it/s]
2747it [00:25, 117.88it/s]
2759it [00:25, 118.31it/s]
2771it [00:26, 114.79it/s]
2783it [00:26, 116.24it/s]
2796it [00:26, 117.39it/s]
2808it [00:26, 114.97it/s]
2820it [00:26, 113.94it/s]
2832it [00:26, 115.57it/s]
2845it [00:26, 116.97it/s]
2857it [00:26, 112.09it/s]
2869it [00:26, 114.27it/s]
2881it [00:27, 115.70it/s]
2893it [00:27, 113.96it/s]
2905it [00:27, 111.37it/s]
2917it [00:27, 113.49it/s]
2929it [00:27, 115.22it/s]
2941it [00:27, 111.07it/s]
2954it [00:27, 113.97it/s]
2966it [00:27, 115.38it/s]
2978it [00:27, 114.74it/s]
2990it [00:27, 113.05it/s]
3002it [00:28, 114.98it/s]
3014it [00:28, 115.92it/s]
3026it [00:28, 110.60it/s]
3039it [00:28, 113.62it/s]
3051it [00:28, 115.29it/s]
3063it [00:28, 112.40it/s]
3075it [00:28, 108.84it/s]
3087it [00:28, 111.72it/s]
3099it [00:28, 113.85it/s]
3111it [00:29, 110.48it/s]
3123it [00:29, 112.74it/s]
3135it [00:29, 114.59it/s]
3147it [00:29, 115.54it/s]
3159it [00:29, 110.17it/s]
3171it [00:29, 112.76it/s]
3183it [00:29, 114.63it/s]
3195it [00:29, 111.60it/s]
3207it [00:29, 113.94it/s]
3219it [00:30, 115.13it/s]
3231it [00:30, 116.51it/s]
3243it [00:30, 109.23it/s]
3255it [00:30, 112.16it/s]
3267it [00:30, 114.23it/s]
3279it [00:30, 110.02it/s]
3291it [00:30, 112.56it/s]
3304it [00:30, 114.78it/s]
3316it [00:30, 115.81it/s]
3328it [00:30, 107.65it/s]
3340it [00:31, 110.79it/s]
3353it [00:31, 113.69it/s]
3365it [00:31, 110.40it/s]
3377it [00:31, 113.00it/s]
3389it [00:31, 114.98it/s]
3402it [00:31, 115.51it/s]
3414it [00:31, 111.45it/s]
3426it [00:31, 113.46it/s]
3438it [00:31, 114.25it/s]
3450it [00:32, 106.92it/s]
3462it [00:32, 110.25it/s]
3474it [00:32, 111.16it/s]
3486it [00:32, 113.08it/s]
3498it [00:32, 111.04it/s]
3510it [00:32, 113.29it/s]
3522it [00:32, 114.92it/s]
3534it [00:32, 107.86it/s]
3546it [00:32, 111.07it/s]
3559it [00:33, 113.88it/s]
3571it [00:33, 115.39it/s]
3583it [00:33, 111.54it/s]
3596it [00:33, 114.07it/s]
3608it [00:33, 115.52it/s]
3620it [00:33, 112.40it/s]
3632it [00:33, 114.42it/s]
3644it [00:33, 115.80it/s]
3656it [00:33, 116.97it/s]
3668it [00:33, 111.22it/s]
3680it [00:34, 113.62it/s]
3692it [00:34, 115.29it/s]
3704it [00:34, 110.07it/s]
3716it [00:34, 109.90it/s]
3728it [00:34, 112.61it/s]
3740it [00:34, 114.48it/s]
3752it [00:34, 109.89it/s]
3765it [00:34, 113.08it/s]
3777it [00:34, 114.87it/s]
3789it [00:35, 110.95it/s]
3801it [00:35, 111.72it/s]
3813it [00:35, 113.80it/s]
3826it [00:35, 115.83it/s]
3838it [00:35, 109.51it/s]
3850it [00:35, 112.25it/s]
3862it [00:35, 114.20it/s]
3874it [00:35, 113.64it/s]
3886it [00:35, 113.15it/s]
3898it [00:36, 114.77it/s]
3910it [00:36, 115.76it/s]
3922it [00:36, 110.17it/s]
3935it [00:36, 113.10it/s]
3947it [00:36, 114.65it/s]
3959it [00:36, 113.78it/s]
3971it [00:36, 113.51it/s]
3984it [00:36, 115.78it/s]
3996it [00:36, 116.71it/s]
4008it [00:37, 111.99it/s]
4021it [00:37, 114.61it/s]
4033it [00:37, 116.12it/s]
4045it [00:37, 114.41it/s]
4057it [00:37, 112.74it/s]
4069it [00:37, 114.18it/s]
4082it [00:37, 116.15it/s]
4094it [00:37, 112.03it/s]
4107it [00:37, 115.07it/s]
4120it [00:37, 116.93it/s]
4132it [00:38, 117.61it/s]
4144it [00:38, 113.44it/s]
4156it [00:38, 115.28it/s]
4168it [00:38, 113.96it/s]
4180it [00:38, 110.68it/s]
4193it [00:38, 114.04it/s]
4205it [00:38, 115.46it/s]
4217it [00:38, 111.47it/s]
4229it [00:38, 113.59it/s]
4241it [00:39, 115.15it/s]
4253it [00:39, 115.27it/s]
4265it [00:39, 112.27it/s]
4277it [00:39, 114.24it/s]
4289it [00:39, 115.46it/s]
4301it [00:39, 109.95it/s]
4313it [00:39, 112.66it/s]
4325it [00:39, 114.26it/s]
4337it [00:39, 115.61it/s]
4349it [00:39, 111.54it/s]
4362it [00:40, 114.09it/s]
4374it [00:40, 115.74it/s]
4386it [00:40, 112.08it/s]
4398it [00:40, 114.00it/s]
4410it [00:40, 115.70it/s]
4422it [00:40, 116.86it/s]
4434it [00:40, 115.08it/s]
4447it [00:40, 116.55it/s]
4459it [00:40, 117.47it/s]
4471it [00:41, 113.99it/s]
4484it [00:41, 115.83it/s]
4496it [00:41, 116.71it/s]
4509it [00:41, 117.38it/s]
4521it [00:41, 110.66it/s]
4533it [00:41, 113.22it/s]
4545it [00:41, 114.84it/s]
4557it [00:41, 111.21it/s]
4570it [00:41, 113.78it/s]
4582it [00:42, 115.31it/s]
4595it [00:42, 116.03it/s]
4607it [00:42, 112.33it/s]
4619it [00:42, 114.12it/s]
4631it [00:42, 114.88it/s]
4643it [00:42, 111.68it/s]
4655it [00:42, 113.87it/s]
4667it [00:42, 115.60it/s]
4679it [00:42, 107.85it/s]
4691it [00:42, 111.17it/s]
4703it [00:43, 113.19it/s]
4715it [00:43, 114.99it/s]
4727it [00:43, 112.39it/s]
4739it [00:43, 114.52it/s]
4751it [00:43, 115.73it/s]
4763it [00:43, 109.61it/s]
4775it [00:43, 112.15it/s]
4788it [00:43, 114.68it/s]
4800it [00:43, 115.85it/s]
4812it [00:44, 110.96it/s]
4825it [00:44, 113.66it/s]
4838it [00:44, 115.54it/s]
4850it [00:44, 110.64it/s]
4862it [00:44, 112.59it/s]
4874it [00:44, 114.31it/s]
4886it [00:44, 115.11it/s]
4898it [00:44, 111.02it/s]
4910it [00:44, 113.29it/s]
4923it [00:45, 115.34it/s]
4935it [00:45, 109.04it/s]
4947it [00:45, 111.56it/s]
4959it [00:45, 113.80it/s]
4972it [00:45, 115.26it/s]
4984it [00:45, 111.00it/s]
4996it [00:45, 113.42it/s]
5009it [00:45, 115.40it/s]
5021it [00:45, 112.11it/s]
5033it [00:46, 114.26it/s]
5046it [00:46, 116.35it/s]
5058it [00:46, 114.21it/s]
5070it [00:46, 109.22it/s]
5082it [00:46, 112.10it/s]
5094it [00:46, 114.08it/s]
5106it [00:46, 109.75it/s]
5118it [00:46, 112.62it/s]
5130it [00:46, 114.33it/s]
5143it [00:46, 115.91it/s]
5155it [00:47, 111.16it/s]
5167it [00:47, 113.18it/s]
5179it [00:47, 114.55it/s]
5191it [00:47, 112.39it/s]
5203it [00:47, 114.08it/s]
5216it [00:47, 115.89it/s]
5228it [00:47, 116.36it/s]
5240it [00:47, 111.47it/s]
5252it [00:47, 113.52it/s]
5264it [00:48, 115.22it/s]
5276it [00:48, 111.19it/s]
5288it [00:48, 113.45it/s]
5300it [00:48, 114.96it/s]
5312it [00:48, 116.14it/s]
5324it [00:48, 108.00it/s]
5336it [00:48, 111.11it/s]
5349it [00:48, 114.07it/s]
5361it [00:48, 112.28it/s]
5374it [00:49, 114.95it/s]
5387it [00:49, 116.57it/s]
5400it [00:49, 117.50it/s]
5412it [00:49, 114.99it/s]
5425it [00:49, 116.92it/s]
5438it [00:49, 118.35it/s]
5450it [00:49, 113.87it/s]
5463it [00:49, 116.20it/s]
5475it [00:49, 117.10it/s]
5487it [00:49, 116.36it/s]
5499it [00:50, 111.21it/s]
5511it [00:50, 113.65it/s]
5524it [00:50, 115.56it/s]
5536it [00:50, 111.48it/s]
5548it [00:50, 113.31it/s]
5560it [00:50, 115.19it/s]
5572it [00:50, 115.14it/s]
5584it [00:50, 112.14it/s]
5596it [00:50, 114.23it/s]
5608it [00:51, 115.63it/s]
5620it [00:51, 110.96it/s]
5632it [00:51, 113.19it/s]
5644it [00:51, 115.02it/s]
5657it [00:51, 116.03it/s]
5669it [00:51, 107.96it/s]
5682it [00:51, 111.70it/s]
5694it [00:51, 113.78it/s]
5706it [00:51, 111.93it/s]
5718it [00:52, 113.92it/s]
5730it [00:52, 115.44it/s]
5742it [00:52, 116.66it/s]
5754it [00:52, 110.78it/s]
5767it [00:52, 113.69it/s]
5779it [00:52, 115.00it/s]
5791it [00:52, 109.71it/s]
5804it [00:52, 113.01it/s]
5816it [00:52, 114.83it/s]
5828it [00:52, 115.06it/s]
5840it [00:53, 112.39it/s]
5852it [00:53, 114.26it/s]
5864it [00:53, 115.62it/s]
5876it [00:53, 113.83it/s]
5888it [00:53, 115.12it/s]
5901it [00:53, 117.02it/s]
5913it [00:53, 108.90it/s]
5925it [00:53, 111.65it/s]
5937it [00:53, 113.64it/s]
5949it [00:54, 114.41it/s]
5961it [00:54, 112.49it/s]
5973it [00:54, 113.93it/s]
5985it [00:54, 115.49it/s]
5997it [00:54, 110.94it/s]
6009it [00:54, 113.45it/s]
6021it [00:54, 115.05it/s]
6033it [00:54, 116.23it/s]
6045it [00:54, 110.14it/s]
6057it [00:55, 112.55it/s]
6069it [00:55, 114.34it/s]
6081it [00:55, 109.82it/s]
6093it [00:55, 112.13it/s]
6105it [00:55, 114.05it/s]
6118it [00:55, 116.19it/s]
6130it [00:55, 110.84it/s]
6142it [00:55, 112.95it/s]
6155it [00:55, 115.18it/s]
6167it [00:55, 111.79it/s]
6179it [00:56, 113.95it/s]
6191it [00:56, 115.51it/s]
6203it [00:56, 116.49it/s]
6215it [00:56, 113.57it/s]
6227it [00:56, 115.07it/s]
6239it [00:56, 116.23it/s]
6251it [00:56, 112.19it/s]
6263it [00:56, 112.84it/s]
6275it [00:56, 114.87it/s]
6288it [00:57, 116.68it/s]
6300it [00:57, 111.59it/s]
6312it [00:57, 113.75it/s]
6324it [00:57, 115.44it/s]
6336it [00:57, 113.55it/s]
6348it [00:57, 112.24it/s]
6360it [00:57, 114.33it/s]
6372it [00:57, 115.49it/s]
6384it [00:57, 107.18it/s]
6397it [00:58, 111.17it/s]
6409it [00:58, 113.49it/s]
6421it [00:58, 114.37it/s]
6433it [00:58, 112.33it/s]
6445it [00:58, 114.22it/s]
6457it [00:58, 115.60it/s]
6469it [00:58, 108.04it/s]
6481it [00:58, 110.95it/s]
6493it [00:58, 113.34it/s]
6505it [00:58, 115.03it/s]
6517it [00:59, 111.63it/s]
6529it [00:59, 113.45it/s]
6541it [00:59, 114.88it/s]
6553it [00:59, 109.72it/s]
6566it [00:59, 112.74it/s]
6578it [00:59, 114.72it/s]
6590it [00:59, 115.82it/s]
6602it [00:59, 109.98it/s]
6614it [00:59, 112.43it/s]
6626it [01:00, 114.54it/s]
6638it [01:00, 111.53it/s]
6650it [01:00, 113.50it/s]
6662it [01:00, 115.12it/s]
6674it [01:00, 116.33it/s]
6686it [01:00, 109.83it/s]
6698it [01:00, 112.42it/s]
6711it [01:00, 114.83it/s]
6723it [01:00, 109.94it/s]
6735it [01:01, 111.27it/s]
6747it [01:01, 113.67it/s]
6759it [01:01, 115.21it/s]
6771it [01:01, 109.95it/s]
6783it [01:01, 112.65it/s]
6796it [01:01, 114.94it/s]
6808it [01:01, 113.09it/s]
6821it [01:01, 115.25it/s]
6834it [01:01, 117.09it/s]
6846it [01:01, 117.83it/s]
6858it [01:02, 110.54it/s]
6870it [01:02, 113.14it/s]
6882it [01:02, 110.72it/s]
6894it [01:02, 109.08it/s]
6906it [01:02, 112.09it/s]
6918it [01:02, 114.13it/s]
6931it [01:02, 115.26it/s]
6943it [01:02, 109.45it/s]
6956it [01:02, 112.62it/s]
6968it [01:03, 114.49it/s]
6980it [01:03, 111.54it/s]
6992it [01:03, 113.83it/s]
7005it [01:03, 116.01it/s]
7017it [01:03, 116.02it/s]
7029it [01:03, 109.87it/s]
7042it [01:03, 113.82it/s]
7055it [01:03, 117.02it/s]
7067it [01:03, 112.24it/s]
7080it [01:04, 114.82it/s]
7092it [01:04, 116.00it/s]
7105it [01:04, 116.47it/s]
7117it [01:04, 113.15it/s]
7129it [01:04, 114.93it/s]
7141it [01:04, 116.34it/s]
7153it [01:04, 108.67it/s]
7165it [01:04, 111.71it/s]
7177it [01:04, 113.74it/s]
7189it [01:04, 114.49it/s]
7201it [01:05, 113.55it/s]
7213it [01:05, 115.05it/s]
7226it [01:05, 116.77it/s]
7238it [01:05, 114.20it/s]
7250it [01:05, 115.64it/s]
7263it [01:05, 117.53it/s]
7275it [01:05, 117.98it/s]
7287it [01:05, 112.85it/s]
7300it [01:05, 115.21it/s]
7313it [01:06, 116.84it/s]
7325it [01:06, 111.88it/s]
7338it [01:06, 114.59it/s]
7351it [01:06, 116.21it/s]
7363it [01:06, 111.11it/s]
7375it [01:06, 110.79it/s]
7387it [01:06, 113.29it/s]
7399it [01:06, 114.97it/s]
7411it [01:06, 109.57it/s]
7423it [01:07, 112.37it/s]
7435it [01:07, 114.47it/s]
7447it [01:07, 113.52it/s]
7459it [01:07, 112.25it/s]
7472it [01:07, 114.83it/s]
7484it [01:07, 115.78it/s]
7496it [01:07, 108.45it/s]
7508it [01:07, 111.27it/s]
7521it [01:07, 114.51it/s]
7533it [01:08, 114.66it/s]
7545it [01:08, 112.65it/s]
7558it [01:08, 115.07it/s]
7570it [01:08, 113.31it/s]
7582it [01:08, 109.97it/s]
7595it [01:08, 113.93it/s]
7608it [01:08, 115.91it/s]
7620it [01:08, 113.37it/s]
7633it [01:08, 115.72it/s]
7646it [01:08, 117.54it/s]
7658it [01:09, 113.71it/s]
7670it [01:09, 114.87it/s]
7683it [01:09, 118.01it/s]
7696it [01:09, 120.34it/s]
7709it [01:09, 118.69it/s]
7722it [01:09, 120.52it/s]
7735it [01:09, 121.88it/s]
7748it [01:09, 114.53it/s]
7761it [01:09, 117.46it/s]
7774it [01:10, 118.98it/s]
7787it [01:10, 118.72it/s]
7799it [01:10, 115.10it/s]
7811it [01:10, 116.24it/s]
7823it [01:10, 116.93it/s]
7835it [01:10, 112.06it/s]
7847it [01:10, 113.63it/s]
7859it [01:10, 115.15it/s]
7872it [01:10, 116.59it/s]
7884it [01:11, 113.06it/s]
7896it [01:11, 114.31it/s]
7909it [01:11, 116.13it/s]
7921it [01:11, 109.86it/s]
7934it [01:11, 113.36it/s]
7947it [01:11, 115.63it/s]
7959it [01:11, 115.54it/s]
7971it [01:11, 112.54it/s]
7983it [01:11, 114.07it/s]
7996it [01:12, 115.91it/s]
8008it [01:12, 111.12it/s]
8020it [01:12, 113.20it/s]
8032it [01:12, 114.93it/s]
8044it [01:12, 110.10it/s]
8056it [01:12, 112.54it/s]
8068it [01:12, 114.33it/s]
8080it [01:12, 112.47it/s]
8092it [01:12, 113.55it/s]
8105it [01:12, 115.48it/s]
8117it [01:13, 116.50it/s]
8129it [01:13, 110.94it/s]
8141it [01:13, 113.40it/s]
8154it [01:13, 116.20it/s]
8166it [01:13, 113.77it/s]
8178it [01:13, 113.90it/s]
8190it [01:13, 115.57it/s]
8203it [01:13, 117.10it/s]
8215it [01:13, 112.27it/s]
8227it [01:14, 114.14it/s]
8239it [01:14, 115.45it/s]
8251it [01:14, 112.97it/s]
8263it [01:14, 112.35it/s]
8275it [01:14, 114.40it/s]
8287it [01:14, 115.66it/s]
8299it [01:14, 107.56it/s]
8311it [01:14, 110.93it/s]
8324it [01:14, 113.94it/s]
8336it [01:15, 113.02it/s]
8348it [01:15, 112.50it/s]
8360it [01:15, 114.41it/s]
8372it [01:15, 115.47it/s]
8384it [01:15, 107.81it/s]
8396it [01:15, 111.02it/s]
8408it [01:15, 113.41it/s]
8420it [01:15, 114.17it/s]
8432it [01:15, 111.03it/s]
8444it [01:15, 113.56it/s]
8457it [01:16, 115.53it/s]
8469it [01:16, 111.58it/s]
8481it [01:16, 113.72it/s]
8493it [01:16, 114.93it/s]
8505it [01:16, 116.06it/s]
8517it [01:16, 110.23it/s]
8530it [01:16, 113.20it/s]
8542it [01:16, 115.06it/s]
8554it [01:16, 110.73it/s]
8566it [01:17, 113.21it/s]
8578it [01:17, 115.00it/s]
8590it [01:17, 116.07it/s]
8602it [01:17, 111.71it/s]
8615it [01:17, 114.41it/s]
8627it [01:17, 115.86it/s]
8639it [01:17, 111.37it/s]
8652it [01:17, 114.04it/s]
8664it [01:17, 115.45it/s]
8676it [01:18, 114.39it/s]
8688it [01:18, 108.93it/s]
8700it [01:18, 111.88it/s]
8713it [01:18, 114.66it/s]
8725it [01:18, 109.89it/s]
8737it [01:18, 112.32it/s]
8750it [01:18, 114.68it/s]
8762it [01:18, 114.90it/s]
8774it [01:18, 111.58it/s]
8786it [01:19, 113.77it/s]
8799it [01:19, 115.68it/s]
8811it [01:19, 110.79it/s]
8823it [01:19, 113.25it/s]
8835it [01:19, 114.73it/s]
8847it [01:19, 116.11it/s]
8859it [01:19, 111.87it/s]
8871it [01:19, 113.85it/s]
8884it [01:19, 115.84it/s]
8896it [01:19, 108.96it/s]
8909it [01:20, 112.22it/s]
8922it [01:20, 114.56it/s]
8934it [01:20, 114.99it/s]
8946it [01:20, 112.00it/s]
8958it [01:20, 114.16it/s]
8970it [01:20, 115.63it/s]
8982it [01:20, 108.39it/s]
8995it [01:20, 112.05it/s]
9008it [01:20, 114.48it/s]
9020it [01:21, 115.75it/s]
9032it [01:21, 112.53it/s]
9045it [01:21, 115.03it/s]
9057it [01:21, 116.35it/s]
9069it [01:21, 112.76it/s]
9082it [01:21, 115.36it/s]
9095it [01:21, 117.02it/s]
9107it [01:21, 115.46it/s]
9119it [01:21, 114.31it/s]
9132it [01:22, 116.24it/s]
9144it [01:22, 117.13it/s]
9156it [01:22, 110.18it/s]
9168it [01:22, 112.82it/s]
9181it [01:22, 115.10it/s]
9193it [01:22, 113.65it/s]
9205it [01:22, 113.61it/s]
9218it [01:22, 115.47it/s]
9231it [01:22, 117.14it/s]
9243it [01:23, 111.19it/s]
9255it [01:23, 113.37it/s]
9268it [01:23, 115.45it/s]
9280it [01:23, 112.43it/s]
9292it [01:23, 113.40it/s]
9305it [01:23, 115.56it/s]
9317it [01:23, 116.27it/s]
9329it [01:23, 111.02it/s]
9341it [01:23, 113.42it/s]
9354it [01:23, 115.56it/s]
9366it [01:24, 114.15it/s]
9378it [01:24, 115.05it/s]
9390it [01:24, 116.28it/s]
9402it [01:24, 117.04it/s]
9414it [01:24, 110.49it/s]
9426it [01:24, 112.98it/s]
9439it [01:24, 115.24it/s]
9451it [01:24, 112.32it/s]
9463it [01:24, 111.59it/s]
9475it [01:25, 113.66it/s]
9488it [01:25, 115.79it/s]
9500it [01:25, 109.67it/s]
9512it [01:25, 112.13it/s]
9524it [01:25, 114.12it/s]
9536it [01:25, 112.61it/s]
9548it [01:25, 111.52it/s]
9560it [01:25, 113.87it/s]
9572it [01:25, 115.62it/s]
9584it [01:26, 111.42it/s]
9597it [01:26, 114.26it/s]
9609it [01:26, 115.56it/s]
9621it [01:26, 113.13it/s]
9633it [01:26, 112.26it/s]
9645it [01:26, 114.07it/s]
9658it [01:26, 115.99it/s]
9670it [01:26, 110.90it/s]
9683it [01:26, 113.78it/s]
9696it [01:26, 115.57it/s]
9708it [01:27, 112.94it/s]
9720it [01:27, 113.33it/s]
9732it [01:27, 114.93it/s]
9745it [01:27, 116.72it/s]
9757it [01:27, 114.29it/s]
9769it [01:27, 115.86it/s]
9781it [01:27, 116.99it/s]
9793it [01:27, 115.59it/s]
9805it [01:27, 114.25it/s]
9818it [01:28, 116.40it/s]
9830it [01:28, 117.10it/s]
9842it [01:28, 110.14it/s]
9854it [01:28, 112.89it/s]
9867it [01:28, 115.09it/s]
9879it [01:28, 112.79it/s]
9891it [01:28, 112.78it/s]
9903it [01:28, 114.68it/s]
9916it [01:28, 116.60it/s]
9928it [01:29, 111.90it/s]
9940it [01:29, 114.16it/s]
9952it [01:29, 115.79it/s]
9964it [01:29, 112.97it/s]
9976it [01:29, 111.09it/s]
9988it [01:29, 113.55it/s]
10000it [01:29, 115.28it/s]
10012it [01:29, 112.43it/s]
10025it [01:29, 115.07it/s]
10038it [01:29, 116.55it/s]
10050it [01:30, 114.77it/s]
10062it [01:30, 114.58it/s]
10075it [01:30, 116.73it/s]
10088it [01:30, 118.03it/s]
10100it [01:30, 115.40it/s]
10113it [01:30, 117.07it/s]
10126it [01:30, 118.26it/s]
10138it [01:30, 115.63it/s]
10150it [01:30, 115.84it/s]
10162it [01:31, 116.04it/s]
10174it [01:31, 117.13it/s]
10186it [01:31, 108.93it/s]
10199it [01:31, 112.35it/s]
10211it [01:31, 114.22it/s]
10223it [01:31, 111.98it/s]
10236it [01:31, 114.47it/s]
10248it [01:31, 115.75it/s]
10260it [01:31, 116.31it/s]
10272it [01:32, 111.05it/s]
10285it [01:32, 114.21it/s]
10297it [01:32, 114.13it/s]
10309it [01:32, 111.50it/s]
10322it [01:32, 114.06it/s]
10335it [01:32, 115.89it/s]
10347it [01:32, 115.69it/s]
10359it [01:32, 113.60it/s]
10372it [01:32, 115.54it/s]
10385it [01:33, 117.24it/s]
10397it [01:33, 112.51it/s]
10409it [01:33, 114.38it/s]
10421it [01:33, 115.69it/s]
10433it [01:33, 113.52it/s]
10445it [01:33, 109.68it/s]
10457it [01:33, 112.52it/s]
10469it [01:33, 114.08it/s]
10481it [01:33, 109.87it/s]
10494it [01:33, 112.95it/s]
10507it [01:34, 115.42it/s]
10519it [01:34, 114.92it/s]
10531it [01:34, 110.37it/s]
10543it [01:34, 112.38it/s]
10555it [01:34, 114.26it/s]
10567it [01:34, 110.55it/s]
10580it [01:34, 113.42it/s]
10592it [01:34, 115.10it/s]
10604it [01:34, 115.65it/s]
10616it [01:35, 113.16it/s]
10628it [01:35, 115.08it/s]
10640it [01:35, 116.36it/s]
10652it [01:35, 112.06it/s]
10664it [01:35, 113.97it/s]
10676it [01:35, 115.59it/s]
10688it [01:35, 116.23it/s]
10700it [01:35, 108.57it/s]
10712it [01:35, 111.59it/s]
10725it [01:36, 114.26it/s]
10737it [01:36, 110.25it/s]
10749it [01:36, 112.95it/s]
10761it [01:36, 114.48it/s]
10773it [01:36, 114.88it/s]
10785it [01:36, 110.24it/s]
10797it [01:36, 112.91it/s]
10809it [01:36, 114.60it/s]
10821it [01:36, 109.74it/s]
10834it [01:36, 112.89it/s]
10847it [01:37, 115.16it/s]
10859it [01:37, 115.98it/s]
10871it [01:37, 112.43it/s]
10883it [01:37, 114.18it/s]
10895it [01:37, 115.53it/s]
10907it [01:37, 110.17it/s]
10920it [01:37, 113.39it/s]
10932it [01:37, 114.69it/s]
10944it [01:37, 115.17it/s]
10956it [01:38, 111.78it/s]
10968it [01:38, 113.94it/s]
10981it [01:38, 115.92it/s]
10993it [01:38, 109.43it/s]
11005it [01:38, 112.01it/s]
11017it [01:38, 113.86it/s]
11029it [01:38, 115.37it/s]
11041it [01:38, 111.22it/s]
11053it [01:38, 113.40it/s]
11066it [01:39, 115.40it/s]
11078it [01:39, 112.62it/s]
11090it [01:39, 114.65it/s]
11102it [01:39, 115.79it/s]
11114it [01:39, 116.95it/s]
11126it [01:39, 113.47it/s]
11139it [01:39, 115.44it/s]
11151it [01:39, 116.34it/s]
11163it [01:39, 107.31it/s]
11175it [01:39, 110.67it/s]
11187it [01:40, 112.80it/s]
11199it [01:40, 114.67it/s]
11211it [01:40, 109.96it/s]
11223it [01:40, 112.77it/s]
11235it [01:40, 114.50it/s]
11247it [01:40, 108.08it/s]
11259it [01:40, 110.36it/s]
11271it [01:40, 112.72it/s]
11283it [01:40, 114.42it/s]
11295it [01:41, 110.92it/s]
11307it [01:41, 113.12it/s]
11319it [01:41, 114.98it/s]
11331it [01:41, 114.17it/s]
11343it [01:41, 113.57it/s]
11355it [01:41, 115.28it/s]
11368it [01:41, 116.72it/s]
11380it [01:41, 112.20it/s]
11392it [01:41, 113.70it/s]
11404it [01:42, 115.15it/s]
11416it [01:42, 111.70it/s]
11428it [01:42, 110.49it/s]
11440it [01:42, 113.09it/s]
11452it [01:42, 111.78it/s]
11464it [01:42, 112.90it/s]
11476it [01:42, 114.67it/s]
11488it [01:42, 114.25it/s]
11500it [01:42, 113.49it/s]
11512it [01:42, 115.18it/s]
11524it [01:43, 116.45it/s]
11536it [01:43, 111.46it/s]
11548it [01:43, 113.59it/s]
11560it [01:43, 115.15it/s]
11572it [01:43, 114.56it/s]
11584it [01:43, 108.25it/s]
11596it [01:43, 111.13it/s]
11609it [01:43, 113.96it/s]
11621it [01:43, 109.95it/s]
11633it [01:44, 112.33it/s]
11645it [01:44, 114.28it/s]
11657it [01:44, 114.62it/s]
11669it [01:44, 110.79it/s]
11681it [01:44, 113.30it/s]
11693it [01:44, 115.00it/s]
11705it [01:44, 107.72it/s]
11717it [01:44, 110.98it/s]
11729it [01:44, 113.11it/s]
11741it [01:44, 114.62it/s]
11753it [01:45, 112.98it/s]
11766it [01:45, 115.62it/s]
11778it [01:45, 116.68it/s]
11790it [01:45, 112.79it/s]
11802it [01:45, 114.80it/s]
11814it [01:45, 116.18it/s]
11826it [01:45, 117.11it/s]
11838it [01:45, 110.74it/s]
11850it [01:45, 113.28it/s]
11862it [01:46, 114.79it/s]
11874it [01:46, 111.38it/s]
11886it [01:46, 113.20it/s]
11899it [01:46, 115.30it/s]
11911it [01:46, 116.23it/s]
11923it [01:46, 108.51it/s]
11935it [01:46, 111.22it/s]
11947it [01:46, 113.54it/s]
11959it [01:46, 111.41it/s]
11971it [01:47, 113.53it/s]
11983it [01:47, 115.27it/s]
11996it [01:47, 116.68it/s]
12008it [01:47, 112.66it/s]
12021it [01:47, 115.01it/s]
12033it [01:47, 116.05it/s]
12045it [01:47, 113.07it/s]
12057it [01:47, 114.91it/s]
12069it [01:47, 116.31it/s]
12082it [01:47, 117.70it/s]
12094it [01:48, 108.61it/s]
12107it [01:48, 111.91it/s]
12119it [01:48, 113.93it/s]
12131it [01:48, 111.25it/s]
12143it [01:48, 113.42it/s]
12155it [01:48, 114.96it/s]
12167it [01:48, 116.18it/s]
12179it [01:48, 110.34it/s]
12191it [01:48, 112.95it/s]
12204it [01:49, 115.20it/s]
12216it [01:49, 110.62it/s]
12228it [01:49, 112.63it/s]
12240it [01:49, 114.30it/s]
12252it [01:49, 115.69it/s]
12264it [01:49, 108.79it/s]
12276it [01:49, 111.76it/s]
12288it [01:49, 113.68it/s]
12300it [01:49, 109.23it/s]
12312it [01:50, 111.85it/s]
12324it [01:50, 113.83it/s]
12336it [01:50, 115.07it/s]
12348it [01:50, 110.68it/s]
12361it [01:50, 113.63it/s]
12374it [01:50, 115.51it/s]
12386it [01:50, 109.73it/s]
12398it [01:50, 112.33it/s]
12410it [01:50, 114.22it/s]
12423it [01:51, 115.43it/s]
12435it [01:51, 112.44it/s]
12448it [01:51, 114.83it/s]
12461it [01:51, 116.61it/s]
12473it [01:51, 112.62it/s]
12486it [01:51, 114.92it/s]
12499it [01:51, 116.63it/s]
12511it [01:51, 114.29it/s]
12523it [01:51, 114.05it/s]
12536it [01:51, 116.29it/s]
12548it [01:52, 116.89it/s]
12560it [01:52, 111.25it/s]
12572it [01:52, 113.17it/s]
12584it [01:52, 115.05it/s]
12596it [01:52, 114.49it/s]
12608it [01:52, 112.72it/s]
12620it [01:52, 114.62it/s]
12633it [01:52, 116.29it/s]
12645it [01:52, 110.33it/s]
12657it [01:53, 112.56it/s]
12669it [01:53, 114.58it/s]
12681it [01:53, 113.18it/s]
12693it [01:53, 113.07it/s]
12705it [01:53, 114.74it/s]
12717it [01:53, 115.96it/s]
12729it [01:53, 111.77it/s]
12741it [01:53, 113.92it/s]
12753it [01:53, 115.52it/s]
12765it [01:54, 110.30it/s]
12777it [01:54, 112.83it/s]
12789it [01:54, 114.75it/s]
12802it [01:54, 115.78it/s]
12814it [01:54, 113.08it/s]
12826it [01:54, 114.52it/s]
12839it [01:54, 116.21it/s]
12851it [01:54, 109.80it/s]
12863it [01:54, 112.25it/s]
12875it [01:54, 114.40it/s]
12887it [01:55, 115.02it/s]
12899it [01:55, 111.97it/s]
12911it [01:55, 114.03it/s]
12923it [01:55, 115.41it/s]
12935it [01:55, 111.94it/s]
12947it [01:55, 113.88it/s]
12959it [01:55, 115.41it/s]
12972it [01:55, 116.93it/s]
12984it [01:55, 110.31it/s]
12997it [01:56, 113.55it/s]
13009it [01:56, 114.85it/s]
13021it [01:56, 111.58it/s]
13033it [01:56, 113.34it/s]
13045it [01:56, 114.85it/s]
13057it [01:56, 116.29it/s]
13069it [01:56, 112.14it/s]
13082it [01:56, 114.59it/s]
13094it [01:56, 115.68it/s]
13106it [01:57, 110.79it/s]
13118it [01:57, 113.19it/s]
13130it [01:57, 115.02it/s]
13142it [01:57, 115.45it/s]
13154it [01:57, 109.89it/s]
13166it [01:57, 112.42it/s]
13178it [01:57, 114.28it/s]
13190it [01:57, 109.58it/s]
13202it [01:57, 111.99it/s]
13214it [01:57, 113.98it/s]
13226it [01:58, 115.39it/s]
13238it [01:58, 112.96it/s]
13250it [01:58, 114.86it/s]
13262it [01:58, 115.83it/s]
13274it [01:58, 110.76it/s]
13286it [01:58, 113.07it/s]
13298it [01:58, 113.94it/s]
13310it [01:58, 115.61it/s]
13322it [01:58, 109.32it/s]
13334it [01:59, 111.73it/s]
13346it [01:59, 113.52it/s]
13358it [01:59, 110.36it/s]
13370it [01:59, 111.20it/s]
13382it [01:59, 113.68it/s]
13394it [01:59, 115.00it/s]
13406it [01:59, 108.78it/s]
13418it [01:59, 111.41it/s]
13430it [01:59, 113.41it/s]
13442it [01:59, 112.31it/s]
13454it [02:00, 112.73it/s]
13466it [02:00, 114.37it/s]
13478it [02:00, 115.70it/s]
13490it [02:00, 110.64it/s]
13502it [02:00, 113.08it/s]
13514it [02:00, 114.55it/s]
13526it [02:00, 113.42it/s]
13538it [02:00, 111.21it/s]
13550it [02:00, 113.68it/s]
13562it [02:01, 115.00it/s]
13574it [02:01, 108.06it/s]
13586it [02:01, 111.28it/s]
13598it [02:01, 113.68it/s]
13610it [02:01, 113.97it/s]
13622it [02:01, 112.33it/s]
13634it [02:01, 114.16it/s]
13646it [02:01, 115.49it/s]
13658it [02:01, 109.53it/s]
13670it [02:02, 111.96it/s]
13682it [02:02, 114.00it/s]
13694it [02:02, 115.33it/s]
13706it [02:02, 106.29it/s]
13718it [02:02, 109.72it/s]
13730it [02:02, 112.59it/s]
13742it [02:02, 108.99it/s]
13755it [02:02, 112.22it/s]
13767it [02:02, 114.04it/s]
13780it [02:02, 115.93it/s]
13792it [02:03, 109.34it/s]
13804it [02:03, 111.66it/s]
13816it [02:03, 113.45it/s]
13828it [02:03, 110.65it/s]
13840it [02:03, 113.13it/s]
13852it [02:03, 114.87it/s]
13864it [02:03, 116.16it/s]
13876it [02:03, 111.14it/s]
13888it [02:03, 113.46it/s]
13900it [02:04, 115.28it/s]
13912it [02:04, 111.89it/s]
13924it [02:04, 111.07it/s]
13936it [02:04, 113.29it/s]
13949it [02:04, 115.57it/s]
13961it [02:04, 110.80it/s]
13974it [02:04, 113.63it/s]
13987it [02:04, 115.60it/s]
13999it [02:04, 111.37it/s]
14011it [02:05, 113.35it/s]
14024it [02:05, 115.29it/s]
14036it [02:05, 115.83it/s]
14048it [02:05, 111.98it/s]
14060it [02:05, 114.11it/s]
14072it [02:05, 115.44it/s]
14084it [02:05, 113.38it/s]
14097it [02:05, 115.64it/s]
14109it [02:05, 116.75it/s]
14121it [02:05, 116.44it/s]
14133it [02:06, 109.62it/s]
14145it [02:06, 112.31it/s]
14157it [02:06, 114.02it/s]
14169it [02:06, 110.75it/s]
14181it [02:06, 113.13it/s]
14193it [02:06, 114.92it/s]
14205it [02:06, 116.29it/s]
14217it [02:06, 109.30it/s]
14230it [02:06, 112.68it/s]
14242it [02:07, 114.39it/s]
14254it [02:07, 111.01it/s]
14266it [02:07, 113.31it/s]
14278it [02:07, 115.07it/s]
14290it [02:07, 116.10it/s]
14302it [02:07, 107.81it/s]
14314it [02:07, 111.04it/s]
14326it [02:07, 113.25it/s]
14338it [02:07, 109.07it/s]
14351it [02:08, 112.25it/s]
14363it [02:08, 114.05it/s]
14375it [02:08, 115.13it/s]
14387it [02:08, 111.24it/s]
14400it [02:08, 113.95it/s]
14412it [02:08, 114.70it/s]
14424it [02:08, 111.31it/s]
14436it [02:08, 113.55it/s]
14449it [02:08, 115.70it/s]
14461it [02:09, 110.63it/s]
14473it [02:09, 113.06it/s]
14485it [02:09, 114.72it/s]
14497it [02:09, 116.21it/s]
14509it [02:09, 112.61it/s]
14521it [02:09, 114.50it/s]
14534it [02:09, 116.28it/s]
14546it [02:09, 108.98it/s]
14558it [02:09, 111.91it/s]
14570it [02:09, 113.99it/s]
14582it [02:10, 114.56it/s]
14594it [02:10, 112.22it/s]
14606it [02:10, 114.34it/s]
14618it [02:10, 115.94it/s]
14630it [02:10, 111.01it/s]
14642it [02:10, 113.34it/s]
14654it [02:10, 115.16it/s]
14666it [02:10, 116.42it/s]
14678it [02:10, 109.47it/s]
14690it [02:11, 112.14it/s]
14702it [02:11, 114.26it/s]
14714it [02:11, 113.64it/s]
14726it [02:11, 112.45it/s]
14739it [02:11, 114.75it/s]
14751it [02:11, 115.78it/s]
14763it [02:11, 108.30it/s]
14776it [02:11, 112.04it/s]
14788it [02:11, 114.13it/s]
14800it [02:11, 113.23it/s]
14812it [02:12, 113.44it/s]
14825it [02:12, 115.36it/s]
14837it [02:12, 109.87it/s]
14849it [02:12, 110.40it/s]
14861it [02:12, 112.55it/s]
14873it [02:12, 114.02it/s]
14885it [02:12, 110.62it/s]
14897it [02:12, 113.04it/s]
14909it [02:12, 114.48it/s]
14921it [02:13, 109.68it/s]
14933it [02:13, 110.46it/s]
14945it [02:13, 113.12it/s]
14957it [02:13, 115.06it/s]
14969it [02:13, 107.73it/s]
14981it [02:13, 110.86it/s]
14994it [02:13, 113.68it/s]
15006it [02:13, 112.03it/s]
15018it [02:13, 111.24it/s]
15030it [02:14, 113.14it/s]
15042it [02:14, 114.34it/s]
15054it [02:14, 107.52it/s]
15066it [02:14, 110.76it/s]
15078it [02:14, 112.91it/s]
15090it [02:14, 112.69it/s]
15102it [02:14, 112.42it/s]
15115it [02:14, 114.98it/s]
15128it [02:14, 116.86it/s]
15140it [02:15, 113.26it/s]
15152it [02:15, 115.08it/s]
15164it [02:15, 116.06it/s]
15176it [02:15, 114.48it/s]
15188it [02:15, 114.58it/s]
15201it [02:15, 116.56it/s]
15214it [02:15, 117.61it/s]
15226it [02:15, 113.43it/s]
15239it [02:15, 115.39it/s]
15252it [02:15, 117.10it/s]
15264it [02:16, 114.79it/s]
15277it [02:16, 116.59it/s]
15290it [02:16, 117.65it/s]
15302it [02:16, 118.07it/s]
15314it [02:16, 109.17it/s]
15326it [02:16, 112.02it/s]
15338it [02:16, 113.79it/s]
15350it [02:16, 111.19it/s]
15362it [02:16, 112.56it/s]
15375it [02:17, 115.00it/s]
15388it [02:17, 116.69it/s]
15400it [02:17, 110.19it/s]
15412it [02:17, 112.60it/s]
15424it [02:17, 114.57it/s]
15436it [02:17, 111.67it/s]
15448it [02:17, 112.27it/s]
15460it [02:17, 114.30it/s]
15472it [02:17, 115.48it/s]
15484it [02:18, 110.99it/s]
15496it [02:18, 113.15it/s]
15509it [02:18, 115.40it/s]
15521it [02:18, 112.60it/s]
15533it [02:18, 110.42it/s]
15545it [02:18, 112.84it/s]
15557it [02:18, 114.55it/s]
15569it [02:18, 111.07it/s]
15581it [02:18, 113.01it/s]
15593it [02:18, 114.56it/s]
15605it [02:19, 112.08it/s]
15617it [02:19, 109.04it/s]
15629it [02:19, 111.74it/s]
15641it [02:19, 113.85it/s]
15653it [02:19, 109.55it/s]
15665it [02:19, 112.28it/s]
15677it [02:19, 114.08it/s]
15689it [02:19, 115.52it/s]
15701it [02:19, 110.75it/s]
15713it [02:20, 112.90it/s]
15726it [02:20, 115.37it/s]
15738it [02:20, 108.16it/s]
15750it [02:20, 111.28it/s]
15762it [02:20, 113.73it/s]
15775it [02:20, 114.99it/s]
15787it [02:20, 110.01it/s]
15799it [02:20, 112.64it/s]
15811it [02:20, 114.42it/s]
15823it [02:21, 106.61it/s]
15835it [02:21, 109.98it/s]
15847it [02:21, 112.61it/s]
15859it [02:21, 114.31it/s]
15871it [02:21, 110.13it/s]
15883it [02:21, 112.78it/s]
15896it [02:21, 115.11it/s]
15908it [02:21, 110.12it/s]
15920it [02:21, 112.73it/s]
15933it [02:22, 114.96it/s]
15945it [02:22, 113.78it/s]
15957it [02:22, 109.02it/s]
15969it [02:22, 111.63it/s]
15981it [02:22, 113.97it/s]
15993it [02:22, 109.36it/s]
16005it [02:22, 111.90it/s]
16018it [02:22, 114.25it/s]
16030it [02:22, 115.52it/s]
16042it [02:23, 105.96it/s]
16054it [02:23, 109.74it/s]
16066it [02:23, 112.20it/s]
16078it [02:23, 110.80it/s]
16091it [02:23, 113.70it/s]
16103it [02:23, 115.08it/s]
16115it [02:23, 115.42it/s]
16127it [02:23, 110.21it/s]
16139it [02:23, 112.90it/s]
16151it [02:23, 112.83it/s]
16163it [02:24, 111.84it/s]
16175it [02:24, 113.80it/s]
16187it [02:24, 115.23it/s]
16199it [02:24, 111.67it/s]
16211it [02:24, 113.56it/s]
16223it [02:24, 114.97it/s]
16235it [02:24, 111.09it/s]
16247it [02:24, 109.00it/s]
16259it [02:24, 111.58it/s]
16272it [02:25, 114.35it/s]
16284it [02:25, 111.46it/s]
16296it [02:25, 113.78it/s]
16308it [02:25, 115.05it/s]
16320it [02:25, 113.61it/s]
16332it [02:25, 112.38it/s]
16344it [02:25, 114.20it/s]
16356it [02:25, 115.14it/s]
16368it [02:25, 110.32it/s]
16380it [02:26, 112.51it/s]
16392it [02:26, 114.53it/s]
16404it [02:26, 110.01it/s]
16416it [02:26, 109.42it/s]
16428it [02:26, 112.25it/s]
16440it [02:26, 114.08it/s]
16452it [02:26, 109.74it/s]
16464it [02:26, 112.49it/s]
16476it [02:26, 114.52it/s]
16488it [02:26, 114.38it/s]
16500it [02:27, 110.66it/s]
16512it [02:27, 112.88it/s]
16524it [02:27, 114.33it/s]
16536it [02:27, 106.14it/s]
16548it [02:27, 109.67it/s]
16561it [02:27, 112.86it/s]
16573it [02:27, 113.40it/s]
16585it [02:27, 112.85it/s]
16597it [02:27, 114.68it/s]
16609it [02:28, 115.91it/s]
16621it [02:28, 108.15it/s]
16633it [02:28, 111.11it/s]
16645it [02:28, 113.36it/s]
16657it [02:28, 114.94it/s]
16669it [02:28, 112.86it/s]
16681it [02:28, 114.73it/s]
16694it [02:28, 116.93it/s]
16706it [02:28, 110.03it/s]
16719it [02:29, 113.10it/s]
16731it [02:29, 114.64it/s]
16743it [02:29, 115.11it/s]
16755it [02:29, 107.57it/s]
16767it [02:29, 110.74it/s]
16779it [02:29, 113.02it/s]
16791it [02:29, 108.81it/s]
16803it [02:29, 111.55it/s]
16815it [02:29, 113.81it/s]
16827it [02:29, 114.98it/s]
16839it [02:30, 109.06it/s]
16851it [02:30, 111.70it/s]
16863it [02:30, 114.05it/s]
16875it [02:30, 111.74it/s]
16887it [02:30, 113.43it/s]
16900it [02:30, 115.40it/s]
16912it [02:30, 116.23it/s]
16924it [02:30, 109.94it/s]
16936it [02:30, 112.51it/s]
16948it [02:31, 113.95it/s]
16960it [02:31, 111.87it/s]
16972it [02:31, 113.00it/s]
16984it [02:31, 114.74it/s]
16996it [02:31, 115.65it/s]
17008it [02:31, 109.67it/s]
17020it [02:31, 112.20it/s]
17032it [02:31, 114.08it/s]
17044it [02:31, 112.14it/s]
17056it [02:32, 110.52it/s]
17068it [02:32, 113.09it/s]
17080it [02:32, 112.80it/s]
17092it [02:32, 108.58it/s]
17104it [02:32, 111.54it/s]
17116it [02:32, 113.50it/s]
17128it [02:32, 109.85it/s]
17140it [02:32, 107.98it/s]
17152it [02:32, 111.05it/s]
17164it [02:32, 113.13it/s]
17176it [02:33, 110.99it/s]
17189it [02:33, 113.66it/s]
17201it [02:33, 115.42it/s]
17213it [02:33, 113.89it/s]
17225it [02:33, 111.89it/s]
17238it [02:33, 114.59it/s]
17251it [02:33, 116.18it/s]
17263it [02:33, 113.70it/s]
17275it [02:33, 115.38it/s]
17287it [02:34, 116.56it/s]
17299it [02:34, 115.13it/s]
17311it [02:34, 112.03it/s]
17324it [02:34, 115.21it/s]
17336it [02:34, 116.20it/s]
17348it [02:34, 110.00it/s]
17361it [02:34, 112.90it/s]
17374it [02:34, 114.93it/s]
17386it [02:34, 114.01it/s]
17398it [02:35, 112.35it/s]
17411it [02:35, 114.71it/s]
17423it [02:35, 116.13it/s]
17435it [02:35, 108.80it/s]
17447it [02:35, 111.77it/s]
17459it [02:35, 113.86it/s]
17471it [02:35, 113.07it/s]
17483it [02:35, 110.69it/s]
17495it [02:35, 112.67it/s]
17507it [02:35, 114.43it/s]
17519it [02:36, 109.31it/s]
17531it [02:36, 111.84it/s]
17543it [02:36, 114.10it/s]
17555it [02:36, 114.85it/s]
17567it [02:36, 107.39it/s]
17579it [02:36, 110.59it/s]
17591it [02:36, 112.78it/s]
17603it [02:36, 108.16it/s]
17615it [02:36, 111.11it/s]
17628it [02:37, 113.91it/s]
17640it [02:37, 114.29it/s]
17652it [02:37, 108.85it/s]
17664it [02:37, 111.82it/s]
17676it [02:37, 113.82it/s]
17688it [02:37, 108.72it/s]
17701it [02:37, 112.15it/s]
17713it [02:37, 114.18it/s]
17725it [02:37, 115.09it/s]
17737it [02:38, 110.50it/s]
17749it [02:38, 113.00it/s]
17761it [02:38, 114.82it/s]
17773it [02:38, 111.52it/s]
17786it [02:38, 114.69it/s]
17798it [02:38, 116.06it/s]
17810it [02:38, 112.56it/s]
17822it [02:38, 114.50it/s]
17834it [02:38, 116.02it/s]
17846it [02:39, 104.33it/s]
17858it [02:39, 108.28it/s]
17870it [02:39, 111.33it/s]
17882it [02:39, 113.55it/s]
17894it [02:39, 110.83it/s]
17906it [02:39, 112.96it/s]
17918it [02:39, 114.96it/s]
17930it [02:39, 112.30it/s]
17942it [02:39, 110.96it/s]
17954it [02:39, 113.16it/s]
17966it [02:40, 114.54it/s]
17978it [02:40, 108.00it/s]
17990it [02:40, 110.95it/s]
18002it [02:40, 113.23it/s]
18014it [02:40, 112.86it/s]
18026it [02:40, 111.18it/s]
18038it [02:40, 113.43it/s]
18051it [02:40, 115.38it/s]
18063it [02:40, 110.32it/s]
18075it [02:41, 112.46it/s]
18087it [02:41, 114.57it/s]
18099it [02:41, 112.99it/s]
18111it [02:41, 113.43it/s]
18123it [02:41, 114.89it/s]
18135it [02:41, 115.82it/s]
18147it [02:41, 110.14it/s]
18159it [02:41, 112.77it/s]
18171it [02:41, 114.68it/s]
18183it [02:42, 111.50it/s]
18195it [02:42, 110.66it/s]
18208it [02:42, 113.68it/s]
18220it [02:42, 111.20it/s]
18232it [02:42, 112.03it/s]
18244it [02:42, 114.21it/s]
18256it [02:42, 112.33it/s]
18268it [02:42, 109.93it/s]
18280it [02:42, 112.30it/s]
18293it [02:42, 114.73it/s]
18305it [02:43, 107.28it/s]
18317it [02:43, 110.73it/s]
18329it [02:43, 112.98it/s]
18341it [02:43, 112.94it/s]
18353it [02:43, 110.99it/s]
18366it [02:43, 113.89it/s]
18378it [02:43, 114.92it/s]
18390it [02:43, 109.45it/s]
18402it [02:43, 112.14it/s]
18414it [02:44, 113.91it/s]
18426it [02:44, 114.90it/s]
18438it [02:44, 112.64it/s]
18450it [02:44, 114.29it/s]
18462it [02:44, 115.60it/s]
18474it [02:44, 109.50it/s]
18486it [02:44, 111.66it/s]
18498it [02:44, 113.76it/s]
18510it [02:44, 114.43it/s]
18522it [02:45, 106.69it/s]
18534it [02:45, 110.13it/s]
18546it [02:45, 112.70it/s]
18558it [02:45, 109.11it/s]
18570it [02:45, 111.97it/s]
18582it [02:45, 114.15it/s]
18594it [02:45, 115.74it/s]
18606it [02:45, 108.97it/s]
18618it [02:45, 111.77it/s]
18630it [02:46, 113.84it/s]
18642it [02:46, 110.24it/s]
18654it [02:46, 112.67it/s]
18667it [02:46, 114.89it/s]
18679it [02:46, 116.19it/s]
18691it [02:46, 111.84it/s]
18703it [02:46, 113.45it/s]
18715it [02:46, 115.27it/s]
18727it [02:46, 110.97it/s]
18739it [02:46, 113.36it/s]
18751it [02:47, 115.00it/s]
18763it [02:47, 116.30it/s]
18775it [02:47, 109.80it/s]
18787it [02:47, 112.47it/s]
18799it [02:47, 114.09it/s]
18811it [02:47, 112.29it/s]
18823it [02:47, 111.17it/s]
18835it [02:47, 113.36it/s]
18847it [02:47, 114.86it/s]
18859it [02:48, 111.04it/s]
18871it [02:48, 113.15it/s]
18883it [02:48, 114.74it/s]
18895it [02:48, 113.44it/s]
18907it [02:48, 110.24it/s]
18919it [02:48, 112.65it/s]
18931it [02:48, 114.35it/s]
18943it [02:48, 112.29it/s]
18955it [02:48, 114.28it/s]
18967it [02:48, 115.20it/s]
18979it [02:49, 115.78it/s]
18991it [02:49, 111.38it/s]
19003it [02:49, 113.49it/s]
19016it [02:49, 115.67it/s]
19028it [02:49, 111.08it/s]
19040it [02:49, 113.51it/s]
19052it [02:49, 115.31it/s]
19064it [02:49, 115.83it/s]
19076it [02:49, 110.90it/s]
19088it [02:50, 112.81it/s]
19100it [02:50, 114.56it/s]
19112it [02:50, 110.20it/s]
19124it [02:50, 112.37it/s]
19136it [02:50, 114.20it/s]
19148it [02:50, 115.71it/s]
19160it [02:50, 108.67it/s]
19172it [02:50, 111.76it/s]
19184it [02:50, 113.83it/s]
19196it [02:51, 111.50it/s]
19208it [02:51, 111.80it/s]
19220it [02:51, 114.09it/s]
19232it [02:51, 115.31it/s]
19244it [02:51, 109.71it/s]
19256it [02:51, 112.05it/s]
19268it [02:51, 114.05it/s]
19280it [02:51, 112.21it/s]
19292it [02:51, 113.29it/s]
19304it [02:51, 115.08it/s]
19316it [02:52, 116.41it/s]
19328it [02:52, 109.71it/s]
19341it [02:52, 112.97it/s]
19353it [02:52, 114.48it/s]
19365it [02:52, 112.65it/s]
19377it [02:52, 111.91it/s]
19389it [02:52, 113.95it/s]
19401it [02:52, 115.56it/s]
19413it [02:52, 112.85it/s]
19426it [02:53, 115.12it/s]
19439it [02:53, 117.18it/s]
19451it [02:53, 114.70it/s]
19463it [02:53, 113.75it/s]
19476it [02:53, 115.76it/s]
19488it [02:53, 116.93it/s]
19500it [02:53, 110.53it/s]
19513it [02:53, 113.95it/s]
19525it [02:53, 115.52it/s]
19537it [02:54, 111.11it/s]
19549it [02:54, 113.48it/s]
19561it [02:54, 115.18it/s]
19573it [02:54, 109.82it/s]
19585it [02:54, 112.35it/s]
19597it [02:54, 114.29it/s]
19609it [02:54, 112.50it/s]
19621it [02:54, 108.91it/s]
19633it [02:54, 111.68it/s]
19646it [02:54, 114.18it/s]
19658it [02:55, 111.24it/s]
19670it [02:55, 113.28it/s]
19682it [02:55, 114.93it/s]
19694it [02:55, 114.72it/s]
19706it [02:55, 108.99it/s]
19718it [02:55, 111.59it/s]
19730it [02:55, 113.45it/s]
19742it [02:55, 110.19it/s]
19754it [02:55, 112.87it/s]
19767it [02:56, 115.16it/s]
19779it [02:56, 115.14it/s]
19791it [02:56, 110.95it/s]
19803it [02:56, 113.50it/s]
19815it [02:56, 115.31it/s]
19827it [02:56, 107.16it/s]
19839it [02:56, 110.68it/s]
19851it [02:56, 113.10it/s]
19863it [02:56, 114.83it/s]
19875it [02:57, 110.48it/s]
19888it [02:57, 113.19it/s]
19901it [02:57, 115.39it/s]
19913it [02:57, 109.48it/s]
19925it [02:57, 112.21it/s]
19938it [02:57, 114.73it/s]
19950it [02:57, 115.91it/s]
19962it [02:57, 112.39it/s]
19974it [02:57, 114.21it/s]
19986it [02:57, 115.23it/s]
19998it [02:58, 108.58it/s]
20010it [02:58, 111.32it/s]
20022it [02:58, 113.47it/s]
20034it [02:58, 114.98it/s]
20046it [02:58, 107.80it/s]
20058it [02:58, 110.20it/s]
20070it [02:58, 112.88it/s]
20082it [02:58, 110.24it/s]
20094it [02:58, 112.48it/s]
20106it [02:59, 114.47it/s]
20119it [02:59, 116.16it/s]
20131it [02:59, 108.18it/s]
20143it [02:59, 111.19it/s]
20156it [02:59, 113.82it/s]
20168it [02:59, 110.89it/s]
20180it [02:59, 112.30it/s]
20192it [02:59, 114.32it/s]
20204it [02:59, 115.69it/s]
20216it [03:00, 111.96it/s]
20228it [03:00, 113.96it/s]
20240it [03:00, 114.83it/s]
20252it [03:00, 112.87it/s]
20264it [03:00, 110.73it/s]
20276it [03:00, 112.82it/s]
20289it [03:00, 115.28it/s]
20301it [03:00, 113.32it/s]
20314it [03:00, 116.26it/s]
20327it [03:01, 118.34it/s]
20339it [03:01, 113.53it/s]
20351it [03:01, 114.36it/s]
20363it [03:01, 115.63it/s]
20375it [03:01, 116.79it/s]
20387it [03:01, 110.08it/s]
20399it [03:01, 112.52it/s]
20411it [03:01, 114.40it/s]
20423it [03:01, 111.28it/s]
20435it [03:01, 108.91it/s]
20447it [03:02, 111.98it/s]
20459it [03:02, 114.14it/s]
20471it [03:02, 104.36it/s]
20483it [03:02, 108.37it/s]
20495it [03:02, 111.29it/s]
20507it [03:02, 112.79it/s]
20519it [03:02, 110.15it/s]
20531it [03:02, 112.50it/s]
20543it [03:02, 114.63it/s]
20555it [03:03, 106.70it/s]
20567it [03:03, 110.03it/s]
20579it [03:03, 112.49it/s]
20591it [03:03, 114.00it/s]
20603it [03:03, 110.66it/s]
20615it [03:03, 112.71it/s]
20627it [03:03, 114.53it/s]
20639it [03:03, 111.07it/s]
20651it [03:03, 113.39it/s]
20663it [03:04, 114.77it/s]
20675it [03:04, 115.97it/s]
20687it [03:04, 109.74it/s]
20699it [03:04, 112.28it/s]
20711it [03:04, 114.12it/s]
20723it [03:04, 111.16it/s]
20735it [03:04, 112.93it/s]
20747it [03:04, 114.81it/s]
20759it [03:04, 115.77it/s]
20771it [03:04, 111.40it/s]
20784it [03:05, 114.17it/s]
20797it [03:05, 116.09it/s]
20809it [03:05, 111.64it/s]
20821it [03:05, 113.53it/s]
20833it [03:05, 115.32it/s]
20845it [03:05, 116.04it/s]
20857it [03:05, 108.98it/s]
20870it [03:05, 112.25it/s]
20882it [03:05, 113.86it/s]
20894it [03:06, 112.67it/s]
20906it [03:06, 114.62it/s]
20918it [03:06, 115.96it/s]
20931it [03:06, 117.34it/s]
20943it [03:06, 113.85it/s]
20955it [03:06, 115.37it/s]
20968it [03:06, 117.34it/s]
20980it [03:06, 113.32it/s]
20992it [03:06, 114.69it/s]
21005it [03:07, 116.65it/s]
21017it [03:07, 117.34it/s]
21029it [03:07, 112.59it/s]
21041it [03:07, 114.46it/s]
21053it [03:07, 115.97it/s]
21065it [03:07, 114.28it/s]
21077it [03:07, 113.80it/s]
21089it [03:07, 115.32it/s]
21101it [03:07, 116.04it/s]
21113it [03:07, 113.82it/s]
21125it [03:08, 115.40it/s]
21137it [03:08, 116.74it/s]
21149it [03:08, 115.62it/s]
21161it [03:08, 113.10it/s]
21173it [03:08, 115.08it/s]
21185it [03:08, 114.79it/s]
21197it [03:08, 111.85it/s]
21209it [03:08, 114.08it/s]
21221it [03:08, 115.55it/s]
21233it [03:09, 108.74it/s]
21245it [03:09, 111.58it/s]
21258it [03:09, 114.14it/s]
21270it [03:09, 114.98it/s]
21282it [03:09, 111.74it/s]
21295it [03:09, 114.47it/s]
21307it [03:09, 115.69it/s]
21319it [03:09, 109.64it/s]
21331it [03:09, 112.45it/s]
21344it [03:09, 114.71it/s]
21356it [03:10, 114.67it/s]
21368it [03:10, 112.54it/s]
21381it [03:10, 114.78it/s]
21393it [03:10, 115.83it/s]
21405it [03:10, 112.10it/s]
21418it [03:10, 114.46it/s]
21430it [03:10, 115.93it/s]
21442it [03:10, 114.50it/s]
21454it [03:10, 113.06it/s]
21467it [03:11, 115.15it/s]
21479it [03:11, 116.44it/s]
21491it [03:11, 110.43it/s]
21503it [03:11, 112.61it/s]
21516it [03:11, 115.13it/s]
21528it [03:11, 113.82it/s]
21540it [03:11, 112.48it/s]
21553it [03:11, 114.79it/s]
21565it [03:11, 116.10it/s]
21577it [03:12, 109.80it/s]
21589it [03:12, 112.50it/s]
21601it [03:12, 114.38it/s]
21613it [03:12, 110.08it/s]
21625it [03:12, 112.55it/s]
21637it [03:12, 114.25it/s]
21649it [03:12, 112.26it/s]
21661it [03:12, 109.30it/s]
21673it [03:12, 112.15it/s]
21685it [03:12, 114.27it/s]
21697it [03:13, 111.12it/s]
21709it [03:13, 113.62it/s]
21721it [03:13, 115.36it/s]
21733it [03:13, 113.43it/s]
21745it [03:13, 112.96it/s]
21757it [03:13, 114.27it/s]
21770it [03:13, 116.13it/s]
21782it [03:13, 111.58it/s]
21794it [03:13, 113.44it/s]
21806it [03:14, 114.95it/s]
21818it [03:14, 116.05it/s]
21830it [03:14, 111.10it/s]
21842it [03:14, 113.32it/s]
21854it [03:14, 115.20it/s]
21866it [03:14, 110.98it/s]
21878it [03:14, 113.33it/s]
21890it [03:14, 114.90it/s]
21902it [03:14, 115.58it/s]
21914it [03:15, 110.21it/s]
21927it [03:15, 113.27it/s]
21939it [03:15, 114.68it/s]
21951it [03:15, 110.81it/s]
21963it [03:15, 112.91it/s]
21975it [03:15, 114.74it/s]
21987it [03:15, 115.92it/s]
21999it [03:15, 110.84it/s]
22011it [03:15, 113.20it/s]
22023it [03:15, 115.03it/s]
22035it [03:16, 111.04it/s]
22047it [03:16, 113.12it/s]
22059it [03:16, 114.93it/s]
22071it [03:16, 116.09it/s]
22083it [03:16, 110.38it/s]
22095it [03:16, 112.64it/s]
22107it [03:16, 114.51it/s]
22119it [03:16, 109.64it/s]
22131it [03:16, 112.46it/s]
22143it [03:17, 114.39it/s]
22155it [03:17, 115.77it/s]
22167it [03:17, 110.01it/s]
22179it [03:17, 112.75it/s]
22191it [03:17, 114.79it/s]
22203it [03:17, 110.57it/s]
22215it [03:17, 109.82it/s]
22227it [03:17, 112.69it/s]
22239it [03:17, 114.50it/s]
22251it [03:18, 109.83it/s]
22263it [03:18, 112.60it/s]
22275it [03:18, 114.63it/s]
22287it [03:18, 112.07it/s]
22299it [03:18, 109.93it/s]
22311it [03:18, 112.32it/s]
22324it [03:18, 114.65it/s]
22336it [03:18, 111.71it/s]
22349it [03:18, 114.24it/s]
22362it [03:18, 116.07it/s]
22374it [03:19, 110.40it/s]
22386it [03:19, 111.52it/s]
22398it [03:19, 113.36it/s]
22410it [03:19, 115.01it/s]
22422it [03:19, 111.59it/s]
22434it [03:19, 113.61it/s]
22446it [03:19, 114.76it/s]
22458it [03:19, 109.47it/s]
22470it [03:19, 110.96it/s]
22482it [03:20, 112.75it/s]
22494it [03:20, 114.52it/s]
22506it [03:20, 110.51it/s]
22518it [03:20, 112.58it/s]
22530it [03:20, 114.23it/s]
22542it [03:20, 111.95it/s]
22554it [03:20, 110.91it/s]
22566it [03:20, 113.34it/s]
22578it [03:20, 114.84it/s]
22590it [03:21, 108.20it/s]
22602it [03:21, 111.19it/s]
22614it [03:21, 113.42it/s]
22626it [03:21, 113.87it/s]
22628it [03:21, 112.38it/s]
[I 2026-09-17 18:42:16,896] A new study created in memory with name: no-name-a58efba7-a01c-44c5-a187-a7140571aabb
mgm_heads:128, cap_heads:4

[2026-09-17 18:45:59,338] INFO - Initial Validation Loss: 1.1643346201279936 Best Validation Loss: 0.7866869883891917 Total Steps: 101 Best Step: 100 Total Time Spent: 222.18266606330872
/scratch/sgoli125/mmfpn-try/mmpfn/models/mmpfn/classifier.py:409: UserWarning: Number of samples 18102 is greater than the maximum Number of samples 10000 supported by the model. You may see degraded performance.
  X, y, feature_names_in, n_features_in = validate_Xy_fit(
accuracy_score (Finetuned): 0.6482545293857711

Optimizer step skipped due to NaNs/infs in grad scaling.

Optimizer step skipped due to NaNs/infs in grad scaling.

[2026-09-17 18:49:32,662] INFO - Initial Validation Loss: 1.1838895206714866 Best Validation Loss: 0.8104624984728912 Total Steps: 101 Best Step: 100 Total Time Spent: 209.45051050186157
/scratch/sgoli125/mmfpn-try/mmpfn/models/mmpfn/classifier.py:409: UserWarning: Number of samples 18102 is greater than the maximum Number of samples 10000 supported by the model. You may see degraded performance.
  X, y, feature_names_in, n_features_in = validate_Xy_fit(
accuracy_score (Finetuned): 0.6670349094122846

[2026-09-17 18:53:08,481] INFO - Initial Validation Loss: 1.1743754911055864 Best Validation Loss: 0.8066969880066075 Total Steps: 101 Best Step: 100 Total Time Spent: 212.56755375862122
/scratch/sgoli125/mmfpn-try/mmpfn/models/mmpfn/classifier.py:409: UserWarning: Number of samples 18102 is greater than the maximum Number of samples 10000 supported by the model. You may see degraded performance.
  X, y, feature_names_in, n_features_in = validate_Xy_fit(
accuracy_score (Finetuned): 0.65974370304905

[2026-09-17 18:56:49,675] INFO - Initial Validation Loss: 1.173060846948723 Best Validation Loss: 0.8051621702669219 Total Steps: 101 Best Step: 100 Total Time Spent: 218.05524063110352
/scratch/sgoli125/mmfpn-try/mmpfn/models/mmpfn/classifier.py:409: UserWarning: Number of samples 18102 is greater than the maximum Number of samples 10000 supported by the model. You may see degraded performance.
  X, y, feature_names_in, n_features_in = validate_Xy_fit(
accuracy_score (Finetuned): 0.6528943879805568

Optimizer step skipped due to NaNs/infs in grad scaling.

[2026-09-17 19:00:23,363] INFO - Initial Validation Loss: 1.17574347229986 Best Validation Loss: 0.8117888728034142 Total Steps: 101 Best Step: 100 Total Time Spent: 210.46174359321594
/scratch/sgoli125/mmfpn-try/mmpfn/models/mmpfn/classifier.py:409: UserWarning: Number of samples 18102 is greater than the maximum Number of samples 10000 supported by the model. You may see degraded performance.
  X, y, feature_names_in, n_features_in = validate_Xy_fit(
accuracy_score (Finetuned): 0.6511268228015908
Mean Accuracy: 0.6558108705258506
Std Accuracy: 0.006767432090905999
[I 2026-09-17 19:00:26,419] Trial 0 finished with value: 0.6558108705258506 and parameters: {'mgm_heads': 128, 'cap_heads': 4}. Best is trial 0 with value: 0.6558108705258506.
Best parameters: {'mgm_heads': 128, 'cap_heads': 4}
Best value: 0.6558108705258506
