/scratch/sgoli125/mmfpn-try/mmpfn/models/dino_v2/layers/swiglu_ffn.py:51: UserWarning: xFormers is not available (SwiGLU)
  warnings.warn("xFormers is not available (SwiGLU)")
/scratch/sgoli125/mmfpn-try/mmpfn/models/dino_v2/layers/attention.py:33: UserWarning: xFormers is not available (Attention)
  warnings.warn("xFormers is not available (Attention)")
/scratch/sgoli125/mmfpn-try/mmpfn/models/dino_v2/layers/block.py:40: UserWarning: xFormers is not available (Block)
  warnings.warn("xFormers is not available (Block)")
/scratch/sgoli125/mmfpn-try/mmpfn/datasets/airbnb.py:29: DtypeWarning: Columns (35,77) have mixed types. Specify dtype option on import or set low_memory=False.
  df = pd.read_csv(os.path.join(data_path, FILENAME))
Load embeddings from embeddings/airbnb/airbnb.pt
/scratch/sgoli125/mmfpn-try/mmpfn/datasets/airbnb.py:66: FutureWarning: You are using `torch.load` with `weights_only=False` (the current default value), which uses the default pickle module implicitly. It is possible to construct malicious pickle data which will execute arbitrary code during unpickling (See https://github.com/pytorch/pytorch/blob/main/SECURITY.md#untrusted-models for more details). In a future release, the default value for `weights_only` will be flipped to `True`. This limits the functions that could be executed during unpickling. Arbitrary objects will no longer be allowed to be loaded via this mode unless they are explicitly allowlisted by the user via `torch.serialization.add_safe_globals`. We recommend you start setting `weights_only=True` for any use case where you don't have full control of the loaded file. Please open an issue on GitHub for any issues related to this experimental feature.
  self.embeddings = torch.load(path)
[I 2026-09-17 20:20:03,199] A new study created in memory with name: no-name-4bfe7894-0e7a-4c0f-88ef-e1f1d74daaa7
mgm_heads:128, cap_heads:8

accuracy_score (Finetuned): 0.4864667154352597

accuracy_score (Finetuned): 0.4754937820043892

accuracy_score (Finetuned): 0.46086320409656184

accuracy_score (Finetuned): 0.46964155084125825

accuracy_score (Finetuned): 0.48500365764447695
Mean Accuracy: 0.47549378200438924
Std Accuracy: 0.009582749316057236
[I 2026-09-17 20:26:18,016] Trial 0 finished with value: 0.47549378200438924 and parameters: {'mgm_heads': 128, 'cap_heads': 8}. Best is trial 0 with value: 0.47549378200438924.
Best parameters: {'mgm_heads': 128, 'cap_heads': 8}
Best value: 0.47549378200438924
