/scratch/sgoli125/mmfpn-try/mmpfn/models/dino_v2/layers/swiglu_ffn.py:51: UserWarning: xFormers is not available (SwiGLU)
  warnings.warn("xFormers is not available (SwiGLU)")
/scratch/sgoli125/mmfpn-try/mmpfn/models/dino_v2/layers/attention.py:33: UserWarning: xFormers is not available (Attention)
  warnings.warn("xFormers is not available (Attention)")
/scratch/sgoli125/mmfpn-try/mmpfn/models/dino_v2/layers/block.py:40: UserWarning: xFormers is not available (Block)
  warnings.warn("xFormers is not available (Block)")
/scratch/sgoli125/mmfpn-try/mmpfn/datasets/petfinder.py:64: SettingWithCopyWarning: 
A value is trying to be set on a copy of a slice from a DataFrame

See the caveats in the documentation: https://pandas.pydata.org/pandas-docs/stable/user_guide/indexing.html#returning-a-view-versus-a-copy
  self.text.loc[self.text["Description"].isnull(),"Description"] = ''
Load embeddings from embeddings/petfinder/petfinder_text_dinov2.pt
/scratch/sgoli125/mmfpn-try/mmpfn/datasets/petfinder.py:112: FutureWarning: You are using `torch.load` with `weights_only=False` (the current default value), which uses the default pickle module implicitly. It is possible to construct malicious pickle data which will execute arbitrary code during unpickling (See https://github.com/pytorch/pytorch/blob/main/SECURITY.md#untrusted-models for more details). In a future release, the default value for `weights_only` will be flipped to `True`. This limits the functions that could be executed during unpickling. Arbitrary objects will no longer be allowed to be loaded via this mode unless they are explicitly allowlisted by the user via `torch.serialization.add_safe_globals`. We recommend you start setting `weights_only=True` for any use case where you don't have full control of the loaded file. Please open an issue on GitHub for any issues related to this experimental feature.
  self.embeddings = torch.load(path)
[I 2026-09-19 01:03:56,586] A new study created in memory with name: no-name-a0f874a1-96ab-4432-bab1-5cb5d5f89edb
mgm_heads:128, cap_heads:2
[2026-09-19 01:03:59,414] INFO - backbone=MMTabICL params=109.8M trainable=108.9M amp=torch.bfloat16 modality_tokens=yes
[2026-09-19 01:03:59,438] DEBUG - 
    === Basic / Validation State ===
        	Early Stopping Metric: log_loss
        	Val Samples: 2399 | Total Samples: 11994
        	Model #parameter: 109801858 (trainable: 108924170)
        	AMP dtype: torch.bfloat16

[2026-09-19 01:04:07,680] DEBUG - 
        === Learning HPs ===
            	Batch Size: 1
            	Lr: 1e-05 | Weight Decay: 0
            	Max Steps: 100
            	AdaptiveES: Adaptive Rate 0.2 | Min Patience 50 | Max Patience 100
            	Update Every N Steps: 1 | Validate Every N Steps: 1
        
[2026-09-19 01:04:15,363] DEBUG - Initial validation loss: 2.123432448251015

[2026-09-19 01:05:41,749] INFO - Initial Validation Loss: 2.123432448251015 Best Validation Loss: 1.26870773417386 Total Steps: 101 Best Step: 66 Total Time Spent: 103.05896782875061
backbone=MMTabICL params=109.8M modality_tokens=yes train_rows=11994 test_rows=2999
accuracy_score (Finetuned): 0.4454818272757586
[2026-09-19 01:05:45,100] INFO - backbone=MMTabICL params=109.8M trainable=108.9M amp=torch.bfloat16 modality_tokens=yes
[2026-09-19 01:05:45,151] DEBUG - 
    === Basic / Validation State ===
        	Early Stopping Metric: log_loss
        	Val Samples: 2399 | Total Samples: 11994
        	Model #parameter: 109801858 (trainable: 108924170)
        	AMP dtype: torch.bfloat16

[2026-09-19 01:05:45,155] DEBUG - 
        === Learning HPs ===
            	Batch Size: 1
            	Lr: 1e-05 | Weight Decay: 0
            	Max Steps: 100
            	AdaptiveES: Adaptive Rate 0.2 | Min Patience 50 | Max Patience 100
            	Update Every N Steps: 1 | Validate Every N Steps: 1
        
[2026-09-19 01:05:45,778] DEBUG - Initial validation loss: 1.6196481542358971

[2026-09-19 01:07:11,233] INFO - Initial Validation Loss: 1.6196481542358971 Best Validation Loss: 1.267791480652032 Total Steps: 101 Best Step: 97 Total Time Spent: 86.22662878036499
backbone=MMTabICL params=109.8M modality_tokens=yes train_rows=11994 test_rows=2999
accuracy_score (Finetuned): 0.4448149383127709
[2026-09-19 01:07:14,632] INFO - backbone=MMTabICL params=109.8M trainable=108.9M amp=torch.bfloat16 modality_tokens=yes
[2026-09-19 01:07:14,632] DEBUG - 
    === Basic / Validation State ===
        	Early Stopping Metric: log_loss
        	Val Samples: 2399 | Total Samples: 11994
        	Model #parameter: 109801858 (trainable: 108924170)
        	AMP dtype: torch.bfloat16

[2026-09-19 01:07:14,636] DEBUG - 
        === Learning HPs ===
            	Batch Size: 1
            	Lr: 1e-05 | Weight Decay: 0
            	Max Steps: 100
            	AdaptiveES: Adaptive Rate 0.2 | Min Patience 50 | Max Patience 100
            	Update Every N Steps: 1 | Validate Every N Steps: 1
        
[2026-09-19 01:07:15,232] DEBUG - Initial validation loss: 1.8080984167893497

[2026-09-19 01:08:41,812] INFO - Initial Validation Loss: 1.8080984167893497 Best Validation Loss: 1.2700068735043102 Total Steps: 101 Best Step: 100 Total Time Spent: 87.28982496261597
backbone=MMTabICL params=109.8M modality_tokens=yes train_rows=11994 test_rows=2999
accuracy_score (Finetuned): 0.4538179393131044
[2026-09-19 01:08:45,097] INFO - backbone=MMTabICL params=109.8M trainable=108.9M amp=torch.bfloat16 modality_tokens=yes
[2026-09-19 01:08:45,098] DEBUG - 
    === Basic / Validation State ===
        	Early Stopping Metric: log_loss
        	Val Samples: 2399 | Total Samples: 11994
        	Model #parameter: 109801858 (trainable: 108924170)
        	AMP dtype: torch.bfloat16

[2026-09-19 01:08:45,101] DEBUG - 
        === Learning HPs ===
            	Batch Size: 1
            	Lr: 1e-05 | Weight Decay: 0
            	Max Steps: 100
            	AdaptiveES: Adaptive Rate 0.2 | Min Patience 50 | Max Patience 100
            	Update Every N Steps: 1 | Validate Every N Steps: 1
        
[2026-09-19 01:08:45,781] DEBUG - Initial validation loss: 1.6474770640045342

[2026-09-19 01:10:03,636] INFO - Initial Validation Loss: 1.6474770640045342 Best Validation Loss: 1.2940375505609496 Total Steps: 101 Best Step: 54 Total Time Spent: 78.6290352344513
backbone=MMTabICL params=109.8M modality_tokens=yes train_rows=11994 test_rows=2999
accuracy_score (Finetuned): 0.45281760586862285
[2026-09-19 01:10:06,963] INFO - backbone=MMTabICL params=109.8M trainable=108.9M amp=torch.bfloat16 modality_tokens=yes
[2026-09-19 01:10:06,964] DEBUG - 
    === Basic / Validation State ===
        	Early Stopping Metric: log_loss
        	Val Samples: 2399 | Total Samples: 11994
        	Model #parameter: 109801858 (trainable: 108924170)
        	AMP dtype: torch.bfloat16

[2026-09-19 01:10:06,967] DEBUG - 
        === Learning HPs ===
            	Batch Size: 1
            	Lr: 1e-05 | Weight Decay: 0
            	Max Steps: 100
            	AdaptiveES: Adaptive Rate 0.2 | Min Patience 50 | Max Patience 100
            	Update Every N Steps: 1 | Validate Every N Steps: 1
        
[2026-09-19 01:10:07,664] DEBUG - Initial validation loss: 1.730744930281216

[2026-09-19 01:11:25,791] INFO - Initial Validation Loss: 1.730744930281216 Best Validation Loss: 1.2827677758175013 Total Steps: 101 Best Step: 55 Total Time Spent: 78.91783595085144
backbone=MMTabICL params=109.8M modality_tokens=yes train_rows=11994 test_rows=2999
accuracy_score (Finetuned): 0.4444814938312771
Mean Accuracy: 0.4482827609203067
Std Accuracy: 0.004135787058009642
[I 2026-09-19 01:11:27,667] Trial 0 finished with value: 0.4482827609203067 and parameters: {'mgm_heads': 128, 'cap_heads': 2}. Best is trial 0 with value: 0.4482827609203067.
Best parameters: {'mgm_heads': 128, 'cap_heads': 2}
Best value: 0.4482827609203067
