/scratch/sgoli125/mmfpn-try/mmpfn/models/dino_v2/layers/swiglu_ffn.py:51: UserWarning: xFormers is not available (SwiGLU)
  warnings.warn("xFormers is not available (SwiGLU)")
/scratch/sgoli125/mmfpn-try/mmpfn/models/dino_v2/layers/attention.py:33: UserWarning: xFormers is not available (Attention)
  warnings.warn("xFormers is not available (Attention)")
/scratch/sgoli125/mmfpn-try/mmpfn/models/dino_v2/layers/block.py:40: UserWarning: xFormers is not available (Block)
  warnings.warn("xFormers is not available (Block)")
/scratch/sgoli125/mmfpn-try/mmpfn/datasets/petfinder.py:64: SettingWithCopyWarning: 
A value is trying to be set on a copy of a slice from a DataFrame

See the caveats in the documentation: https://pandas.pydata.org/pandas-docs/stable/user_guide/indexing.html#returning-a-view-versus-a-copy
  self.text.loc[self.text["Description"].isnull(),"Description"] = ''

0it [00:00, ?it/s]
1it [00:04,  4.80s/it]
2it [00:05,  2.22s/it]
16it [00:05,  5.54it/s]
23it [00:05,  8.42it/s]
37it [00:05, 16.79it/s]
51it [00:05, 26.97it/s]
64it [00:05, 37.68it/s]
77it [00:05, 49.27it/s]
91it [00:06, 62.95it/s]
105it [00:06, 76.45it/s]
118it [00:06, 84.94it/s]
132it [00:06, 95.83it/s]
146it [00:06, 105.38it/s]
159it [00:06, 108.95it/s]
172it [00:06, 113.34it/s]
186it [00:06, 119.17it/s]
200it [00:06, 123.11it/s]
213it [00:06, 120.17it/s]
227it [00:07, 123.97it/s]
241it [00:07, 127.90it/s]
255it [00:07, 124.36it/s]
269it [00:07, 126.82it/s]
283it [00:07, 128.72it/s]
297it [00:07, 128.98it/s]
310it [00:07, 126.21it/s]
324it [00:07, 127.99it/s]
338it [00:07, 130.48it/s]
352it [00:08, 126.71it/s]
366it [00:08, 128.40it/s]
380it [00:08, 131.13it/s]
394it [00:08, 125.53it/s]
407it [00:08, 125.50it/s]
421it [00:08, 127.93it/s]
435it [00:08, 129.74it/s]
449it [00:08, 126.42it/s]
463it [00:08, 129.35it/s]
477it [00:09, 132.10it/s]
491it [00:09, 127.12it/s]
505it [00:09, 129.11it/s]
519it [00:09, 131.11it/s]
533it [00:09, 131.46it/s]
547it [00:09, 126.55it/s]
561it [00:09, 128.18it/s]
575it [00:09, 130.14it/s]
589it [00:09, 125.44it/s]
602it [00:10, 126.67it/s]
616it [00:10, 129.50it/s]
630it [00:10, 128.09it/s]
644it [00:10, 128.89it/s]
658it [00:10, 130.26it/s]
672it [00:10, 129.38it/s]
685it [00:10, 125.96it/s]
699it [00:10, 128.01it/s]
713it [00:10, 128.95it/s]
726it [00:10, 123.87it/s]
740it [00:11, 127.02it/s]
754it [00:11, 128.99it/s]
768it [00:11, 130.42it/s]
782it [00:11, 126.70it/s]
796it [00:11, 129.10it/s]
810it [00:11, 130.82it/s]
824it [00:11, 127.75it/s]
838it [00:11, 129.25it/s]
852it [00:11, 130.09it/s]
866it [00:12, 128.87it/s]
879it [00:12, 128.76it/s]
893it [00:12, 129.28it/s]
907it [00:12, 130.74it/s]
921it [00:12, 126.33it/s]
935it [00:12, 128.32it/s]
949it [00:12, 129.27it/s]
962it [00:12, 125.59it/s]
976it [00:12, 127.27it/s]
990it [00:13, 128.50it/s]
1003it [00:13, 127.84it/s]
1016it [00:13, 124.51it/s]
1030it [00:13, 127.22it/s]
1043it [00:13, 127.89it/s]
1056it [00:13, 124.19it/s]
1070it [00:13, 126.94it/s]
1084it [00:13, 128.57it/s]
1097it [00:13, 128.93it/s]
1110it [00:13, 128.53it/s]
1124it [00:14, 129.28it/s]
1138it [00:14, 131.07it/s]
1152it [00:14, 126.47it/s]
1166it [00:14, 128.69it/s]
1179it [00:14, 128.51it/s]
1192it [00:14, 128.64it/s]
1205it [00:14, 126.78it/s]
1219it [00:14, 128.60it/s]
1232it [00:14, 128.61it/s]
1245it [00:15, 124.45it/s]
1259it [00:15, 127.55it/s]
1273it [00:15, 129.49it/s]
1286it [00:15, 127.80it/s]
1299it [00:15, 127.72it/s]
1313it [00:15, 130.62it/s]
1327it [00:15, 131.55it/s]
1341it [00:15, 128.61it/s]
1355it [00:15, 129.96it/s]
1369it [00:15, 131.02it/s]
1383it [00:16, 128.67it/s]
1397it [00:16, 130.49it/s]
1411it [00:16, 129.09it/s]
1425it [00:16, 129.51it/s]
1438it [00:16, 126.93it/s]
1452it [00:16, 128.00it/s]
1465it [00:16, 127.10it/s]
1478it [00:16, 121.97it/s]
1492it [00:16, 125.46it/s]
1506it [00:17, 127.78it/s]
1519it [00:17, 124.75it/s]
1532it [00:17, 125.83it/s]
1546it [00:17, 128.55it/s]
1560it [00:17, 129.63it/s]
1573it [00:17, 125.37it/s]
1587it [00:17, 127.58it/s]
1601it [00:17, 129.88it/s]
1615it [00:17, 127.54it/s]
1628it [00:18, 127.98it/s]
1642it [00:18, 129.94it/s]
1656it [00:18, 130.55it/s]
1670it [00:18, 123.47it/s]
1684it [00:18, 127.08it/s]
1698it [00:18, 128.57it/s]
1711it [00:18, 125.41it/s]
1724it [00:18, 126.64it/s]
1738it [00:18, 128.95it/s]
1752it [00:18, 129.86it/s]
1766it [00:19, 124.51it/s]
1780it [00:19, 127.35it/s]
1794it [00:19, 128.83it/s]
1807it [00:19, 123.44it/s]
1820it [00:19, 123.86it/s]
1834it [00:19, 126.20it/s]
1847it [00:19, 124.70it/s]
1860it [00:19, 125.28it/s]
1873it [00:19, 125.80it/s]
1887it [00:20, 128.58it/s]
1900it [00:20, 126.13it/s]
1914it [00:20, 128.15it/s]
1927it [00:20, 127.84it/s]
1940it [00:20, 126.10it/s]
1953it [00:20, 124.77it/s]
1967it [00:20, 128.20it/s]
1980it [00:20, 128.59it/s]
1993it [00:20, 124.95it/s]
2006it [00:20, 126.09it/s]
2020it [00:21, 128.53it/s]
2033it [00:21, 126.87it/s]
2046it [00:21, 114.94it/s]
2060it [00:21, 119.50it/s]
2074it [00:21, 123.14it/s]
2087it [00:21, 108.72it/s]
2100it [00:21, 114.12it/s]
2114it [00:21, 119.51it/s]
2127it [00:22, 119.17it/s]
2141it [00:22, 122.66it/s]
2155it [00:22, 125.13it/s]
2169it [00:22, 127.25it/s]
2182it [00:22, 122.98it/s]
2196it [00:22, 125.55it/s]
2209it [00:22, 126.49it/s]
2222it [00:22, 125.30it/s]
2236it [00:22, 127.46it/s]
2250it [00:22, 128.73it/s]
2264it [00:23, 128.39it/s]
2277it [00:23, 125.07it/s]
2291it [00:23, 127.93it/s]
2305it [00:23, 129.51it/s]
2318it [00:23, 122.02it/s]
2331it [00:23, 124.00it/s]
2345it [00:23, 127.00it/s]
2358it [00:23, 124.65it/s]
2371it [00:23, 123.49it/s]
2385it [00:24, 126.12it/s]
2399it [00:24, 128.37it/s]
2412it [00:24, 125.58it/s]
2425it [00:24, 126.24it/s]
2439it [00:24, 128.70it/s]
2452it [00:24, 125.45it/s]
2466it [00:24, 126.95it/s]
2480it [00:24, 128.51it/s]
2494it [00:24, 130.10it/s]
2508it [00:25, 126.76it/s]
2521it [00:25, 126.38it/s]
2535it [00:25, 128.45it/s]
2548it [00:25, 126.10it/s]
2561it [00:25, 126.21it/s]
2575it [00:25, 127.79it/s]
2588it [00:25, 126.13it/s]
2601it [00:25, 123.60it/s]
2614it [00:25, 123.77it/s]
2628it [00:25, 126.49it/s]
2641it [00:26, 122.74it/s]
2654it [00:26, 123.06it/s]
2668it [00:26, 125.82it/s]
2681it [00:26, 125.82it/s]
2694it [00:26, 124.65it/s]
2708it [00:26, 126.51it/s]
2722it [00:26, 128.94it/s]
2735it [00:26, 125.46it/s]
2749it [00:26, 127.82it/s]
2763it [00:27, 128.84it/s]
2776it [00:27, 128.10it/s]
2790it [00:27, 129.35it/s]
2804it [00:27, 130.63it/s]
2818it [00:27, 130.96it/s]
2832it [00:27, 127.07it/s]
2846it [00:27, 128.85it/s]
2860it [00:27, 129.52it/s]
2873it [00:27, 124.54it/s]
2887it [00:28, 127.94it/s]
2901it [00:28, 129.75it/s]
2915it [00:28, 130.79it/s]
2929it [00:28, 128.09it/s]
2943it [00:28, 128.63it/s]
2957it [00:28, 129.64it/s]
2970it [00:28, 127.15it/s]
2984it [00:28, 128.39it/s]
2998it [00:28, 129.71it/s]
3011it [00:28, 125.54it/s]
3025it [00:29, 127.31it/s]
3039it [00:29, 128.14it/s]
3053it [00:29, 128.96it/s]
3066it [00:29, 126.49it/s]
3080it [00:29, 128.16it/s]
3093it [00:29, 128.62it/s]
3106it [00:29, 124.54it/s]
3120it [00:29, 126.59it/s]
3134it [00:29, 128.00it/s]
3148it [00:30, 129.18it/s]
3161it [00:30, 122.78it/s]
3175it [00:30, 125.36it/s]
3189it [00:30, 127.42it/s]
3202it [00:30, 125.32it/s]
3216it [00:30, 127.48it/s]
3230it [00:30, 128.90it/s]
3244it [00:30, 130.14it/s]
3258it [00:30, 127.34it/s]
3272it [00:31, 127.82it/s]
3286it [00:31, 129.42it/s]
3299it [00:31, 125.24it/s]
3313it [00:31, 127.70it/s]
3327it [00:31, 129.05it/s]
3340it [00:31, 125.61it/s]
3354it [00:31, 128.00it/s]
3367it [00:31, 126.88it/s]
3381it [00:31, 127.60it/s]
3394it [00:31, 125.71it/s]
3408it [00:32, 127.84it/s]
3422it [00:32, 129.13it/s]
3435it [00:32, 122.86it/s]
3449it [00:32, 126.22it/s]
3463it [00:32, 128.11it/s]
3476it [00:32, 127.90it/s]
3489it [00:32, 126.37it/s]
3503it [00:32, 127.19it/s]
3516it [00:32, 126.17it/s]
3529it [00:33, 123.67it/s]
3543it [00:33, 126.02it/s]
3557it [00:33, 128.40it/s]
3570it [00:33, 124.66it/s]
3584it [00:33, 126.94it/s]
3597it [00:33, 126.08it/s]
3610it [00:33, 123.47it/s]
3624it [00:33, 126.12it/s]
3638it [00:33, 127.45it/s]
3652it [00:34, 128.43it/s]
3665it [00:34, 125.71it/s]
3679it [00:34, 127.92it/s]
3693it [00:34, 129.53it/s]
3706it [00:34, 125.62it/s]
3720it [00:34, 128.46it/s]
3734it [00:34, 130.00it/s]
3748it [00:34, 127.75it/s]
3762it [00:34, 129.07it/s]
3776it [00:34, 131.74it/s]
3790it [00:35, 132.50it/s]
3804it [00:35, 125.87it/s]
3818it [00:35, 128.64it/s]
3832it [00:35, 129.33it/s]
3845it [00:35, 124.77it/s]
3859it [00:35, 126.52it/s]
3872it [00:35, 125.58it/s]
3885it [00:35, 126.65it/s]
3898it [00:35, 122.75it/s]
3912it [00:36, 125.10it/s]
3925it [00:36, 126.18it/s]
3938it [00:36, 121.39it/s]
3952it [00:36, 125.20it/s]
3966it [00:36, 128.04it/s]
3980it [00:36, 129.71it/s]
3994it [00:36, 123.11it/s]
4008it [00:36, 126.34it/s]
4022it [00:36, 129.21it/s]
4035it [00:37, 125.88it/s]
4049it [00:37, 127.60it/s]
4063it [00:37, 129.63it/s]
4076it [00:37, 126.11it/s]
4089it [00:37, 124.52it/s]
4103it [00:37, 126.65it/s]
4117it [00:37, 127.64it/s]
4130it [00:37, 123.72it/s]
4144it [00:37, 125.59it/s]
4158it [00:38, 128.71it/s]
4171it [00:38, 125.07it/s]
4185it [00:38, 127.24it/s]
4198it [00:38, 127.57it/s]
4212it [00:38, 129.36it/s]
4225it [00:38, 122.41it/s]
4239it [00:38, 125.22it/s]
4253it [00:38, 128.15it/s]
4266it [00:38, 125.55it/s]
4280it [00:38, 127.55it/s]
4294it [00:39, 128.80it/s]
4308it [00:39, 130.14it/s]
4322it [00:39, 127.29it/s]
4336it [00:39, 128.56it/s]
4350it [00:39, 130.01it/s]
4364it [00:39, 125.68it/s]
4378it [00:39, 128.57it/s]
4392it [00:39, 130.90it/s]
4406it [00:39, 126.00it/s]
4420it [00:40, 127.51it/s]
4434it [00:40, 129.04it/s]
4448it [00:40, 130.14it/s]
4462it [00:40, 125.47it/s]
4476it [00:40, 127.44it/s]
4490it [00:40, 128.80it/s]
4503it [00:40, 122.02it/s]
4517it [00:40, 125.93it/s]
4531it [00:40, 128.77it/s]
4544it [00:41, 126.56it/s]
4557it [00:41, 126.85it/s]
4570it [00:41, 126.88it/s]
4584it [00:41, 128.65it/s]
4597it [00:41, 125.38it/s]
4611it [00:41, 127.98it/s]
4624it [00:41, 127.35it/s]
4637it [00:41, 124.48it/s]
4650it [00:41, 125.56it/s]
4664it [00:41, 127.92it/s]
4678it [00:42, 129.66it/s]
4691it [00:42, 124.87it/s]
4704it [00:42, 126.32it/s]
4718it [00:42, 128.32it/s]
4731it [00:42, 124.59it/s]
4745it [00:42, 126.52it/s]
4759it [00:42, 128.59it/s]
4773it [00:42, 130.06it/s]
4787it [00:42, 123.99it/s]
4801it [00:43, 126.40it/s]
4814it [00:43, 127.28it/s]
4827it [00:43, 123.44it/s]
4841it [00:43, 126.46it/s]
4855it [00:43, 128.25it/s]
4868it [00:43, 128.40it/s]
4881it [00:43, 124.98it/s]
4895it [00:43, 126.88it/s]
4909it [00:43, 129.49it/s]
4922it [00:44, 124.65it/s]
4936it [00:44, 127.27it/s]
4950it [00:44, 128.96it/s]
4963it [00:44, 128.14it/s]
4976it [00:44, 127.98it/s]
4989it [00:44, 127.79it/s]
5002it [00:44, 127.72it/s]
5015it [00:44, 124.20it/s]
5029it [00:44, 126.82it/s]
5043it [00:44, 128.55it/s]
5056it [00:45, 125.11it/s]
5069it [00:45, 125.21it/s]
5083it [00:45, 127.93it/s]
5097it [00:45, 129.96it/s]
5111it [00:45, 124.38it/s]
5125it [00:45, 126.77it/s]
5139it [00:45, 128.62it/s]
5152it [00:45, 124.23it/s]
5166it [00:45, 126.10it/s]
5180it [00:46, 128.41it/s]
5193it [00:46, 128.04it/s]
5206it [00:46, 125.11it/s]
5219it [00:46, 126.15it/s]
5233it [00:46, 127.55it/s]
5246it [00:46, 125.81it/s]
5259it [00:46, 126.61it/s]
5272it [00:46, 127.52it/s]
5285it [00:46, 127.70it/s]
5298it [00:46, 125.20it/s]
5312it [00:47, 127.84it/s]
5325it [00:47, 127.79it/s]
5338it [00:47, 121.53it/s]
5352it [00:47, 125.03it/s]
5366it [00:47, 126.99it/s]
5379it [00:47, 124.11it/s]
5392it [00:47, 124.26it/s]
5406it [00:47, 126.97it/s]
5419it [00:47, 127.43it/s]
5432it [00:48, 123.61it/s]
5446it [00:48, 126.31it/s]
5460it [00:48, 128.17it/s]
5473it [00:48, 127.55it/s]
5486it [00:48, 125.67it/s]
5500it [00:48, 128.25it/s]
5513it [00:48, 128.14it/s]
5526it [00:48, 121.65it/s]
5540it [00:48, 124.95it/s]
5554it [00:49, 127.23it/s]
5567it [00:49, 125.60it/s]
5581it [00:49, 128.05it/s]
5595it [00:49, 128.73it/s]
5609it [00:49, 130.65it/s]
5623it [00:49, 124.50it/s]
5636it [00:49, 125.14it/s]
5650it [00:49, 127.50it/s]
5663it [00:49, 122.20it/s]
5677it [00:49, 125.68it/s]
5690it [00:50, 126.59it/s]
5704it [00:50, 127.92it/s]
5717it [00:50, 127.74it/s]
5730it [00:50, 127.33it/s]
5744it [00:50, 129.46it/s]
5757it [00:50, 126.15it/s]
5771it [00:50, 128.86it/s]
5784it [00:50, 127.50it/s]
5797it [00:50, 127.78it/s]
5810it [00:51, 124.99it/s]
5823it [00:51, 125.45it/s]
5837it [00:51, 127.40it/s]
5850it [00:51, 124.29it/s]
5863it [00:51, 125.81it/s]
5877it [00:51, 127.55it/s]
5890it [00:51, 123.75it/s]
5903it [00:51, 121.37it/s]
5917it [00:51, 124.61it/s]
5931it [00:52, 126.82it/s]
5944it [00:52, 124.97it/s]
5957it [00:52, 126.39it/s]
5971it [00:52, 128.69it/s]
5984it [00:52, 126.36it/s]
5998it [00:52, 127.89it/s]
6012it [00:52, 128.86it/s]
6026it [00:52, 130.88it/s]
6040it [00:52, 126.11it/s]
6054it [00:52, 127.84it/s]
6068it [00:53, 129.74it/s]
6082it [00:53, 125.46it/s]
6096it [00:53, 127.88it/s]
6110it [00:53, 129.14it/s]
6123it [00:53, 127.22it/s]
6136it [00:53, 125.54it/s]
6150it [00:53, 128.18it/s]
6164it [00:53, 130.19it/s]
6178it [00:53, 126.35it/s]
6192it [00:54, 128.44it/s]
6205it [00:54, 128.24it/s]
6218it [00:54, 126.52it/s]
6231it [00:54, 127.03it/s]
6245it [00:54, 129.49it/s]
6259it [00:54, 129.91it/s]
6272it [00:54, 126.20it/s]
6286it [00:54, 128.30it/s]
6300it [00:54, 130.14it/s]
6314it [00:55, 127.21it/s]
6328it [00:55, 128.53it/s]
6342it [00:55, 130.98it/s]
6356it [00:55, 132.04it/s]
6370it [00:55, 126.53it/s]
6384it [00:55, 128.21it/s]
6398it [00:55, 129.75it/s]
6412it [00:55, 126.83it/s]
6425it [00:55, 125.38it/s]
6439it [00:55, 127.02it/s]
6452it [00:56, 126.32it/s]
6466it [00:56, 127.95it/s]
6480it [00:56, 129.68it/s]
6494it [00:56, 130.85it/s]
6508it [00:56, 128.33it/s]
6522it [00:56, 130.37it/s]
6536it [00:56, 130.94it/s]
6550it [00:56, 128.34it/s]
6564it [00:56, 129.71it/s]
6578it [00:57, 130.04it/s]
6592it [00:57, 126.42it/s]
6605it [00:57, 127.25it/s]
6619it [00:57, 128.92it/s]
6633it [00:57, 130.26it/s]
6647it [00:57, 125.18it/s]
6661it [00:57, 127.50it/s]
6675it [00:57, 129.38it/s]
6688it [00:57, 129.02it/s]
6701it [00:58, 127.13it/s]
6714it [00:58, 127.80it/s]
6728it [00:58, 129.09it/s]
6741it [00:58, 123.57it/s]
6755it [00:58, 126.98it/s]
6768it [00:58, 127.10it/s]
6781it [00:58, 125.85it/s]
6794it [00:58, 125.53it/s]
6808it [00:58, 127.54it/s]
6822it [00:58, 129.66it/s]
6835it [00:59, 126.20it/s]
6849it [00:59, 127.91it/s]
6863it [00:59, 130.62it/s]
6877it [00:59, 125.81it/s]
6890it [00:59, 126.07it/s]
6904it [00:59, 128.00it/s]
6918it [00:59, 128.66it/s]
6931it [00:59, 125.98it/s]
6944it [00:59, 127.08it/s]
6958it [01:00, 127.94it/s]
6971it [01:00, 125.16it/s]
6985it [01:00, 127.24it/s]
6999it [01:00, 128.32it/s]
7013it [01:00, 126.65it/s]
7026it [01:00, 124.56it/s]
7040it [01:00, 127.27it/s]
7054it [01:00, 129.45it/s]
7067it [01:00, 125.82it/s]
7081it [01:01, 127.62it/s]
7095it [01:01, 128.84it/s]
7108it [01:01, 127.11it/s]
7121it [01:01, 127.32it/s]
7135it [01:01, 128.86it/s]
7148it [01:01, 128.29it/s]
7161it [01:01, 123.47it/s]
7174it [01:01, 124.13it/s]
7188it [01:01, 126.28it/s]
7201it [01:01, 122.37it/s]
7215it [01:02, 124.73it/s]
7229it [01:02, 127.02it/s]
7242it [01:02, 126.56it/s]
7255it [01:02, 124.92it/s]
7269it [01:02, 127.34it/s]
7283it [01:02, 128.94it/s]
7296it [01:02, 123.31it/s]
7309it [01:02, 125.01it/s]
7322it [01:02, 125.78it/s]
7336it [01:03, 126.53it/s]
7349it [01:03, 123.81it/s]
7363it [01:03, 125.92it/s]
7376it [01:03, 126.98it/s]
7389it [01:03, 122.03it/s]
7403it [01:03, 125.54it/s]
7417it [01:03, 127.30it/s]
7430it [01:03, 121.89it/s]
7444it [01:03, 125.01it/s]
7458it [01:04, 127.06it/s]
7471it [01:04, 124.62it/s]
7484it [01:04, 125.98it/s]
7498it [01:04, 128.70it/s]
7512it [01:04, 130.25it/s]
7526it [01:04, 125.35it/s]
7540it [01:04, 127.80it/s]
7554it [01:04, 129.70it/s]
7568it [01:04, 124.41it/s]
7582it [01:04, 127.13it/s]
7596it [01:05, 129.85it/s]
7610it [01:05, 129.15it/s]
7623it [01:05, 128.14it/s]
7637it [01:05, 129.57it/s]
7651it [01:05, 131.22it/s]
7665it [01:05, 126.57it/s]
7678it [01:05, 127.42it/s]
7692it [01:05, 130.63it/s]
7706it [01:05, 125.89it/s]
7720it [01:06, 127.69it/s]
7733it [01:06, 128.05it/s]
7747it [01:06, 129.27it/s]
7760it [01:06, 126.39it/s]
7774it [01:06, 128.69it/s]
7787it [01:06, 128.51it/s]
7800it [01:06, 125.07it/s]
7813it [01:06, 125.58it/s]
7827it [01:06, 128.09it/s]
7840it [01:06, 127.81it/s]
7853it [01:07, 124.13it/s]
7867it [01:07, 126.31it/s]
7880it [01:07, 126.57it/s]
7893it [01:07, 120.65it/s]
7907it [01:07, 124.36it/s]
7921it [01:07, 126.36it/s]
7934it [01:07, 125.72it/s]
7947it [01:07, 126.04it/s]
7961it [01:07, 127.27it/s]
7975it [01:08, 128.30it/s]
7988it [01:08, 123.60it/s]
8002it [01:08, 126.78it/s]
8016it [01:08, 129.09it/s]
8029it [01:08, 124.42it/s]
8043it [01:08, 126.56it/s]
8057it [01:08, 128.65it/s]
8070it [01:08, 128.92it/s]
8083it [01:08, 125.18it/s]
8097it [01:09, 126.81it/s]
8111it [01:09, 128.67it/s]
8124it [01:09, 124.80it/s]
8138it [01:09, 126.59it/s]
8152it [01:09, 128.75it/s]
8165it [01:09, 128.22it/s]
8178it [01:09, 126.29it/s]
8192it [01:09, 127.85it/s]
8206it [01:09, 129.73it/s]
8219it [01:09, 124.89it/s]
8232it [01:10, 125.44it/s]
8246it [01:10, 128.46it/s]
8260it [01:10, 128.69it/s]
8273it [01:10, 126.58it/s]
8287it [01:10, 127.70it/s]
8301it [01:10, 129.78it/s]
8314it [01:10, 124.73it/s]
8328it [01:10, 127.40it/s]
8342it [01:10, 128.55it/s]
8355it [01:11, 126.27it/s]
8368it [01:11, 124.54it/s]
8382it [01:11, 127.70it/s]
8395it [01:11, 128.03it/s]
8408it [01:11, 127.25it/s]
8422it [01:11, 128.32it/s]
8436it [01:11, 129.22it/s]
8449it [01:11, 123.44it/s]
8463it [01:11, 126.78it/s]
8476it [01:12, 126.95it/s]
8489it [01:12, 127.32it/s]
8502it [01:12, 122.88it/s]
8516it [01:12, 125.61it/s]
8530it [01:12, 128.00it/s]
8543it [01:12, 122.82it/s]
8556it [01:12, 124.43it/s]
8569it [01:12, 125.79it/s]
8583it [01:12, 125.69it/s]
8596it [01:12, 121.75it/s]
8610it [01:13, 125.21it/s]
8624it [01:13, 127.13it/s]
8637it [01:13, 125.30it/s]
8650it [01:13, 126.39it/s]
8664it [01:13, 128.81it/s]
8677it [01:13, 127.41it/s]
8690it [01:13, 125.77it/s]
8703it [01:13, 125.80it/s]
8717it [01:13, 128.40it/s]
8730it [01:14, 124.48it/s]
8744it [01:14, 126.77it/s]
8757it [01:14, 127.61it/s]
8770it [01:14, 127.37it/s]
8783it [01:14, 125.06it/s]
8796it [01:14, 125.55it/s]
8810it [01:14, 127.99it/s]
8823it [01:14, 124.28it/s]
8836it [01:14, 124.51it/s]
8850it [01:14, 126.61it/s]
8863it [01:15, 123.77it/s]
8877it [01:15, 127.29it/s]
8891it [01:15, 128.51it/s]
8904it [01:15, 128.59it/s]
8917it [01:15, 125.10it/s]
8931it [01:15, 128.11it/s]
8945it [01:15, 128.97it/s]
8958it [01:15, 126.63it/s]
8971it [01:15, 127.38it/s]
8985it [01:16, 128.59it/s]
8998it [01:16, 128.14it/s]
9011it [01:16, 128.10it/s]
9025it [01:16, 129.75it/s]
9038it [01:16, 128.72it/s]
9051it [01:16, 126.21it/s]
9064it [01:16, 126.34it/s]
9077it [01:16, 126.90it/s]
9091it [01:16, 128.13it/s]
9104it [01:16, 123.04it/s]
9118it [01:17, 126.04it/s]
9132it [01:17, 128.04it/s]
9145it [01:17, 124.04it/s]
9159it [01:17, 126.19it/s]
9173it [01:17, 126.89it/s]
9186it [01:17, 127.72it/s]
9199it [01:17, 123.27it/s]
9212it [01:17, 124.71it/s]
9226it [01:17, 127.07it/s]
9239it [01:18, 122.61it/s]
9253it [01:18, 125.13it/s]
9266it [01:18, 125.50it/s]
9280it [01:18, 125.73it/s]
9293it [01:18, 122.20it/s]
9307it [01:18, 124.05it/s]
9321it [01:18, 126.75it/s]
9334it [01:18, 123.52it/s]
9348it [01:18, 125.87it/s]
9362it [01:19, 128.08it/s]
9375it [01:19, 125.33it/s]
9389it [01:19, 127.03it/s]
9403it [01:19, 128.00it/s]
9417it [01:19, 128.37it/s]
9430it [01:19, 125.89it/s]
9443it [01:19, 126.46it/s]
9456it [01:19, 127.03it/s]
9469it [01:19, 127.15it/s]
9483it [01:19, 128.06it/s]
9497it [01:20, 130.03it/s]
9511it [01:20, 129.09it/s]
9524it [01:20, 127.43it/s]
9538it [01:20, 129.48it/s]
9552it [01:20, 130.22it/s]
9566it [01:20, 124.06it/s]
9580it [01:20, 126.58it/s]
9594it [01:20, 128.82it/s]
9607it [01:20, 126.00it/s]
9621it [01:21, 128.28it/s]
9635it [01:21, 129.75it/s]
9649it [01:21, 130.24it/s]
9663it [01:21, 126.52it/s]
9677it [01:21, 127.76it/s]
9691it [01:21, 129.35it/s]
9704it [01:21, 123.56it/s]
9717it [01:21, 124.37it/s]
9731it [01:21, 127.17it/s]
9745it [01:22, 128.41it/s]
9758it [01:22, 124.22it/s]
9772it [01:22, 126.65it/s]
9786it [01:22, 128.05it/s]
9799it [01:22, 123.90it/s]
9813it [01:22, 126.66it/s]
9827it [01:22, 128.37it/s]
9840it [01:22, 126.36it/s]
9853it [01:22, 126.42it/s]
9867it [01:22, 129.42it/s]
9881it [01:23, 130.27it/s]
9895it [01:23, 125.54it/s]
9908it [01:23, 126.22it/s]
9921it [01:23, 126.84it/s]
9934it [01:23, 123.08it/s]
9947it [01:23, 124.39it/s]
9961it [01:23, 126.69it/s]
9975it [01:23, 128.62it/s]
9988it [01:23, 125.06it/s]
10001it [01:24, 126.36it/s]
10015it [01:24, 128.39it/s]
10028it [01:24, 125.57it/s]
10042it [01:24, 127.67it/s]
10055it [01:24, 127.80it/s]
10069it [01:24, 130.35it/s]
10083it [01:24, 127.08it/s]
10097it [01:24, 129.10it/s]
10110it [01:24, 128.28it/s]
10123it [01:25, 124.21it/s]
10136it [01:25, 125.83it/s]
10150it [01:25, 127.86it/s]
10164it [01:25, 127.59it/s]
10177it [01:25, 125.96it/s]
10191it [01:25, 128.32it/s]
10205it [01:25, 129.99it/s]
10219it [01:25, 124.36it/s]
10233it [01:25, 126.40it/s]
10247it [01:25, 127.56it/s]
10260it [01:26, 122.44it/s]
10273it [01:26, 124.03it/s]
10287it [01:26, 126.88it/s]
10301it [01:26, 128.33it/s]
10314it [01:26, 124.46it/s]
10328it [01:26, 127.12it/s]
10342it [01:26, 129.02it/s]
10355it [01:26, 124.14it/s]
10368it [01:26, 125.62it/s]
10382it [01:27, 127.67it/s]
10396it [01:27, 128.12it/s]
10409it [01:27, 126.36it/s]
10423it [01:27, 128.72it/s]
10437it [01:27, 130.21it/s]
10451it [01:27, 127.35it/s]
10464it [01:27, 127.66it/s]
10478it [01:27, 129.27it/s]
10491it [01:27, 128.80it/s]
10505it [01:28, 129.86it/s]
10518it [01:28, 129.73it/s]
10532it [01:28, 131.19it/s]
10546it [01:28, 124.75it/s]
10560it [01:28, 127.29it/s]
10574it [01:28, 128.69it/s]
10587it [01:28, 125.02it/s]
10601it [01:28, 127.79it/s]
10615it [01:28, 129.25it/s]
10629it [01:28, 129.76it/s]
10642it [01:29, 125.48it/s]
10655it [01:29, 126.56it/s]
10669it [01:29, 127.47it/s]
10682it [01:29, 124.13it/s]
10696it [01:29, 127.67it/s]
10710it [01:29, 130.39it/s]
10724it [01:29, 131.34it/s]
10738it [01:29, 126.17it/s]
10752it [01:29, 128.13it/s]
10765it [01:30, 126.07it/s]
10778it [01:30, 124.48it/s]
10792it [01:30, 125.82it/s]
10806it [01:30, 128.07it/s]
10819it [01:30, 127.43it/s]
10832it [01:30, 124.98it/s]
10846it [01:30, 126.77it/s]
10859it [01:30, 127.24it/s]
10872it [01:30, 124.42it/s]
10886it [01:31, 126.53it/s]
10899it [01:31, 127.02it/s]
10912it [01:31, 124.53it/s]
10925it [01:31, 125.00it/s]
10939it [01:31, 127.38it/s]
10953it [01:31, 128.46it/s]
10966it [01:31, 124.30it/s]
10980it [01:31, 126.51it/s]
10993it [01:31, 127.48it/s]
11006it [01:31, 125.19it/s]
11020it [01:32, 128.00it/s]
11034it [01:32, 129.28it/s]
11047it [01:32, 129.36it/s]
11060it [01:32, 125.67it/s]
11074it [01:32, 128.34it/s]
11088it [01:32, 129.60it/s]
11101it [01:32, 121.50it/s]
11115it [01:32, 124.56it/s]
11128it [01:32, 124.72it/s]
11142it [01:33, 125.81it/s]
11155it [01:33, 124.81it/s]
11169it [01:33, 127.12it/s]
11183it [01:33, 127.72it/s]
11196it [01:33, 123.49it/s]
11210it [01:33, 126.12it/s]
11223it [01:33, 126.84it/s]
11236it [01:33, 124.16it/s]
11250it [01:33, 126.11it/s]
11263it [01:34, 126.59it/s]
11276it [01:34, 125.57it/s]
11289it [01:34, 125.75it/s]
11303it [01:34, 127.81it/s]
11317it [01:34, 129.34it/s]
11330it [01:34, 123.55it/s]
11344it [01:34, 126.69it/s]
11358it [01:34, 128.04it/s]
11371it [01:34, 123.80it/s]
11384it [01:34, 123.18it/s]
11398it [01:35, 126.01it/s]
11411it [01:35, 126.37it/s]
11424it [01:35, 120.42it/s]
11438it [01:35, 124.17it/s]
11452it [01:35, 127.04it/s]
11465it [01:35, 122.44it/s]
11479it [01:35, 125.86it/s]
11493it [01:35, 128.49it/s]
11506it [01:35, 128.15it/s]
11519it [01:36, 123.74it/s]
11533it [01:36, 126.74it/s]
11547it [01:36, 128.65it/s]
11560it [01:36, 124.64it/s]
11574it [01:36, 126.98it/s]
11588it [01:36, 129.00it/s]
11601it [01:36, 124.32it/s]
11614it [01:36, 125.10it/s]
11628it [01:36, 127.19it/s]
11642it [01:37, 128.94it/s]
11655it [01:37, 124.91it/s]
11669it [01:37, 127.56it/s]
11683it [01:37, 128.72it/s]
11696it [01:37, 123.70it/s]
11710it [01:37, 126.57it/s]
11723it [01:37, 126.53it/s]
11736it [01:37, 126.98it/s]
11749it [01:37, 122.18it/s]
11763it [01:37, 125.58it/s]
11777it [01:38, 127.68it/s]
11790it [01:38, 124.06it/s]
11803it [01:38, 125.11it/s]
11817it [01:38, 127.06it/s]
11831it [01:38, 127.23it/s]
11844it [01:38, 125.89it/s]
11857it [01:38, 125.02it/s]
11871it [01:38, 126.57it/s]
11884it [01:38, 122.27it/s]
11897it [01:39, 124.39it/s]
11911it [01:39, 126.47it/s]
11924it [01:39, 125.21it/s]
11937it [01:39, 126.15it/s]
11950it [01:39, 127.04it/s]
11964it [01:39, 129.76it/s]
11977it [01:39, 126.94it/s]
11991it [01:39, 129.07it/s]
12005it [01:39, 129.69it/s]
12018it [01:39, 124.54it/s]
12031it [01:40, 125.43it/s]
12045it [01:40, 127.69it/s]
12059it [01:40, 128.46it/s]
12072it [01:40, 125.94it/s]
12085it [01:40, 124.83it/s]
12099it [01:40, 127.28it/s]
12112it [01:40, 122.25it/s]
12126it [01:40, 126.12it/s]
12140it [01:40, 128.01it/s]
12154it [01:41, 128.10it/s]
12167it [01:41, 124.22it/s]
12181it [01:41, 126.49it/s]
12195it [01:41, 128.96it/s]
12208it [01:41, 124.56it/s]
12222it [01:41, 127.02it/s]
12235it [01:41, 127.43it/s]
12248it [01:41, 128.05it/s]
12261it [01:41, 127.01it/s]
12274it [01:42, 127.51it/s]
12288it [01:42, 129.12it/s]
12301it [01:42, 124.40it/s]
12315it [01:42, 127.00it/s]
12328it [01:42, 127.01it/s]
12341it [01:42, 127.40it/s]
12354it [01:42, 125.52it/s]
12368it [01:42, 127.66it/s]
12382it [01:42, 129.03it/s]
12395it [01:42, 128.67it/s]
12409it [01:43, 130.10it/s]
12423it [01:43, 129.88it/s]
12436it [01:43, 127.13it/s]
12449it [01:43, 125.41it/s]
12463it [01:43, 127.39it/s]
12477it [01:43, 128.44it/s]
12490it [01:43, 124.96it/s]
12504it [01:43, 128.01it/s]
12518it [01:43, 129.21it/s]
12531it [01:44, 125.69it/s]
12545it [01:44, 128.26it/s]
12559it [01:44, 130.12it/s]
12573it [01:44, 131.43it/s]
12587it [01:44, 126.67it/s]
12601it [01:44, 128.57it/s]
12614it [01:44, 127.57it/s]
12627it [01:44, 124.73it/s]
12640it [01:44, 126.08it/s]
12654it [01:44, 128.64it/s]
12667it [01:45, 126.91it/s]
12680it [01:45, 123.89it/s]
12694it [01:45, 126.63it/s]
12708it [01:45, 128.08it/s]
12721it [01:45, 124.68it/s]
12734it [01:45, 124.75it/s]
12748it [01:45, 126.87it/s]
12761it [01:45, 127.41it/s]
12774it [01:45, 124.04it/s]
12787it [01:46, 123.12it/s]
12801it [01:46, 126.57it/s]
12814it [01:46, 124.57it/s]
12828it [01:46, 126.09it/s]
12842it [01:46, 128.25it/s]
12855it [01:46, 124.82it/s]
12868it [01:46, 126.03it/s]
12881it [01:46, 126.79it/s]
12895it [01:46, 128.35it/s]
12908it [01:47, 122.67it/s]
12921it [01:47, 124.16it/s]
12934it [01:47, 123.47it/s]
12947it [01:47, 123.58it/s]
12960it [01:47, 124.70it/s]
12974it [01:47, 126.93it/s]
12988it [01:47, 128.23it/s]
13001it [01:47, 123.33it/s]
13015it [01:47, 126.94it/s]
13029it [01:47, 128.05it/s]
13042it [01:48, 124.84it/s]
13056it [01:48, 127.13it/s]
13070it [01:48, 128.08it/s]
13084it [01:48, 127.80it/s]
13097it [01:48, 125.90it/s]
13111it [01:48, 127.84it/s]
13125it [01:48, 128.53it/s]
13138it [01:48, 123.80it/s]
13151it [01:48, 124.28it/s]
13165it [01:49, 126.31it/s]
13178it [01:49, 124.92it/s]
13191it [01:49, 124.82it/s]
13204it [01:49, 125.39it/s]
13218it [01:49, 127.89it/s]
13231it [01:49, 124.46it/s]
13244it [01:49, 124.51it/s]
13257it [01:49, 124.65it/s]
13270it [01:49, 121.55it/s]
13283it [01:50, 122.25it/s]
13297it [01:50, 124.74it/s]
13310it [01:50, 125.02it/s]
13323it [01:50, 123.27it/s]
13337it [01:50, 126.11it/s]
13351it [01:50, 128.44it/s]
13364it [01:50, 125.71it/s]
13378it [01:50, 128.67it/s]
13392it [01:50, 130.46it/s]
13406it [01:50, 131.10it/s]
13420it [01:51, 126.21it/s]
13434it [01:51, 128.83it/s]
13448it [01:51, 130.40it/s]
13462it [01:51, 127.88it/s]
13476it [01:51, 128.75it/s]
13490it [01:51, 129.90it/s]
13504it [01:51, 128.87it/s]
13517it [01:51, 128.30it/s]
13530it [01:51, 126.40it/s]
13544it [01:52, 128.86it/s]
13557it [01:52, 122.91it/s]
13571it [01:52, 126.12it/s]
13585it [01:52, 127.43it/s]
13598it [01:52, 125.12it/s]
13612it [01:52, 126.66it/s]
13626it [01:52, 128.72it/s]
13639it [01:52, 128.49it/s]
13652it [01:52, 126.21it/s]
13666it [01:53, 127.62it/s]
13680it [01:53, 129.90it/s]
13693it [01:53, 125.31it/s]
13707it [01:53, 127.85it/s]
13720it [01:53, 127.98it/s]
13734it [01:53, 126.60it/s]
13747it [01:53, 124.56it/s]
13761it [01:53, 126.94it/s]
13775it [01:53, 128.11it/s]
13788it [01:53, 127.31it/s]
13802it [01:54, 128.82it/s]
13816it [01:54, 129.67it/s]
13829it [01:54, 125.64it/s]
13843it [01:54, 127.22it/s]
13857it [01:54, 128.63it/s]
13870it [01:54, 128.56it/s]
13883it [01:54, 123.40it/s]
13897it [01:54, 126.79it/s]
13910it [01:54, 126.95it/s]
13923it [01:55, 124.07it/s]
13936it [01:55, 124.74it/s]
13950it [01:55, 127.20it/s]
13964it [01:55, 129.06it/s]
13977it [01:55, 124.03it/s]
13991it [01:55, 126.59it/s]
14005it [01:55, 128.88it/s]
14018it [01:55, 124.44it/s]
14032it [01:55, 126.16it/s]
14046it [01:55, 129.37it/s]
14060it [01:56, 130.33it/s]
14074it [01:56, 129.31it/s]
14087it [01:56, 129.09it/s]
14101it [01:56, 131.17it/s]
14115it [01:56, 126.51it/s]
14129it [01:56, 127.78it/s]
14143it [01:56, 129.34it/s]
14157it [01:56, 128.64it/s]
14170it [01:56, 127.15it/s]
14184it [01:57, 128.32it/s]
14198it [01:57, 130.52it/s]
14212it [01:57, 127.57it/s]
14226it [01:57, 129.72it/s]
14240it [01:57, 129.99it/s]
14254it [01:57, 124.12it/s]
14268it [01:57, 126.76it/s]
14281it [01:57, 127.03it/s]
14295it [01:57, 128.52it/s]
14308it [01:58, 127.08it/s]
14322it [01:58, 129.18it/s]
14336it [01:58, 130.11it/s]
14350it [01:58, 126.38it/s]
14364it [01:58, 128.00it/s]
14378it [01:58, 129.65it/s]
14391it [01:58, 125.30it/s]
14404it [01:58, 125.57it/s]
14418it [01:58, 128.01it/s]
14432it [01:59, 128.88it/s]
14445it [01:59, 125.13it/s]
14459it [01:59, 127.50it/s]
14473it [01:59, 128.77it/s]
14486it [01:59, 125.55it/s]
14500it [01:59, 127.32it/s]
14514it [01:59, 129.67it/s]
14527it [01:59, 129.46it/s]
14540it [01:59, 125.33it/s]
14554it [01:59, 126.99it/s]
14568it [02:00, 129.25it/s]
14581it [02:00, 125.09it/s]
14595it [02:00, 127.35it/s]
14609it [02:00, 128.41it/s]
14622it [02:00, 128.84it/s]
14635it [02:00, 125.08it/s]
14649it [02:00, 127.55it/s]
14663it [02:00, 129.23it/s]
14676it [02:00, 123.01it/s]
14689it [02:01, 123.22it/s]
14703it [02:01, 124.55it/s]
14716it [02:01, 122.99it/s]
14729it [02:01, 124.17it/s]
14743it [02:01, 125.89it/s]
14756it [02:01, 126.73it/s]
14769it [02:01, 123.35it/s]
14783it [02:01, 125.93it/s]
14797it [02:01, 127.26it/s]
14810it [02:02, 123.25it/s]
14824it [02:02, 125.74it/s]
14838it [02:02, 127.90it/s]
14852it [02:02, 128.15it/s]
14865it [02:02, 125.15it/s]
14879it [02:02, 127.82it/s]
14893it [02:02, 129.40it/s]
14906it [02:02, 125.33it/s]
14919it [02:02, 121.27it/s]
14932it [02:02, 123.24it/s]
14945it [02:03, 122.75it/s]
14958it [02:03, 122.81it/s]
14972it [02:03, 125.84it/s]
14985it [02:03, 125.64it/s]
14993it [02:03, 121.44it/s]
[I 2026-09-18 19:45:07,789] A new study created in memory with name: no-name-74600bfe-3406-480e-aedf-475f7a65a518
mgm_heads:128, cap_heads:2

Optimizer step skipped due to NaNs/infs in grad scaling.

[2026-09-18 19:47:39,824] INFO - Initial Validation Loss: 1.3446712496249953 Best Validation Loss: 1.3223421661322674 Total Steps: 101 Best Step: 85 Total Time Spent: 151.82810878753662
/scratch/sgoli125/mmfpn-try/mmpfn/models/mmpfn/classifier.py:409: UserWarning: Number of samples 11994 is greater than the maximum Number of samples 10000 supported by the model. You may see degraded performance.
  X, y, feature_names_in, n_features_in = validate_Xy_fit(
backbone=PerFeatureTransformer params=92.8M modality_tokens=yes train_rows=11994 test_rows=2999
accuracy_score (Finetuned): 0.42180726908969657

Optimizer step skipped due to NaNs/infs in grad scaling.

Optimizer step skipped due to NaNs/infs in grad scaling.

[2026-09-18 19:50:03,500] INFO - Initial Validation Loss: 1.3532108823498412 Best Validation Loss: 1.3267920303083727 Total Steps: 101 Best Step: 73 Total Time Spent: 140.54863381385803
/scratch/sgoli125/mmfpn-try/mmpfn/models/mmpfn/classifier.py:409: UserWarning: Number of samples 11994 is greater than the maximum Number of samples 10000 supported by the model. You may see degraded performance.
  X, y, feature_names_in, n_features_in = validate_Xy_fit(
backbone=PerFeatureTransformer params=92.8M modality_tokens=yes train_rows=11994 test_rows=2999
accuracy_score (Finetuned): 0.41980660220073357

[2026-09-18 19:52:48,578] INFO - Initial Validation Loss: 1.3485662897302777 Best Validation Loss: 1.3119082424796797 Total Steps: 101 Best Step: 90 Total Time Spent: 162.49297523498535
/scratch/sgoli125/mmfpn-try/mmpfn/models/mmpfn/classifier.py:409: UserWarning: Number of samples 11994 is greater than the maximum Number of samples 10000 supported by the model. You may see degraded performance.
  X, y, feature_names_in, n_features_in = validate_Xy_fit(
backbone=PerFeatureTransformer params=92.8M modality_tokens=yes train_rows=11994 test_rows=2999
accuracy_score (Finetuned): 0.41547182394131377

Optimizer step skipped due to NaNs/infs in grad scaling.

[2026-09-18 19:54:59,944] INFO - Initial Validation Loss: 1.3550749913645812 Best Validation Loss: 1.3361578219360208 Total Steps: 101 Best Step: 97 Total Time Spent: 128.81020402908325
/scratch/sgoli125/mmfpn-try/mmpfn/models/mmpfn/classifier.py:409: UserWarning: Number of samples 11994 is greater than the maximum Number of samples 10000 supported by the model. You may see degraded performance.
  X, y, feature_names_in, n_features_in = validate_Xy_fit(
backbone=PerFeatureTransformer params=92.8M modality_tokens=yes train_rows=11994 test_rows=2999
accuracy_score (Finetuned): 0.42714238079359784

Optimizer step skipped due to NaNs/infs in grad scaling.

[2026-09-18 19:57:43,613] INFO - Initial Validation Loss: 1.3591539620166335 Best Validation Loss: 1.319274349612956 Total Steps: 101 Best Step: 92 Total Time Spent: 161.09903645515442
/scratch/sgoli125/mmfpn-try/mmpfn/models/mmpfn/classifier.py:409: UserWarning: Number of samples 11994 is greater than the maximum Number of samples 10000 supported by the model. You may see degraded performance.
  X, y, feature_names_in, n_features_in = validate_Xy_fit(
backbone=PerFeatureTransformer params=92.8M modality_tokens=yes train_rows=11994 test_rows=2999
accuracy_score (Finetuned): 0.42380793597865957
Mean Accuracy: 0.4216072024008003
Std Accuracy: 0.003909129947249839
[I 2026-09-18 19:57:46,372] Trial 0 finished with value: 0.4216072024008003 and parameters: {'mgm_heads': 128, 'cap_heads': 2}. Best is trial 0 with value: 0.4216072024008003.
Best parameters: {'mgm_heads': 128, 'cap_heads': 2}
Best value: 0.4216072024008003
