/scratch/sgoli125/mmfpn-try/mmpfn/models/dino_v2/layers/swiglu_ffn.py:51: UserWarning: xFormers is not available (SwiGLU)
  warnings.warn("xFormers is not available (SwiGLU)")
/scratch/sgoli125/mmfpn-try/mmpfn/models/dino_v2/layers/attention.py:33: UserWarning: xFormers is not available (Attention)
  warnings.warn("xFormers is not available (Attention)")
/scratch/sgoli125/mmfpn-try/mmpfn/models/dino_v2/layers/block.py:40: UserWarning: xFormers is not available (Block)
  warnings.warn("xFormers is not available (Block)")
Load embeddings from embeddings/cloth/cloth.pt
/scratch/sgoli125/mmfpn-try/mmpfn/datasets/cloth.py:55: FutureWarning: You are using `torch.load` with `weights_only=False` (the current default value), which uses the default pickle module implicitly. It is possible to construct malicious pickle data which will execute arbitrary code during unpickling (See https://github.com/pytorch/pytorch/blob/main/SECURITY.md#untrusted-models for more details). In a future release, the default value for `weights_only` will be flipped to `True`. This limits the functions that could be executed during unpickling. Arbitrary objects will no longer be allowed to be loaded via this mode unless they are explicitly allowlisted by the user via `torch.serialization.add_safe_globals`. We recommend you start setting `weights_only=True` for any use case where you don't have full control of the loaded file. Please open an issue on GitHub for any issues related to this experimental feature.
  self.embeddings = torch.load(path)
[I 2026-09-17 19:50:32,116] A new study created in memory with name: no-name-e344638e-5c6c-46f1-80ea-4480b9f9bac0
mgm_heads:128, cap_heads:4

accuracy_score (Finetuned): 0.6491383119752541

accuracy_score (Finetuned): 0.6639416703490941

accuracy_score (Finetuned): 0.6637207247017234

accuracy_score (Finetuned): 0.6606274856385329

accuracy_score (Finetuned): 0.656208572691118
Mean Accuracy: 0.6587273530711445
Std Accuracy: 0.005550267244580682
[I 2026-09-17 20:03:22,522] Trial 0 finished with value: 0.6587273530711445 and parameters: {'mgm_heads': 128, 'cap_heads': 4}. Best is trial 0 with value: 0.6587273530711445.
Best parameters: {'mgm_heads': 128, 'cap_heads': 4}
Best value: 0.6587273530711445
