/scratch/sgoli125/mmfpn-try/mmpfn/models/dino_v2/layers/swiglu_ffn.py:51: UserWarning: xFormers is not available (SwiGLU)
  warnings.warn("xFormers is not available (SwiGLU)")
/scratch/sgoli125/mmfpn-try/mmpfn/models/dino_v2/layers/attention.py:33: UserWarning: xFormers is not available (Attention)
  warnings.warn("xFormers is not available (Attention)")
/scratch/sgoli125/mmfpn-try/mmpfn/models/dino_v2/layers/block.py:40: UserWarning: xFormers is not available (Block)
  warnings.warn("xFormers is not available (Block)")
/scratch/sgoli125/mmfpn-try/mmpfn/datasets/petfinder.py:64: SettingWithCopyWarning: 
A value is trying to be set on a copy of a slice from a DataFrame

See the caveats in the documentation: https://pandas.pydata.org/pandas-docs/stable/user_guide/indexing.html#returning-a-view-versus-a-copy
  self.text.loc[self.text["Description"].isnull(),"Description"] = ''

0it [00:00, ?it/s]
1it [00:02,  2.02s/it]
2it [00:02,  1.04it/s]
14it [00:02, 10.55it/s]
20it [00:02, 15.33it/s]
34it [00:02, 30.70it/s]
47it [00:02, 44.98it/s]
60it [00:02, 59.41it/s]
73it [00:02, 73.33it/s]
86it [00:02, 85.70it/s]
98it [00:03, 88.60it/s]
112it [00:03, 99.69it/s]
125it [00:03, 106.27it/s]
137it [00:03, 109.78it/s]
149it [00:03, 111.77it/s]
162it [00:03, 115.89it/s]
175it [00:03, 119.37it/s]
188it [00:03, 116.04it/s]
202it [00:03, 120.17it/s]
215it [00:04, 122.16it/s]
228it [00:04, 122.20it/s]
241it [00:04, 121.49it/s]
255it [00:04, 124.77it/s]
268it [00:04, 126.10it/s]
281it [00:04, 121.50it/s]
294it [00:04, 122.98it/s]
308it [00:04, 125.68it/s]
321it [00:04, 121.33it/s]
334it [00:05, 122.96it/s]
348it [00:05, 125.46it/s]
362it [00:05, 127.20it/s]
375it [00:05, 123.32it/s]
389it [00:05, 125.61it/s]
402it [00:05, 125.80it/s]
415it [00:05, 121.68it/s]
428it [00:05, 123.55it/s]
441it [00:05, 125.20it/s]
455it [00:05, 126.87it/s]
468it [00:06, 123.69it/s]
481it [00:06, 125.40it/s]
494it [00:06, 124.48it/s]
507it [00:06, 121.07it/s]
521it [00:06, 123.68it/s]
534it [00:06, 125.09it/s]
547it [00:06, 115.57it/s]
559it [00:06, 116.34it/s]
572it [00:06, 119.79it/s]
585it [00:07, 120.07it/s]
598it [00:07, 120.21it/s]
612it [00:07, 123.41it/s]
625it [00:07, 122.68it/s]
638it [00:07, 121.06it/s]
652it [00:07, 124.34it/s]
665it [00:07, 120.00it/s]
678it [00:07, 118.97it/s]
691it [00:07, 120.93it/s]
704it [00:08, 123.42it/s]
717it [00:08, 119.11it/s]
730it [00:08, 121.55it/s]
744it [00:08, 124.32it/s]
757it [00:08, 120.58it/s]
770it [00:08, 121.80it/s]
783it [00:08, 123.62it/s]
797it [00:08, 126.39it/s]
810it [00:08, 122.19it/s]
824it [00:09, 124.71it/s]
837it [00:09, 125.91it/s]
850it [00:09, 118.83it/s]
864it [00:09, 122.23it/s]
877it [00:09, 123.46it/s]
890it [00:09, 123.76it/s]
903it [00:09, 119.33it/s]
916it [00:09, 121.76it/s]
929it [00:09, 122.84it/s]
942it [00:10, 117.83it/s]
955it [00:10, 121.11it/s]
968it [00:10, 122.79it/s]
981it [00:10, 123.02it/s]
994it [00:10, 118.28it/s]
1007it [00:10, 120.64it/s]
1021it [00:10, 123.89it/s]
1034it [00:10, 119.85it/s]
1048it [00:10, 122.90it/s]
1061it [00:10, 124.89it/s]
1074it [00:11, 119.01it/s]
1087it [00:11, 121.42it/s]
1101it [00:11, 125.12it/s]
1115it [00:11, 126.80it/s]
1128it [00:11, 121.56it/s]
1141it [00:11, 123.67it/s]
1155it [00:11, 125.88it/s]
1168it [00:11, 119.86it/s]
1181it [00:11, 121.59it/s]
1195it [00:12, 124.24it/s]
1208it [00:12, 122.65it/s]
1221it [00:12, 120.94it/s]
1234it [00:12, 122.80it/s]
1247it [00:12, 123.46it/s]
1260it [00:12, 121.53it/s]
1273it [00:12, 123.75it/s]
1286it [00:12, 125.43it/s]
1299it [00:12, 126.05it/s]
1312it [00:13, 124.01it/s]
1326it [00:13, 126.07it/s]
1339it [00:13, 126.79it/s]
1352it [00:13, 120.68it/s]
1366it [00:13, 123.51it/s]
1380it [00:13, 125.57it/s]
1393it [00:13, 121.39it/s]
1406it [00:13, 121.01it/s]
1419it [00:13, 122.99it/s]
1433it [00:13, 125.17it/s]
1446it [00:14, 119.10it/s]
1459it [00:14, 121.10it/s]
1472it [00:14, 122.06it/s]
1485it [00:14, 118.48it/s]
1498it [00:14, 120.43it/s]
1511it [00:14, 122.89it/s]
1524it [00:14, 124.83it/s]
1537it [00:14, 119.91it/s]
1550it [00:14, 122.54it/s]
1563it [00:15, 124.63it/s]
1576it [00:15, 120.18it/s]
1589it [00:15, 122.07it/s]
1603it [00:15, 125.58it/s]
1616it [00:15, 126.77it/s]
1629it [00:15, 122.01it/s]
1642it [00:15, 124.06it/s]
1656it [00:15, 126.11it/s]
1669it [00:15, 121.95it/s]
1683it [00:16, 124.70it/s]
1696it [00:16, 125.76it/s]
1709it [00:16, 126.67it/s]
1722it [00:16, 119.93it/s]
1736it [00:16, 122.75it/s]
1749it [00:16, 124.46it/s]
1762it [00:16, 119.29it/s]
1775it [00:16, 122.15it/s]
1789it [00:16, 124.74it/s]
1802it [00:16, 124.38it/s]
1815it [00:17, 122.00it/s]
1828it [00:17, 123.53it/s]
1841it [00:17, 123.62it/s]
1854it [00:17, 117.69it/s]
1867it [00:17, 120.93it/s]
1881it [00:17, 123.79it/s]
1894it [00:17, 121.99it/s]
1907it [00:17, 123.78it/s]
1921it [00:17, 125.82it/s]
1934it [00:18, 126.88it/s]
1947it [00:18, 120.21it/s]
1960it [00:18, 122.46it/s]
1974it [00:18, 125.25it/s]
1987it [00:18, 122.93it/s]
2000it [00:18, 123.50it/s]
2013it [00:18, 124.55it/s]
2026it [00:18, 126.07it/s]
2039it [00:18, 117.70it/s]
2052it [00:19, 120.69it/s]
2065it [00:19, 122.28it/s]
2078it [00:19, 117.70it/s]
2091it [00:19, 120.47it/s]
2104it [00:19, 122.95it/s]
2118it [00:19, 125.73it/s]
2131it [00:19, 119.71it/s]
2144it [00:19, 122.06it/s]
2158it [00:19, 124.63it/s]
2171it [00:20, 121.83it/s]
2184it [00:20, 122.79it/s]
2197it [00:20, 123.74it/s]
2211it [00:20, 125.60it/s]
2224it [00:20, 122.47it/s]
2237it [00:20, 123.69it/s]
2250it [00:20, 125.35it/s]
2263it [00:20, 119.67it/s]
2276it [00:20, 121.55it/s]
2289it [00:20, 123.37it/s]
2302it [00:21, 123.79it/s]
2315it [00:21, 122.29it/s]
2328it [00:21, 123.42it/s]
2341it [00:21, 125.21it/s]
2354it [00:21, 122.39it/s]
2368it [00:21, 124.67it/s]
2381it [00:21, 125.83it/s]
2394it [00:21, 123.76it/s]
2407it [00:21, 122.03it/s]
2420it [00:22, 123.15it/s]
2433it [00:22, 124.91it/s]
2446it [00:22, 120.35it/s]
2460it [00:22, 123.58it/s]
2473it [00:22, 124.86it/s]
2486it [00:22, 119.85it/s]
2499it [00:22, 120.48it/s]
2512it [00:22, 122.64it/s]
2525it [00:22, 124.31it/s]
2538it [00:22, 117.95it/s]
2551it [00:23, 121.15it/s]
2564it [00:23, 122.74it/s]
2577it [00:23, 119.46it/s]
2590it [00:23, 119.92it/s]
2603it [00:23, 122.52it/s]
2616it [00:23, 123.34it/s]
2629it [00:23, 120.17it/s]
2642it [00:23, 122.26it/s]
2655it [00:23, 123.87it/s]
2668it [00:24, 120.67it/s]
2681it [00:24, 122.68it/s]
2694it [00:24, 124.56it/s]
2708it [00:24, 126.08it/s]
2721it [00:24, 119.51it/s]
2735it [00:24, 122.89it/s]
2749it [00:24, 125.29it/s]
2762it [00:24, 120.62it/s]
2775it [00:24, 122.94it/s]
2789it [00:25, 125.55it/s]
2802it [00:25, 124.67it/s]
2815it [00:25, 122.01it/s]
2828it [00:25, 122.74it/s]
2841it [00:25, 124.42it/s]
2854it [00:25, 119.30it/s]
2867it [00:25, 121.83it/s]
2881it [00:25, 124.56it/s]
2894it [00:25, 122.93it/s]
2907it [00:25, 124.18it/s]
2921it [00:26, 125.06it/s]
2934it [00:26, 125.50it/s]
2947it [00:26, 118.01it/s]
2961it [00:26, 122.00it/s]
2974it [00:26, 124.08it/s]
2987it [00:26, 118.00it/s]
3000it [00:26, 121.26it/s]
3014it [00:26, 124.07it/s]
3027it [00:26, 125.10it/s]
3040it [00:27, 119.84it/s]
3054it [00:27, 123.20it/s]
3068it [00:27, 125.44it/s]
3081it [00:27, 121.63it/s]
3094it [00:27, 122.71it/s]
3108it [00:27, 125.23it/s]
3121it [00:27, 124.78it/s]
3134it [00:27, 123.22it/s]
3147it [00:27, 124.97it/s]
3161it [00:28, 126.60it/s]
3174it [00:28, 121.45it/s]
3187it [00:28, 122.72it/s]
3201it [00:28, 125.15it/s]
3214it [00:28, 121.41it/s]
3227it [00:28, 121.91it/s]
3241it [00:28, 124.44it/s]
3255it [00:28, 126.67it/s]
3268it [00:28, 122.27it/s]
3281it [00:29, 123.61it/s]
3294it [00:29, 123.51it/s]
3307it [00:29, 121.73it/s]
3320it [00:29, 123.59it/s]
3333it [00:29, 125.30it/s]
3346it [00:29, 126.36it/s]
3359it [00:29, 120.98it/s]
3372it [00:29, 121.52it/s]
3385it [00:29, 123.70it/s]
3398it [00:30, 116.59it/s]
3411it [00:30, 120.30it/s]
3424it [00:30, 122.41it/s]
3437it [00:30, 122.67it/s]
3450it [00:30, 119.25it/s]
3463it [00:30, 122.15it/s]
3476it [00:30, 124.19it/s]
3489it [00:30, 118.46it/s]
3502it [00:30, 121.40it/s]
3515it [00:30, 122.96it/s]
3528it [00:31, 123.27it/s]
3541it [00:31, 121.36it/s]
3554it [00:31, 123.63it/s]
3567it [00:31, 124.95it/s]
3580it [00:31, 120.65it/s]
3593it [00:31, 121.89it/s]
3606it [00:31, 123.07it/s]
3619it [00:31, 120.92it/s]
3632it [00:31, 119.59it/s]
3645it [00:32, 121.78it/s]
3659it [00:32, 124.50it/s]
3672it [00:32, 120.91it/s]
3686it [00:32, 123.82it/s]
3699it [00:32, 125.28it/s]
3712it [00:32, 120.86it/s]
3726it [00:32, 123.88it/s]
3739it [00:32, 125.02it/s]
3752it [00:32, 126.30it/s]
3765it [00:32, 121.93it/s]
3779it [00:33, 124.83it/s]
3792it [00:33, 126.28it/s]
3805it [00:33, 122.51it/s]
3818it [00:33, 124.35it/s]
3831it [00:33, 125.50it/s]
3844it [00:33, 126.15it/s]
3857it [00:33, 118.12it/s]
3870it [00:33, 118.60it/s]
3883it [00:33, 121.38it/s]
3896it [00:34, 115.15it/s]
3909it [00:34, 118.39it/s]
3922it [00:34, 120.46it/s]
3935it [00:34, 122.42it/s]
3948it [00:34, 118.25it/s]
3961it [00:34, 121.30it/s]
3974it [00:34, 123.56it/s]
3987it [00:34, 118.96it/s]
4000it [00:34, 121.08it/s]
4014it [00:35, 123.91it/s]
4027it [00:35, 122.46it/s]
4040it [00:35, 121.69it/s]
4054it [00:35, 124.76it/s]
4067it [00:35, 125.51it/s]
4080it [00:35, 119.11it/s]
4093it [00:35, 121.35it/s]
4106it [00:35, 123.62it/s]
4119it [00:35, 119.67it/s]
4132it [00:36, 121.49it/s]
4145it [00:36, 123.61it/s]
4159it [00:36, 125.78it/s]
4172it [00:36, 117.32it/s]
4186it [00:36, 121.19it/s]
4199it [00:36, 122.66it/s]
4212it [00:36, 111.94it/s]
4225it [00:36, 116.50it/s]
4239it [00:36, 120.73it/s]
4253it [00:37, 124.00it/s]
4266it [00:37, 118.01it/s]
4279it [00:37, 120.95it/s]
4292it [00:37, 120.51it/s]
4305it [00:37, 119.75it/s]
4318it [00:37, 122.46it/s]
4331it [00:37, 123.76it/s]
4344it [00:37, 119.01it/s]
4357it [00:37, 121.87it/s]
4370it [00:37, 124.01it/s]
4383it [00:38, 120.47it/s]
4397it [00:38, 123.48it/s]
4411it [00:38, 125.57it/s]
4424it [00:38, 120.79it/s]
4437it [00:38, 120.22it/s]
4451it [00:38, 123.10it/s]
4465it [00:38, 125.29it/s]
4478it [00:38, 119.40it/s]
4491it [00:38, 121.46it/s]
4504it [00:39, 123.52it/s]
4517it [00:39, 118.66it/s]
4531it [00:39, 122.46it/s]
4544it [00:39, 123.35it/s]
4558it [00:39, 125.56it/s]
4571it [00:39, 120.86it/s]
4584it [00:39, 123.21it/s]
4598it [00:39, 125.39it/s]
4611it [00:39, 121.90it/s]
4624it [00:40, 122.31it/s]
4638it [00:40, 124.84it/s]
4651it [00:40, 118.49it/s]
4664it [00:40, 120.35it/s]
4678it [00:40, 123.59it/s]
4691it [00:40, 125.07it/s]
4704it [00:40, 119.94it/s]
4717it [00:40, 122.49it/s]
4730it [00:40, 123.84it/s]
4743it [00:41, 118.25it/s]
4756it [00:41, 120.45it/s]
4770it [00:41, 123.50it/s]
4783it [00:41, 124.47it/s]
4796it [00:41, 120.34it/s]
4809it [00:41, 122.46it/s]
4822it [00:41, 122.70it/s]
4835it [00:41, 119.82it/s]
4849it [00:41, 122.83it/s]
4862it [00:41, 124.55it/s]
4875it [00:42, 123.70it/s]
4888it [00:42, 120.69it/s]
4902it [00:42, 124.53it/s]
4916it [00:42, 126.95it/s]
4929it [00:42, 120.80it/s]
4943it [00:42, 124.14it/s]
4957it [00:42, 126.26it/s]
4970it [00:42, 120.70it/s]
4983it [00:42, 122.16it/s]
4996it [00:43, 123.40it/s]
5009it [00:43, 123.20it/s]
5022it [00:43, 119.31it/s]
5035it [00:43, 121.50it/s]
5048it [00:43, 122.75it/s]
5061it [00:43, 117.59it/s]
5074it [00:43, 120.74it/s]
5087it [00:43, 122.97it/s]
5100it [00:43, 123.92it/s]
5113it [00:44, 116.10it/s]
5126it [00:44, 119.37it/s]
5139it [00:44, 121.94it/s]
5152it [00:44, 114.35it/s]
5165it [00:44, 117.59it/s]
5178it [00:44, 120.15it/s]
5191it [00:44, 115.09it/s]
5204it [00:44, 118.33it/s]
5217it [00:44, 120.71it/s]
5230it [00:45, 122.37it/s]
5243it [00:45, 120.08it/s]
5256it [00:45, 122.44it/s]
5269it [00:45, 123.52it/s]
5282it [00:45, 115.58it/s]
5295it [00:45, 118.85it/s]
5309it [00:45, 122.36it/s]
5322it [00:45, 118.97it/s]
5334it [00:45, 116.87it/s]
5347it [00:46, 120.42it/s]
5360it [00:46, 122.02it/s]
5373it [00:46, 118.73it/s]
5386it [00:46, 121.77it/s]
5399it [00:46, 123.46it/s]
5412it [00:46, 119.60it/s]
5425it [00:46, 119.52it/s]
5439it [00:46, 122.68it/s]
5452it [00:46, 123.42it/s]
5465it [00:46, 119.92it/s]
5479it [00:47, 123.11it/s]
5492it [00:47, 124.19it/s]
5505it [00:47, 119.04it/s]
5518it [00:47, 120.58it/s]
5531it [00:47, 121.04it/s]
5544it [00:47, 123.42it/s]
5557it [00:47, 116.07it/s]
5570it [00:47, 119.59it/s]
5584it [00:47, 122.76it/s]
5597it [00:48, 116.29it/s]
5610it [00:48, 119.68it/s]
5623it [00:48, 121.75it/s]
5636it [00:48, 119.07it/s]
5648it [00:48, 118.76it/s]
5661it [00:48, 121.33it/s]
5674it [00:48, 123.11it/s]
5687it [00:48, 120.39it/s]
5700it [00:48, 121.79it/s]
5714it [00:49, 124.44it/s]
5727it [00:49, 121.61it/s]
5740it [00:49, 122.39it/s]
5753it [00:49, 124.32it/s]
5766it [00:49, 125.14it/s]
5779it [00:49, 118.63it/s]
5792it [00:49, 120.88it/s]
5805it [00:49, 122.39it/s]
5818it [00:49, 118.51it/s]
5831it [00:50, 121.40it/s]
5844it [00:50, 123.61it/s]
5857it [00:50, 124.16it/s]
5870it [00:50, 122.43it/s]
5884it [00:50, 124.95it/s]
5897it [00:50, 126.01it/s]
5910it [00:50, 116.88it/s]
5923it [00:50, 120.30it/s]
5937it [00:50, 123.92it/s]
5950it [00:50, 122.69it/s]
5963it [00:51, 120.40it/s]
5976it [00:51, 122.47it/s]
5990it [00:51, 125.37it/s]
6003it [00:51, 122.12it/s]
6016it [00:51, 124.30it/s]
6029it [00:51, 125.14it/s]
6042it [00:51, 121.83it/s]
6055it [00:51, 120.17it/s]
6068it [00:51, 122.74it/s]
6081it [00:52, 124.39it/s]
6094it [00:52, 120.41it/s]
6108it [00:52, 123.22it/s]
6121it [00:52, 124.79it/s]
6134it [00:52, 118.18it/s]
6147it [00:52, 121.04it/s]
6161it [00:52, 123.83it/s]
6175it [00:52, 125.31it/s]
6188it [00:52, 118.11it/s]
6201it [00:53, 121.19it/s]
6214it [00:53, 122.42it/s]
6227it [00:53, 116.12it/s]
6241it [00:53, 120.45it/s]
6254it [00:53, 122.85it/s]
6267it [00:53, 121.36it/s]
6280it [00:53, 120.86it/s]
6293it [00:53, 123.13it/s]
6306it [00:53, 124.46it/s]
6319it [00:54, 122.29it/s]
6332it [00:54, 124.03it/s]
6346it [00:54, 126.34it/s]
6359it [00:54, 121.63it/s]
6372it [00:54, 120.26it/s]
6385it [00:54, 122.24it/s]
6398it [00:54, 123.96it/s]
6411it [00:54, 122.73it/s]
6424it [00:54, 121.57it/s]
6437it [00:54, 123.72it/s]
6450it [00:55, 121.89it/s]
6464it [00:55, 124.92it/s]
6477it [00:55, 125.61it/s]
6491it [00:55, 127.86it/s]
6504it [00:55, 120.07it/s]
6517it [00:55, 122.67it/s]
6531it [00:55, 125.33it/s]
6544it [00:55, 120.86it/s]
6557it [00:55, 123.25it/s]
6570it [00:56, 124.70it/s]
6583it [00:56, 124.48it/s]
6596it [00:56, 121.22it/s]
6609it [00:56, 123.12it/s]
6622it [00:56, 124.30it/s]
6635it [00:56, 119.33it/s]
6648it [00:56, 120.95it/s]
6661it [00:56, 123.07it/s]
6674it [00:56, 122.77it/s]
6687it [00:56, 121.80it/s]
6700it [00:57, 123.40it/s]
6713it [00:57, 124.74it/s]
6726it [00:57, 118.53it/s]
6740it [00:57, 121.95it/s]
6754it [00:57, 124.58it/s]
6767it [00:57, 117.49it/s]
6780it [00:57, 120.35it/s]
6793it [00:57, 122.61it/s]
6806it [00:57, 123.52it/s]
6819it [00:58, 118.71it/s]
6832it [00:58, 121.65it/s]
6845it [00:58, 123.54it/s]
6858it [00:58, 122.18it/s]
6871it [00:58, 122.77it/s]
6885it [00:58, 125.13it/s]
6898it [00:58, 125.07it/s]
6911it [00:58, 119.89it/s]
6924it [00:58, 121.18it/s]
6938it [00:59, 123.60it/s]
6951it [00:59, 118.58it/s]
6964it [00:59, 121.40it/s]
6977it [00:59, 123.31it/s]
6990it [00:59, 123.79it/s]
7003it [00:59, 121.82it/s]
7016it [00:59, 123.67it/s]
7029it [00:59, 125.39it/s]
7042it [00:59, 121.56it/s]
7055it [01:00, 123.78it/s]
7068it [01:00, 124.58it/s]
7081it [01:00, 124.09it/s]
7094it [01:00, 122.77it/s]
7107it [01:00, 124.77it/s]
7120it [01:00, 126.25it/s]
7133it [01:00, 122.13it/s]
7146it [01:00, 122.90it/s]
7159it [01:00, 124.35it/s]
7172it [01:00, 118.76it/s]
7184it [01:01, 116.06it/s]
7197it [01:01, 117.70it/s]
7210it [01:01, 120.98it/s]
7223it [01:01, 116.09it/s]
7236it [01:01, 118.45it/s]
7249it [01:01, 121.31it/s]
7262it [01:01, 117.30it/s]
7275it [01:01, 118.57it/s]
7288it [01:01, 121.19it/s]
7301it [01:02, 123.59it/s]
7314it [01:02, 120.69it/s]
7327it [01:02, 123.31it/s]
7341it [01:02, 125.33it/s]
7354it [01:02, 123.96it/s]
7367it [01:02, 123.93it/s]
7380it [01:02, 125.16it/s]
7394it [01:02, 126.86it/s]
7407it [01:02, 121.04it/s]
7420it [01:02, 122.17it/s]
7433it [01:03, 123.66it/s]
7446it [01:03, 119.37it/s]
7459it [01:03, 121.69it/s]
7472it [01:03, 123.80it/s]
7485it [01:03, 124.34it/s]
7498it [01:03, 119.58it/s]
7512it [01:03, 122.89it/s]
7525it [01:03, 124.38it/s]
7538it [01:03, 121.77it/s]
7551it [01:04, 122.55it/s]
7564it [01:04, 123.80it/s]
7577it [01:04, 122.52it/s]
7590it [01:04, 121.54it/s]
7604it [01:04, 124.14it/s]
7618it [01:04, 126.10it/s]
7631it [01:04, 118.71it/s]
7644it [01:04, 121.50it/s]
7658it [01:04, 124.22it/s]
7671it [01:05, 121.31it/s]
7684it [01:05, 120.21it/s]
7697it [01:05, 121.65it/s]
7710it [01:05, 123.51it/s]
7723it [01:05, 118.83it/s]
7736it [01:05, 120.99it/s]
7749it [01:05, 122.96it/s]
7762it [01:05, 120.60it/s]
7775it [01:05, 122.87it/s]
7789it [01:06, 124.78it/s]
7802it [01:06, 125.36it/s]
7815it [01:06, 121.22it/s]
7828it [01:06, 123.23it/s]
7841it [01:06, 124.62it/s]
7854it [01:06, 118.87it/s]
7867it [01:06, 121.02it/s]
7880it [01:06, 119.61it/s]
7893it [01:06, 121.09it/s]
7906it [01:06, 118.20it/s]
7919it [01:07, 121.35it/s]
7932it [01:07, 122.23it/s]
7945it [01:07, 120.45it/s]
7958it [01:07, 122.85it/s]
7971it [01:07, 123.57it/s]
7984it [01:07, 118.38it/s]
7997it [01:07, 120.95it/s]
8011it [01:07, 123.56it/s]
8024it [01:07, 119.77it/s]
8038it [01:08, 122.99it/s]
8051it [01:08, 124.69it/s]
8064it [01:08, 119.63it/s]
8077it [01:08, 119.55it/s]
8091it [01:08, 122.68it/s]
8104it [01:08, 123.32it/s]
8117it [01:08, 117.65it/s]
8131it [01:08, 121.85it/s]
8145it [01:08, 124.72it/s]
8158it [01:09, 117.98it/s]
8171it [01:09, 121.23it/s]
8185it [01:09, 124.30it/s]
8198it [01:09, 124.30it/s]
8211it [01:09, 122.96it/s]
8224it [01:09, 123.97it/s]
8238it [01:09, 126.24it/s]
8251it [01:09, 122.12it/s]
8264it [01:09, 124.17it/s]
8278it [01:10, 126.47it/s]
8291it [01:10, 119.65it/s]
8304it [01:10, 121.42it/s]
8317it [01:10, 123.80it/s]
8331it [01:10, 126.24it/s]
8344it [01:10, 120.95it/s]
8357it [01:10, 121.76it/s]
8370it [01:10, 122.75it/s]
8383it [01:10, 120.26it/s]
8396it [01:10, 122.07it/s]
8409it [01:11, 124.18it/s]
8422it [01:11, 121.74it/s]
8435it [01:11, 119.69it/s]
8448it [01:11, 121.60it/s]
8461it [01:11, 123.85it/s]
8474it [01:11, 119.23it/s]
8487it [01:11, 120.39it/s]
8500it [01:11, 121.50it/s]
8513it [01:11, 122.20it/s]
8526it [01:12, 117.96it/s]
8539it [01:12, 119.65it/s]
8552it [01:12, 122.00it/s]
8565it [01:12, 119.87it/s]
8578it [01:12, 122.11it/s]
8591it [01:12, 123.89it/s]
8604it [01:12, 122.76it/s]
8617it [01:12, 120.63it/s]
8631it [01:12, 124.56it/s]
8644it [01:13, 125.31it/s]
8657it [01:13, 122.41it/s]
8670it [01:13, 123.73it/s]
8683it [01:13, 124.61it/s]
8696it [01:13, 122.09it/s]
8709it [01:13, 121.83it/s]
8723it [01:13, 124.43it/s]
8737it [01:13, 127.19it/s]
8750it [01:13, 122.29it/s]
8763it [01:13, 122.62it/s]
8777it [01:14, 124.86it/s]
8790it [01:14, 120.08it/s]
8803it [01:14, 121.72it/s]
8816it [01:14, 123.67it/s]
8829it [01:14, 125.15it/s]
8842it [01:14, 119.92it/s]
8855it [01:14, 120.89it/s]
8869it [01:14, 123.59it/s]
8882it [01:14, 120.53it/s]
8895it [01:15, 121.29it/s]
8908it [01:15, 123.57it/s]
8921it [01:15, 123.85it/s]
8934it [01:15, 121.34it/s]
8947it [01:15, 123.58it/s]
8960it [01:15, 124.88it/s]
8973it [01:15, 118.56it/s]
8986it [01:15, 121.60it/s]
8999it [01:15, 123.64it/s]
9012it [01:16, 124.35it/s]
9025it [01:16, 119.93it/s]
9038it [01:16, 121.05it/s]
9051it [01:16, 122.94it/s]
9064it [01:16, 118.98it/s]
9077it [01:16, 121.10it/s]
9090it [01:16, 123.59it/s]
9103it [01:16, 118.06it/s]
9116it [01:16, 119.29it/s]
9130it [01:16, 123.26it/s]
9143it [01:17, 124.48it/s]
9156it [01:17, 120.25it/s]
9169it [01:17, 121.92it/s]
9182it [01:17, 123.54it/s]
9195it [01:17, 119.23it/s]
9208it [01:17, 121.16it/s]
9221it [01:17, 123.03it/s]
9235it [01:17, 125.11it/s]
9248it [01:17, 120.33it/s]
9261it [01:18, 121.89it/s]
9274it [01:18, 122.98it/s]
9287it [01:18, 118.63it/s]
9300it [01:18, 120.25it/s]
9313it [01:18, 121.39it/s]
9326it [01:18, 120.92it/s]
9339it [01:18, 119.95it/s]
9352it [01:18, 122.20it/s]
9366it [01:18, 124.56it/s]
9379it [01:19, 121.49it/s]
9393it [01:19, 124.46it/s]
9406it [01:19, 125.87it/s]
9419it [01:19, 123.00it/s]
9432it [01:19, 123.48it/s]
9445it [01:19, 123.95it/s]
9458it [01:19, 125.43it/s]
9471it [01:19, 119.59it/s]
9484it [01:19, 121.61it/s]
9498it [01:20, 124.41it/s]
9511it [01:20, 120.44it/s]
9524it [01:20, 122.04it/s]
9537it [01:20, 124.04it/s]
9550it [01:20, 124.63it/s]
9563it [01:20, 116.18it/s]
9576it [01:20, 119.55it/s]
9589it [01:20, 122.21it/s]
9602it [01:20, 117.87it/s]
9615it [01:20, 120.90it/s]
9629it [01:21, 124.07it/s]
9642it [01:21, 125.28it/s]
9655it [01:21, 119.55it/s]
9668it [01:21, 121.95it/s]
9681it [01:21, 123.30it/s]
9694it [01:21, 120.07it/s]
9707it [01:21, 122.29it/s]
9720it [01:21, 122.70it/s]
9733it [01:21, 124.22it/s]
9746it [01:22, 122.85it/s]
9759it [01:22, 123.18it/s]
9773it [01:22, 125.37it/s]
9786it [01:22, 120.67it/s]
9799it [01:22, 122.41it/s]
9812it [01:22, 124.12it/s]
9825it [01:22, 124.89it/s]
9838it [01:22, 122.44it/s]
9851it [01:22, 124.24it/s]
9865it [01:23, 126.34it/s]
9878it [01:23, 121.74it/s]
9891it [01:23, 121.33it/s]
9904it [01:23, 122.14it/s]
9917it [01:23, 119.82it/s]
9930it [01:23, 117.57it/s]
9943it [01:23, 118.90it/s]
9956it [01:23, 120.51it/s]
9969it [01:23, 119.43it/s]
9983it [01:23, 123.06it/s]
9997it [01:24, 125.45it/s]
10010it [01:24, 119.25it/s]
10024it [01:24, 123.17it/s]
10037it [01:24, 124.99it/s]
10051it [01:24, 126.91it/s]
10064it [01:24, 122.25it/s]
10078it [01:24, 125.28it/s]
10091it [01:24, 125.92it/s]
10104it [01:24, 121.17it/s]
10117it [01:25, 121.79it/s]
10131it [01:25, 125.02it/s]
10144it [01:25, 121.29it/s]
10157it [01:25, 121.75it/s]
10170it [01:25, 123.39it/s]
10184it [01:25, 125.99it/s]
10197it [01:25, 121.59it/s]
10210it [01:25, 123.11it/s]
10223it [01:25, 124.98it/s]
10236it [01:26, 118.89it/s]
10249it [01:26, 121.41it/s]
10262it [01:26, 123.25it/s]
10275it [01:26, 124.81it/s]
10288it [01:26, 122.40it/s]
10302it [01:26, 124.83it/s]
10315it [01:26, 126.31it/s]
10328it [01:26, 121.74it/s]
10342it [01:26, 124.42it/s]
10355it [01:26, 125.91it/s]
10368it [01:27, 126.61it/s]
10381it [01:27, 120.79it/s]
10395it [01:27, 123.97it/s]
10409it [01:27, 126.23it/s]
10422it [01:27, 120.97it/s]
10436it [01:27, 124.34it/s]
10450it [01:27, 126.23it/s]
10463it [01:27, 125.33it/s]
10476it [01:27, 121.95it/s]
10490it [01:28, 124.71it/s]
10504it [01:28, 126.71it/s]
10517it [01:28, 120.69it/s]
10531it [01:28, 124.07it/s]
10544it [01:28, 125.19it/s]
10557it [01:28, 121.23it/s]
10570it [01:28, 122.01it/s]
10583it [01:28, 124.19it/s]
10596it [01:28, 125.42it/s]
10609it [01:29, 120.62it/s]
10622it [01:29, 122.93it/s]
10636it [01:29, 125.08it/s]
10649it [01:29, 119.13it/s]
10662it [01:29, 121.78it/s]
10676it [01:29, 124.68it/s]
10689it [01:29, 125.50it/s]
10702it [01:29, 121.22it/s]
10716it [01:29, 124.55it/s]
10729it [01:30, 125.97it/s]
10742it [01:30, 121.10it/s]
10755it [01:30, 120.06it/s]
10768it [01:30, 122.02it/s]
10781it [01:30, 119.15it/s]
10793it [01:30, 117.92it/s]
10807it [01:30, 121.98it/s]
10820it [01:30, 123.65it/s]
10833it [01:30, 118.61it/s]
10846it [01:30, 121.78it/s]
10859it [01:31, 122.94it/s]
10872it [01:31, 120.48it/s]
10885it [01:31, 121.37it/s]
10898it [01:31, 123.15it/s]
10911it [01:31, 123.68it/s]
10924it [01:31, 116.76it/s]
10937it [01:31, 120.12it/s]
10950it [01:31, 122.08it/s]
10963it [01:31, 120.77it/s]
10976it [01:32, 123.26it/s]
10989it [01:32, 124.43it/s]
11002it [01:32, 125.17it/s]
11015it [01:32, 119.98it/s]
11029it [01:32, 123.26it/s]
11042it [01:32, 124.46it/s]
11055it [01:32, 120.48it/s]
11068it [01:32, 122.79it/s]
11082it [01:32, 125.04it/s]
11095it [01:33, 125.27it/s]
11108it [01:33, 119.86it/s]
11121it [01:33, 122.42it/s]
11134it [01:33, 124.03it/s]
11147it [01:33, 118.33it/s]
11161it [01:33, 121.98it/s]
11175it [01:33, 124.66it/s]
11188it [01:33, 121.74it/s]
11201it [01:33, 121.29it/s]
11214it [01:34, 123.09it/s]
11227it [01:34, 123.89it/s]
11240it [01:34, 121.30it/s]
11253it [01:34, 122.00it/s]
11266it [01:34, 123.94it/s]
11279it [01:34, 118.69it/s]
11292it [01:34, 120.79it/s]
11305it [01:34, 122.80it/s]
11318it [01:34, 124.56it/s]
11331it [01:34, 121.29it/s]
11344it [01:35, 123.28it/s]
11357it [01:35, 124.15it/s]
11370it [01:35, 115.30it/s]
11383it [01:35, 116.79it/s]
11396it [01:35, 120.31it/s]
11409it [01:35, 122.30it/s]
11422it [01:35, 116.44it/s]
11435it [01:35, 119.84it/s]
11448it [01:35, 122.63it/s]
11461it [01:36, 117.73it/s]
11475it [01:36, 121.82it/s]
11488it [01:36, 123.75it/s]
11501it [01:36, 124.90it/s]
11514it [01:36, 121.00it/s]
11527it [01:36, 123.14it/s]
11540it [01:36, 120.78it/s]
11553it [01:36, 117.39it/s]
11566it [01:36, 120.08it/s]
11579it [01:37, 122.80it/s]
11592it [01:37, 119.41it/s]
11606it [01:37, 123.10it/s]
11619it [01:37, 124.46it/s]
11632it [01:37, 124.56it/s]
11645it [01:37, 122.22it/s]
11658it [01:37, 124.43it/s]
11672it [01:37, 127.00it/s]
11685it [01:37, 120.99it/s]
11698it [01:37, 123.44it/s]
11711it [01:38, 125.00it/s]
11724it [01:38, 121.69it/s]
11737it [01:38, 120.66it/s]
11750it [01:38, 123.19it/s]
11763it [01:38, 124.94it/s]
11776it [01:38, 122.62it/s]
11789it [01:38, 123.35it/s]
11802it [01:38, 124.32it/s]
11815it [01:38, 119.21it/s]
11827it [01:39, 118.78it/s]
11841it [01:39, 122.56it/s]
11854it [01:39, 121.00it/s]
11867it [01:39, 118.45it/s]
11881it [01:39, 121.76it/s]
11895it [01:39, 124.39it/s]
11908it [01:39, 117.23it/s]
11922it [01:39, 120.96it/s]
11935it [01:39, 122.65it/s]
11948it [01:40, 121.91it/s]
11961it [01:40, 119.84it/s]
11975it [01:40, 123.18it/s]
11989it [01:40, 125.12it/s]
12002it [01:40, 119.16it/s]
12015it [01:40, 122.12it/s]
12028it [01:40, 123.80it/s]
12041it [01:40, 119.69it/s]
12054it [01:40, 121.78it/s]
12068it [01:41, 124.26it/s]
12081it [01:41, 123.94it/s]
12094it [01:41, 117.53it/s]
12107it [01:41, 119.82it/s]
12121it [01:41, 122.98it/s]
12134it [01:41, 118.31it/s]
12148it [01:41, 121.89it/s]
12161it [01:41, 122.86it/s]
12174it [01:41, 120.36it/s]
12187it [01:42, 122.40it/s]
12200it [01:42, 123.36it/s]
12213it [01:42, 124.61it/s]
12226it [01:42, 121.50it/s]
12240it [01:42, 124.58it/s]
12253it [01:42, 125.82it/s]
12266it [01:42, 119.97it/s]
12280it [01:42, 123.44it/s]
12293it [01:42, 124.32it/s]
12306it [01:42, 125.82it/s]
12319it [01:43, 121.86it/s]
12332it [01:43, 122.68it/s]
12346it [01:43, 125.33it/s]
12359it [01:43, 121.19it/s]
12373it [01:43, 124.95it/s]
12387it [01:43, 127.96it/s]
12400it [01:43, 127.91it/s]
12413it [01:43, 120.25it/s]
12426it [01:43, 122.23it/s]
12439it [01:44, 124.30it/s]
12452it [01:44, 120.43it/s]
12465it [01:44, 122.82it/s]
12479it [01:44, 125.11it/s]
12492it [01:44, 124.15it/s]
12505it [01:44, 122.06it/s]
12518it [01:44, 124.01it/s]
12531it [01:44, 124.06it/s]
12544it [01:44, 120.25it/s]
12558it [01:45, 123.32it/s]
12572it [01:45, 126.00it/s]
12585it [01:45, 122.56it/s]
12598it [01:45, 121.21it/s]
12611it [01:45, 121.78it/s]
12624it [01:45, 124.05it/s]
12637it [01:45, 120.36it/s]
12650it [01:45, 122.88it/s]
12663it [01:45, 122.87it/s]
12676it [01:45, 119.48it/s]
12689it [01:46, 122.06it/s]
12702it [01:46, 123.85it/s]
12715it [01:46, 124.11it/s]
12728it [01:46, 118.23it/s]
12741it [01:46, 120.64it/s]
12754it [01:46, 123.02it/s]
12767it [01:46, 120.41it/s]
12780it [01:46, 120.42it/s]
12793it [01:46, 121.72it/s]
12806it [01:47, 122.92it/s]
12819it [01:47, 101.67it/s]
12833it [01:47, 109.32it/s]
12846it [01:47, 114.31it/s]
12858it [01:47, 112.69it/s]
12872it [01:47, 117.65it/s]
12885it [01:47, 120.36it/s]
12898it [01:47, 121.04it/s]
12911it [01:47, 116.55it/s]
12924it [01:48, 119.39it/s]
12937it [01:48, 120.12it/s]
12950it [01:48, 116.35it/s]
12963it [01:48, 119.04it/s]
12976it [01:48, 122.06it/s]
12989it [01:48, 120.92it/s]
13002it [01:48, 120.43it/s]
13016it [01:48, 124.41it/s]
13029it [01:48, 124.19it/s]
13042it [01:49, 119.94it/s]
13056it [01:49, 123.17it/s]
13069it [01:49, 124.64it/s]
13082it [01:49, 119.49it/s]
13095it [01:49, 121.36it/s]
13109it [01:49, 124.23it/s]
13122it [01:49, 125.49it/s]
13135it [01:49, 117.41it/s]
13148it [01:49, 119.32it/s]
13161it [01:50, 121.82it/s]
13174it [01:50, 118.50it/s]
13187it [01:50, 121.42it/s]
13200it [01:50, 123.13it/s]
13213it [01:50, 124.30it/s]
13226it [01:50, 116.28it/s]
13239it [01:50, 118.91it/s]
13252it [01:50, 120.30it/s]
13265it [01:50, 115.55it/s]
13278it [01:51, 118.43it/s]
13291it [01:51, 121.06it/s]
13304it [01:51, 119.36it/s]
13316it [01:51, 119.48it/s]
13330it [01:51, 122.82it/s]
13344it [01:51, 125.29it/s]
13357it [01:51, 122.08it/s]
13371it [01:51, 124.70it/s]
13385it [01:51, 126.44it/s]
13398it [01:51, 122.64it/s]
13412it [01:52, 124.92it/s]
13426it [01:52, 126.58it/s]
13440it [01:52, 128.15it/s]
13453it [01:52, 121.40it/s]
13467it [01:52, 124.35it/s]
13480it [01:52, 125.69it/s]
13493it [01:52, 123.15it/s]
13506it [01:52, 124.82it/s]
13519it [01:52, 125.81it/s]
13532it [01:53, 124.94it/s]
13545it [01:53, 118.35it/s]
13558it [01:53, 120.61it/s]
13571it [01:53, 122.47it/s]
13584it [01:53, 116.92it/s]
13597it [01:53, 120.23it/s]
13611it [01:53, 123.05it/s]
13624it [01:53, 119.43it/s]
13637it [01:53, 118.21it/s]
13651it [01:54, 121.63it/s]
13665it [01:54, 124.32it/s]
13678it [01:54, 120.72it/s]
13691it [01:54, 122.67it/s]
13705it [01:54, 125.63it/s]
13718it [01:54, 119.06it/s]
13731it [01:54, 121.91it/s]
13744it [01:54, 123.50it/s]
13757it [01:54, 124.44it/s]
13770it [01:55, 120.43it/s]
13783it [01:55, 122.02it/s]
13796it [01:55, 124.09it/s]
13809it [01:55, 117.18it/s]
13823it [01:55, 121.68it/s]
13836it [01:55, 123.78it/s]
13850it [01:55, 124.65it/s]
13863it [01:55, 117.51it/s]
13876it [01:55, 120.27it/s]
13889it [01:55, 122.40it/s]
13902it [01:56, 115.99it/s]
13915it [01:56, 117.77it/s]
13928it [01:56, 119.75it/s]
13941it [01:56, 120.44it/s]
13954it [01:56, 118.21it/s]
13968it [01:56, 121.83it/s]
13982it [01:56, 124.79it/s]
13995it [01:56, 119.33it/s]
14008it [01:56, 122.22it/s]
14021it [01:57, 123.08it/s]
14034it [01:57, 121.62it/s]
14047it [01:57, 123.26it/s]
14061it [01:57, 126.16it/s]
14075it [01:57, 128.58it/s]
14088it [01:57, 125.04it/s]
14102it [01:57, 127.39it/s]
14116it [01:57, 129.15it/s]
14129it [01:57, 123.66it/s]
14142it [01:58, 123.61it/s]
14156it [01:58, 126.31it/s]
14170it [01:58, 127.00it/s]
14183it [01:58, 123.27it/s]
14197it [01:58, 125.89it/s]
14211it [01:58, 127.31it/s]
14224it [01:58, 119.15it/s]
14238it [01:58, 122.83it/s]
14251it [01:58, 124.48it/s]
14265it [01:59, 124.25it/s]
14278it [01:59, 120.77it/s]
14292it [01:59, 124.47it/s]
14306it [01:59, 126.81it/s]
14319it [01:59, 123.08it/s]
14333it [01:59, 125.50it/s]
14347it [01:59, 127.98it/s]
14360it [01:59, 125.51it/s]
14373it [01:59, 126.15it/s]
14387it [02:00, 127.92it/s]
14401it [02:00, 128.97it/s]
14414it [02:00, 123.35it/s]
14428it [02:00, 125.97it/s]
14442it [02:00, 127.51it/s]
14455it [02:00, 120.50it/s]
14468it [02:00, 123.03it/s]
14481it [02:00, 124.99it/s]
14495it [02:00, 126.82it/s]
14508it [02:00, 121.83it/s]
14521it [02:01, 123.60it/s]
14535it [02:01, 126.08it/s]
14548it [02:01, 117.40it/s]
14561it [02:01, 120.58it/s]
14575it [02:01, 124.24it/s]
14588it [02:01, 123.28it/s]
14601it [02:01, 120.33it/s]
14615it [02:01, 123.26it/s]
14629it [02:01, 125.85it/s]
14642it [02:02, 121.68it/s]
14656it [02:02, 124.79it/s]
14670it [02:02, 126.54it/s]
14683it [02:02, 123.81it/s]
14696it [02:02, 122.54it/s]
14709it [02:02, 123.87it/s]
14722it [02:02, 125.32it/s]
14735it [02:02, 105.49it/s]
14748it [02:02, 111.45it/s]
14761it [02:03, 116.07it/s]
14774it [02:03, 116.27it/s]
14787it [02:03, 119.47it/s]
14800it [02:03, 121.76it/s]
14814it [02:03, 124.89it/s]
14827it [02:03, 119.72it/s]
14841it [02:03, 122.85it/s]
14855it [02:03, 125.31it/s]
14868it [02:03, 119.08it/s]
14882it [02:04, 123.13it/s]
14896it [02:04, 125.54it/s]
14909it [02:04, 124.45it/s]
14922it [02:04, 122.58it/s]
14936it [02:04, 125.17it/s]
14950it [02:04, 127.04it/s]
14963it [02:04, 124.04it/s]
14977it [02:04, 126.92it/s]
14991it [02:04, 128.66it/s]
14993it [02:04, 120.00it/s]
[I 2026-09-18 20:11:10,813] A new study created in memory with name: no-name-851176e0-9541-4af8-a410-7af1b4b8082e
mgm_heads:32, cap_heads:16

Optimizer step skipped due to NaNs/infs in grad scaling.

Optimizer step skipped due to NaNs/infs in grad scaling.

Optimizer step skipped due to NaNs/infs in grad scaling.

[2026-09-18 20:14:40,178] INFO - Initial Validation Loss: 1.3494414453275296 Best Validation Loss: 1.3153653618221324 Total Steps: 101 Best Step: 97 Total Time Spent: 209.08332872390747
/scratch/sgoli125/mmfpn-try/mmpfn/models/mmpfn/classifier.py:409: UserWarning: Number of samples 11994 is greater than the maximum Number of samples 10000 supported by the model. You may see degraded performance.
  X, y, feature_names_in, n_features_in = validate_Xy_fit(
backbone=PerFeatureTransformer params=28.9M modality_tokens=yes train_rows=11994 test_rows=2999
accuracy_score (Finetuned): 0.4284761587195732

Optimizer step skipped due to NaNs/infs in grad scaling.

Optimizer step skipped due to NaNs/infs in grad scaling.

[2026-09-18 20:18:06,680] INFO - Initial Validation Loss: 1.361000127057204 Best Validation Loss: 1.3268402481669248 Total Steps: 101 Best Step: 100 Total Time Spent: 202.9637746810913
/scratch/sgoli125/mmfpn-try/mmpfn/models/mmpfn/classifier.py:409: UserWarning: Number of samples 11994 is greater than the maximum Number of samples 10000 supported by the model. You may see degraded performance.
  X, y, feature_names_in, n_features_in = validate_Xy_fit(
backbone=PerFeatureTransformer params=28.9M modality_tokens=yes train_rows=11994 test_rows=2999
accuracy_score (Finetuned): 0.4341447149049683

Optimizer step skipped due to NaNs/infs in grad scaling.

Optimizer step skipped due to NaNs/infs in grad scaling.

[2026-09-18 20:21:26,296] INFO - Initial Validation Loss: 1.3495183687065064 Best Validation Loss: 1.321509560679994 Total Steps: 101 Best Step: 100 Total Time Spent: 196.7486560344696
/scratch/sgoli125/mmfpn-try/mmpfn/models/mmpfn/classifier.py:409: UserWarning: Number of samples 11994 is greater than the maximum Number of samples 10000 supported by the model. You may see degraded performance.
  X, y, feature_names_in, n_features_in = validate_Xy_fit(
backbone=PerFeatureTransformer params=28.9M modality_tokens=yes train_rows=11994 test_rows=2999
accuracy_score (Finetuned): 0.42614204734911637

Optimizer step skipped due to NaNs/infs in grad scaling.

Optimizer step skipped due to NaNs/infs in grad scaling.

[2026-09-18 20:24:50,908] INFO - Initial Validation Loss: 1.3578805251002728 Best Validation Loss: 1.3208911965051218 Total Steps: 101 Best Step: 100 Total Time Spent: 201.77000379562378
/scratch/sgoli125/mmfpn-try/mmpfn/models/mmpfn/classifier.py:409: UserWarning: Number of samples 11994 is greater than the maximum Number of samples 10000 supported by the model. You may see degraded performance.
  X, y, feature_names_in, n_features_in = validate_Xy_fit(
backbone=PerFeatureTransformer params=28.9M modality_tokens=yes train_rows=11994 test_rows=2999
accuracy_score (Finetuned): 0.43347782594198064

Optimizer step skipped due to NaNs/infs in grad scaling.

Optimizer step skipped due to NaNs/infs in grad scaling.

[2026-09-18 20:28:16,258] INFO - Initial Validation Loss: 1.3595145903562407 Best Validation Loss: 1.324666590811385 Total Steps: 101 Best Step: 100 Total Time Spent: 202.48629879951477
/scratch/sgoli125/mmfpn-try/mmpfn/models/mmpfn/classifier.py:409: UserWarning: Number of samples 11994 is greater than the maximum Number of samples 10000 supported by the model. You may see degraded performance.
  X, y, feature_names_in, n_features_in = validate_Xy_fit(
backbone=PerFeatureTransformer params=28.9M modality_tokens=yes train_rows=11994 test_rows=2999
accuracy_score (Finetuned): 0.41813937979326443
Mean Accuracy: 0.4280760253417807
Std Accuracy: 0.005807680175279014
[I 2026-09-18 20:28:19,084] Trial 0 finished with value: 0.4280760253417807 and parameters: {'mgm_heads': 32, 'cap_heads': 16}. Best is trial 0 with value: 0.4280760253417807.
Best parameters: {'mgm_heads': 32, 'cap_heads': 16}
Best value: 0.4280760253417807
