/scratch/sgoli125/mmfpn-try/mmpfn/models/dino_v2/layers/swiglu_ffn.py:51: UserWarning: xFormers is not available (SwiGLU)
  warnings.warn("xFormers is not available (SwiGLU)")
/scratch/sgoli125/mmfpn-try/mmpfn/models/dino_v2/layers/attention.py:33: UserWarning: xFormers is not available (Attention)
  warnings.warn("xFormers is not available (Attention)")
/scratch/sgoli125/mmfpn-try/mmpfn/models/dino_v2/layers/block.py:40: UserWarning: xFormers is not available (Block)
  warnings.warn("xFormers is not available (Block)")
CBIS-DDSM mass: kept 1318 of 1318 rows (0 dropped for missing images)
Load embeddings from embeddings/cbis_ddsm/mass_train_all_dinov2.pt
CBIS-DDSM mass: kept 378 of 378 rows (0 dropped for missing images)
Load embeddings from embeddings/cbis_ddsm/mass_test_all_dinov2.pt
[I 2026-09-22 18:21:10,021] A new study created in memory with name: no-name-8e0d03e2-0a3b-4477-a910-f3a718b3788f
mgm_heads:64, cap_heads:32

Optimizer step skipped due to NaNs/infs in grad scaling.

Optimizer step skipped due to NaNs/infs in grad scaling.

[2026-09-22 18:22:38,209] INFO - Initial Validation Loss: 0.27254966001777037 Best Validation Loss: 0.24528449507532057 Total Steps: 101 Best Step: 86 Total Time Spent: 88.02942609786987
backbone=PerFeatureTransformer params=50.2M modality_tokens=no train_rows=1318 test_rows=378
accuracy_score (Finetuned): 0.6507936507936508

Optimizer step skipped due to NaNs/infs in grad scaling.

Optimizer step skipped due to NaNs/infs in grad scaling.

[2026-09-22 18:23:48,125] INFO - Initial Validation Loss: 0.27254966001777037 Best Validation Loss: 0.2446204015192445 Total Steps: 101 Best Step: 85 Total Time Spent: 61.26582098007202
backbone=PerFeatureTransformer params=50.2M modality_tokens=no train_rows=1318 test_rows=378
accuracy_score (Finetuned): 0.6507936507936508

Optimizer step skipped due to NaNs/infs in grad scaling.

Optimizer step skipped due to NaNs/infs in grad scaling.

[2026-09-22 18:24:55,606] INFO - Initial Validation Loss: 0.27254966001777037 Best Validation Loss: 0.2445382691074265 Total Steps: 101 Best Step: 79 Total Time Spent: 61.518667697906494
backbone=PerFeatureTransformer params=50.2M modality_tokens=no train_rows=1318 test_rows=378
accuracy_score (Finetuned): 0.6507936507936508

Optimizer step skipped due to NaNs/infs in grad scaling.

Optimizer step skipped due to NaNs/infs in grad scaling.

[2026-09-22 18:26:17,602] INFO - Initial Validation Loss: 0.27254966001777037 Best Validation Loss: 0.2429050741976722 Total Steps: 101 Best Step: 95 Total Time Spent: 75.29635095596313
backbone=PerFeatureTransformer params=50.2M modality_tokens=no train_rows=1318 test_rows=378
accuracy_score (Finetuned): 0.6534391534391535

Optimizer step skipped due to NaNs/infs in grad scaling.

Optimizer step skipped due to NaNs/infs in grad scaling.

[2026-09-22 18:27:37,635] INFO - Initial Validation Loss: 0.27254966001777037 Best Validation Loss: 0.2448851650858995 Total Steps: 101 Best Step: 92 Total Time Spent: 71.156179189682
backbone=PerFeatureTransformer params=50.2M modality_tokens=no train_rows=1318 test_rows=378
accuracy_score (Finetuned): 0.6481481481481481
Mean Accuracy: 0.6507936507936508
Std Accuracy: 0.0016731627831578903
[I 2026-09-22 18:27:44,493] Trial 0 finished with value: 0.6507936507936508 and parameters: {'mgm_heads': 64, 'cap_heads': 32}. Best is trial 0 with value: 0.6507936507936508.
Best parameters: {'mgm_heads': 64, 'cap_heads': 32}
Best value: 0.6507936507936508
