/scratch/sgoli125/mmfpn-try/mmpfn/models/dino_v2/layers/swiglu_ffn.py:51: UserWarning: xFormers is not available (SwiGLU)
  warnings.warn("xFormers is not available (SwiGLU)")
/scratch/sgoli125/mmfpn-try/mmpfn/models/dino_v2/layers/attention.py:33: UserWarning: xFormers is not available (Attention)
  warnings.warn("xFormers is not available (Attention)")
/scratch/sgoli125/mmfpn-try/mmpfn/models/dino_v2/layers/block.py:40: UserWarning: xFormers is not available (Block)
  warnings.warn("xFormers is not available (Block)")
CBIS-DDSM mass: kept 1318 of 1318 rows (0 dropped for missing images)
Load embeddings from embeddings/cbis_ddsm/mass_train_all_dinov2.pt
/scratch/sgoli125/mmfpn-try/mmpfn/datasets/cbis_ddsm.py:132: FutureWarning: You are using `torch.load` with `weights_only=False` (the current default value), which uses the default pickle module implicitly. It is possible to construct malicious pickle data which will execute arbitrary code during unpickling (See https://github.com/pytorch/pytorch/blob/main/SECURITY.md#untrusted-models for more details). In a future release, the default value for `weights_only` will be flipped to `True`. This limits the functions that could be executed during unpickling. Arbitrary objects will no longer be allowed to be loaded via this mode unless they are explicitly allowlisted by the user via `torch.serialization.add_safe_globals`. We recommend you start setting `weights_only=True` for any use case where you don't have full control of the loaded file. Please open an issue on GitHub for any issues related to this experimental feature.
  self.embeddings = torch.load(path)
CBIS-DDSM mass: kept 378 of 378 rows (0 dropped for missing images)
Load embeddings from embeddings/cbis_ddsm/mass_test_all_dinov2.pt
/scratch/sgoli125/mmfpn-try/mmpfn/datasets/cbis_ddsm.py:132: FutureWarning: You are using `torch.load` with `weights_only=False` (the current default value), which uses the default pickle module implicitly. It is possible to construct malicious pickle data which will execute arbitrary code during unpickling (See https://github.com/pytorch/pytorch/blob/main/SECURITY.md#untrusted-models for more details). In a future release, the default value for `weights_only` will be flipped to `True`. This limits the functions that could be executed during unpickling. Arbitrary objects will no longer be allowed to be loaded via this mode unless they are explicitly allowlisted by the user via `torch.serialization.add_safe_globals`. We recommend you start setting `weights_only=True` for any use case where you don't have full control of the loaded file. Please open an issue on GitHub for any issues related to this experimental feature.
  self.embeddings = torch.load(path)
[I 2026-09-22 19:21:35,611] A new study created in memory with name: no-name-a1dcc012-98fc-45d4-b620-1ae2fc5355e5
mgm_heads:64, cap_heads:32
[2026-09-22 19:21:42,438] INFO - backbone=MMTabICL params=68.8M trainable=67.9M amp=torch.bfloat16 modality_tokens=no
[2026-09-22 19:21:42,475] DEBUG - 
    === Basic / Validation State ===
        	Early Stopping Metric: log_loss
        	Val Samples: 264 | Total Samples: 1318
        	Model #parameter: 68755586 (trainable: 67877898)
        	AMP dtype: torch.bfloat16

[2026-09-22 19:21:53,878] DEBUG - 
        === Learning HPs ===
            	Batch Size: 1
            	Lr: 1e-05 | Weight Decay: 0
            	Max Steps: 100
            	AdaptiveES: Adaptive Rate 0.2 | Min Patience 50 | Max Patience 100
            	Update Every N Steps: 1 | Validate Every N Steps: 1
        
[2026-09-22 19:22:05,798] DEBUG - Initial validation loss: 0.6698795832114869

[2026-09-22 19:23:02,182] INFO - Initial Validation Loss: 0.6698795832114869 Best Validation Loss: 0.2084198432972862 Total Steps: 101 Best Step: 75 Total Time Spent: 81.00160670280457
backbone=MMTabICL params=68.8M modality_tokens=no train_rows=1318 test_rows=378
accuracy_score (Finetuned): 0.7433862433862434
[2026-09-22 19:23:13,626] INFO - backbone=MMTabICL params=68.8M trainable=67.9M amp=torch.bfloat16 modality_tokens=no
[2026-09-22 19:23:13,627] DEBUG - 
    === Basic / Validation State ===
        	Early Stopping Metric: log_loss
        	Val Samples: 264 | Total Samples: 1318
        	Model #parameter: 68755586 (trainable: 67877898)
        	AMP dtype: torch.bfloat16

[2026-09-22 19:23:13,630] DEBUG - 
        === Learning HPs ===
            	Batch Size: 1
            	Lr: 1e-05 | Weight Decay: 0
            	Max Steps: 100
            	AdaptiveES: Adaptive Rate 0.2 | Min Patience 50 | Max Patience 100
            	Update Every N Steps: 1 | Validate Every N Steps: 1
        
[2026-09-22 19:23:14,719] DEBUG - Initial validation loss: 0.6698795832114869

[2026-09-22 19:24:11,059] INFO - Initial Validation Loss: 0.6698795832114869 Best Validation Loss: 0.2085355278397184 Total Steps: 101 Best Step: 89 Total Time Spent: 57.48900032043457
backbone=MMTabICL params=68.8M modality_tokens=no train_rows=1318 test_rows=378
accuracy_score (Finetuned): 0.746031746031746
[2026-09-22 19:24:22,045] INFO - backbone=MMTabICL params=68.8M trainable=67.9M amp=torch.bfloat16 modality_tokens=no
[2026-09-22 19:24:22,046] DEBUG - 
    === Basic / Validation State ===
        	Early Stopping Metric: log_loss
        	Val Samples: 264 | Total Samples: 1318
        	Model #parameter: 68755586 (trainable: 67877898)
        	AMP dtype: torch.bfloat16

[2026-09-22 19:24:22,050] DEBUG - 
        === Learning HPs ===
            	Batch Size: 1
            	Lr: 1e-05 | Weight Decay: 0
            	Max Steps: 100
            	AdaptiveES: Adaptive Rate 0.2 | Min Patience 50 | Max Patience 100
            	Update Every N Steps: 1 | Validate Every N Steps: 1
        
[2026-09-22 19:24:22,901] DEBUG - Initial validation loss: 0.6698795832114869

[2026-09-22 19:25:05,665] INFO - Initial Validation Loss: 0.6698795832114869 Best Validation Loss: 0.20647691137823043 Total Steps: 101 Best Step: 76 Total Time Spent: 43.69541025161743
backbone=MMTabICL params=68.8M modality_tokens=no train_rows=1318 test_rows=378
accuracy_score (Finetuned): 0.746031746031746
[2026-09-22 19:25:15,929] INFO - backbone=MMTabICL params=68.8M trainable=67.9M amp=torch.bfloat16 modality_tokens=no
[2026-09-22 19:25:15,931] DEBUG - 
    === Basic / Validation State ===
        	Early Stopping Metric: log_loss
        	Val Samples: 264 | Total Samples: 1318
        	Model #parameter: 68755586 (trainable: 67877898)
        	AMP dtype: torch.bfloat16

[2026-09-22 19:25:15,934] DEBUG - 
        === Learning HPs ===
            	Batch Size: 1
            	Lr: 1e-05 | Weight Decay: 0
            	Max Steps: 100
            	AdaptiveES: Adaptive Rate 0.2 | Min Patience 50 | Max Patience 100
            	Update Every N Steps: 1 | Validate Every N Steps: 1
        
[2026-09-22 19:25:16,710] DEBUG - Initial validation loss: 0.6698795832114869

[2026-09-22 19:26:02,422] INFO - Initial Validation Loss: 0.6698795832114869 Best Validation Loss: 0.20685976290227964 Total Steps: 101 Best Step: 85 Total Time Spent: 46.55578827857971
backbone=MMTabICL params=68.8M modality_tokens=no train_rows=1318 test_rows=378
accuracy_score (Finetuned): 0.7433862433862434
[2026-09-22 19:26:14,185] INFO - backbone=MMTabICL params=68.8M trainable=67.9M amp=torch.bfloat16 modality_tokens=no
[2026-09-22 19:26:14,187] DEBUG - 
    === Basic / Validation State ===
        	Early Stopping Metric: log_loss
        	Val Samples: 264 | Total Samples: 1318
        	Model #parameter: 68755586 (trainable: 67877898)
        	AMP dtype: torch.bfloat16

[2026-09-22 19:26:14,190] DEBUG - 
        === Learning HPs ===
            	Batch Size: 1
            	Lr: 1e-05 | Weight Decay: 0
            	Max Steps: 100
            	AdaptiveES: Adaptive Rate 0.2 | Min Patience 50 | Max Patience 100
            	Update Every N Steps: 1 | Validate Every N Steps: 1
        
[2026-09-22 19:26:15,305] DEBUG - Initial validation loss: 0.6698795832114869

[2026-09-22 19:26:58,495] INFO - Initial Validation Loss: 0.6698795832114869 Best Validation Loss: 0.20791860698638548 Total Steps: 101 Best Step: 68 Total Time Spent: 44.39816856384277
backbone=MMTabICL params=68.8M modality_tokens=no train_rows=1318 test_rows=378
accuracy_score (Finetuned): 0.7407407407407407
Mean Accuracy: 0.7439153439153439
Std Accuracy: 0.001979712903055016
[I 2026-09-22 19:27:05,121] Trial 0 finished with value: 0.7439153439153439 and parameters: {'mgm_heads': 64, 'cap_heads': 32}. Best is trial 0 with value: 0.7439153439153439.
Best parameters: {'mgm_heads': 64, 'cap_heads': 32}
Best value: 0.7439153439153439
